<!doctype html public "-//w3c//dtd html 4.0 transitional//en">
<html><head>
<title>Static Call Graph - [..\ObjFlash\STM32-FD-emWin.axf]</title></head>
<body><HR>
<H1>Static Call Graph for image ..\ObjFlash\STM32-FD-emWin.axf</H1><HR>
<BR><P>#&#060CALLGRAPH&#062# ARM Linker, RVCT4.0 [Build 524]: Last Updated: Sun Mar 30 22:45:57 2014
<BR><P>
<H3>Maximum Stack Usage =        728 bytes + Unknown(Functions without stacksize, Cycles, Untraceable Function Pointers)</H3><H3>
Call chain for Maximum Stack Depth:</H3>
_cbBk_PWM_CFG &rArr; InitDialog &rArr; FRAMEWIN_AddMinButton &rArr; FRAMEWIN_AddButton &rArr; BUTTON_CreateAsChild &rArr; BUTTON_CreateEx &rArr; BUTTON_CreateUser &rArr; WM_CreateWindowAsChild &rArr; WM_InvalidateWindow &rArr; WM_InvalidateRect &rArr; WM__InvalidateDrawAndDescs &rArr;  WM__InvalidateDrawAndDescs (Cycle)
<P>
<H3>
Functions with no stack information
</H3><UL>
 <LI><a href="#[6af52c]">Reset_Handler</a>
 <LI><a href="#[6af5a4]">__user_initial_stackheap</a>
 <LI><a href="#[2d97e70]">OS_CPU_SR_Save</a>
 <LI><a href="#[2d97eac]">OS_CPU_SR_Restore</a>
 <LI><a href="#[2dab500]">OSStartHighRdy</a>
 <LI><a href="#[2dab4c4]">OSCtxSw</a>
 <LI><a href="#[2dab488]">OSIntCtxSw</a>
 <LI><a href="#[6aefc8]">OSPendSV</a>
 <LI><a href="#[6a6bd4]">CPU_IntDis</a>
 <LI><a href="#[2dab230]">CPU_IntEn</a>
 <LI><a href="#[2dab1f4]">CPU_SR_Save</a>
 <LI><a href="#[2dab1b8]">CPU_SR_Restore</a>
 <LI><a href="#[6af7c0]">NMIException</a>
 <LI><a href="#[6af784]">HardFaultException</a>
 <LI><a href="#[6af748]">MemManageException</a>
 <LI><a href="#[6af70c]">BusFaultException</a>
 <LI><a href="#[6af6d0]">UsageFaultException</a>
 <LI><a href="#[6af694]">DebugMonitor</a>
 <LI><a href="#[6af658]">SVCHandler</a>
</UL>
</UL>
<P>
<H3>
Mutually Recursive functions
</H3> <LI><a href="#[3443000]">WM__InvalidateRect</a>&nbsp;&nbsp;&nbsp;&rArr;&nbsp;&nbsp;&nbsp;<a href="#[3443000]">WM__InvalidateRect</a><BR>
 <LI><a href="#[3443258]">WM_InvalidateWindowAndDescsEx</a>&nbsp;&nbsp;&nbsp;&rArr;&nbsp;&nbsp;&nbsp;<a href="#[3443258]">WM_InvalidateWindowAndDescsEx</a><BR>
 <LI><a href="#[3444a04]">_Findy1</a>&nbsp;&nbsp;&nbsp;&rArr;&nbsp;&nbsp;&nbsp;<a href="#[3444a04]">_Findy1</a><BR>
 <LI><a href="#[3444a7c]">_Findx1</a>&nbsp;&nbsp;&nbsp;&rArr;&nbsp;&nbsp;&nbsp;<a href="#[3444a7c]">_Findx1</a><BR>
 <LI><a href="#[3444af4]">_Findx0</a>&nbsp;&nbsp;&nbsp;&rArr;&nbsp;&nbsp;&nbsp;<a href="#[3444af4]">_Findx0</a><BR>
 <LI><a href="#[335bc50]">GUI_MEMDEV_Draw</a>&nbsp;&nbsp;&nbsp;&rArr;&nbsp;&nbsp;&nbsp;<a href="#[3009630]">GUI_MEMDEV_Delete</a><BR>
 <LI><a href="#[3443078]">WM__InvalidateDrawAndDescs</a>&nbsp;&nbsp;&nbsp;&rArr;&nbsp;&nbsp;&nbsp;<a href="#[3443078]">WM__InvalidateDrawAndDescs</a><BR>
 <LI><a href="#[33a2f4c]">WM__SendMessage</a>&nbsp;&nbsp;&nbsp;&rArr;&nbsp;&nbsp;&nbsp;<a href="#[6a6058]">WM_DefaultProc</a><BR>
 <LI><a href="#[3662c04]">WM__ForEachDesc</a>&nbsp;&nbsp;&nbsp;&rArr;&nbsp;&nbsp;&nbsp;<a href="#[3662c04]">WM__ForEachDesc</a><BR>
 <LI><a href="#[3488778]">WM_ResizeWindow</a>&nbsp;&nbsp;&nbsp;&rArr;&nbsp;&nbsp;&nbsp;<a href="#[34460fc]">WM__UpdateChildPositions</a><BR>
 <LI><a href="#[35e7dfc]">_MoveDescendents</a>&nbsp;&nbsp;&nbsp;&rArr;&nbsp;&nbsp;&nbsp;<a href="#[35e7dfc]">_MoveDescendents</a><BR>
 <LI><a href="#[3444c5c]">_DeleteAllChildren</a>&nbsp;&nbsp;&nbsp;&rArr;&nbsp;&nbsp;&nbsp;<a href="#[30090cc]">WM_DeleteWindow</a><BR>
 <LI><a href="#[3661908]">_Screen2hWin</a>&nbsp;&nbsp;&nbsp;&rArr;&nbsp;&nbsp;&nbsp;<a href="#[3661908]">_Screen2hWin</a><BR>
 <LI><a href="#[6af7c0]">NMIException</a>&nbsp;&nbsp;&nbsp;&rArr;&nbsp;&nbsp;&nbsp;<a href="#[6af7c0]">NMIException</a><BR>
 <LI><a href="#[6af784]">HardFaultException</a>&nbsp;&nbsp;&nbsp;&rArr;&nbsp;&nbsp;&nbsp;<a href="#[6af784]">HardFaultException</a><BR>
 <LI><a href="#[6af748]">MemManageException</a>&nbsp;&nbsp;&nbsp;&rArr;&nbsp;&nbsp;&nbsp;<a href="#[6af748]">MemManageException</a><BR>
 <LI><a href="#[6af70c]">BusFaultException</a>&nbsp;&nbsp;&nbsp;&rArr;&nbsp;&nbsp;&nbsp;<a href="#[6af70c]">BusFaultException</a><BR>
 <LI><a href="#[6af6d0]">UsageFaultException</a>&nbsp;&nbsp;&nbsp;&rArr;&nbsp;&nbsp;&nbsp;<a href="#[6af6d0]">UsageFaultException</a><BR>
 <LI><a href="#[6af694]">DebugMonitor</a>&nbsp;&nbsp;&nbsp;&rArr;&nbsp;&nbsp;&nbsp;<a href="#[6af694]">DebugMonitor</a><BR>
 <LI><a href="#[6af658]">SVCHandler</a>&nbsp;&nbsp;&nbsp;&rArr;&nbsp;&nbsp;&nbsp;<a href="#[6af658]">SVCHandler</a><BR>
 <LI><a href="#[3487a1c]">WM_InvalidateWindowAndDescs</a>&nbsp;&nbsp;&nbsp;&rArr;&nbsp;&nbsp;&nbsp;<a href="#[3487a1c]">WM_InvalidateWindowAndDescs</a><BR>
 <LI><a href="#[34447ac]">_PaintTransChildren</a>&nbsp;&nbsp;&nbsp;&rArr;&nbsp;&nbsp;&nbsp;<a href="#[34447ac]">_PaintTransChildren</a><BR>
 <LI><a href="#[3441494]">_GetDialogItem</a>&nbsp;&nbsp;&nbsp;&rArr;&nbsp;&nbsp;&nbsp;<a href="#[3441494]">_GetDialogItem</a><BR>
 <LI><a href="#[35e96d4]">_GetDialogItem</a>&nbsp;&nbsp;&nbsp;&rArr;&nbsp;&nbsp;&nbsp;<a href="#[35e96d4]">_GetDialogItem</a><BR>
</UL>
<P>
<H3>
Function Pointers
</H3><UL>
 <LI><a href="#[33abfe8]">_OnTouchDefault</a>
 <LI><a href="#[33aa56c]">_Paint</a>
 <LI><a href="#[33aa5e4]">_Create</a>
 <LI><a href="#[33a3294]">FRAMEWIN__GetBorderSize</a>
 <LI><a href="#[33ed9dc]">_GetBorderSize</a>
 <LI><a href="#[6a69f4]">FRAMEWIN_DrawSkinFlex</a>
 <LI><a href="#[33ed964]">_Paint</a>
 <LI><a href="#[33eda54]">_Create</a>
 <LI><a href="#[33e9800]">_Paint</a>
 <LI><a href="#[33e9878]">_Create</a>
 <LI><a href="#[33e0f98]">_Paint</a>
 <LI><a href="#[33e1010]">_Create</a>
 <LI><a href="#[344e658]">_Paint</a>
 <LI><a href="#[344e6d0]">_Create</a>
 <LI><a href="#[344c204]">_Paint</a>
 <LI><a href="#[344c27c]">_Create</a>
 <LI><a href="#[3483804]">_GetCursorPosX</a>
 <LI><a href="#[348387c]">_GetCursorPosChar</a>
 <LI><a href="#[34838f4]">_GetCursorCharacter</a>
 <LI><a href="#[347f0c4]">_Log2VisBuffered</a>
 <LI><a href="#[2d9e594]">GUI_X_ExecIdle</a>
 <LI><a href="#[359cf08]">_GetBorderSize</a>
 <LI><a href="#[6af52c]">Reset_Handler</a>
 <LI><a href="#[6af7c0]">NMIException</a>
 <LI><a href="#[6af784]">HardFaultException</a>
 <LI><a href="#[6af748]">MemManageException</a>
 <LI><a href="#[6af70c]">BusFaultException</a>
 <LI><a href="#[6af6d0]">UsageFaultException</a>
 <LI><a href="#[6af658]">SVCHandler</a>
 <LI><a href="#[6af694]">DebugMonitor</a>
 <LI><a href="#[6aefc8]">OSPendSV</a>
 <LI><a href="#[6aee24]">SysTickHandler</a>
 <LI><a href="#[6aeaa0]">WWDG_IRQHandler</a>
 <LI><a href="#[6aef8c]">PVD_IRQHandler</a>
 <LI><a href="#[6aede8]">TAMPER_IRQHandler</a>
 <LI><a href="#[6aeed8]">RTC_IRQHandler</a>
 <LI><a href="#[6af0f4]">FLASH_IRQHandler</a>
 <LI><a href="#[6aef50]">RCC_IRQHandler</a>
 <LI><a href="#[6af298]">EXTI0_IRQHandler</a>
 <LI><a href="#[6af220]">EXTI1_IRQHandler</a>
 <LI><a href="#[6af1e4]">EXTI2_IRQHandler</a>
 <LI><a href="#[6af1a8]">EXTI3_IRQHandler</a>
 <LI><a href="#[6af16c]">EXTI4_IRQHandler</a>
 <LI><a href="#[6af43c]">DMAChannel1_IRQHandler</a>
 <LI><a href="#[6af400]">DMAChannel2_IRQHandler</a>
 <LI><a href="#[6af3c4]">DMAChannel3_IRQHandler</a>
 <LI><a href="#[6af388]">DMAChannel4_IRQHandler</a>
 <LI><a href="#[6af34c]">DMAChannel5_IRQHandler</a>
 <LI><a href="#[6af310]">DMAChannel6_IRQHandler</a>
 <LI><a href="#[6af2d4]">DMAChannel7_IRQHandler</a>
 <LI><a href="#[6af4f0]">ADC_IRQHandler</a>
 <LI><a href="#[6aeb18]">USB_HP_CAN_TX_IRQHandler</a>
 <LI><a href="#[6aeadc]">USB_LP_CAN_RX0_IRQHandler</a>
 <LI><a href="#[6af4b4]">CAN_RX1_IRQHandler</a>
 <LI><a href="#[6af478]">CAN_SCE_IRQHandler</a>
 <LI><a href="#[6af130]">EXTI9_5_IRQHandler</a>
 <LI><a href="#[6aedac]">TIM1_BRK_IRQHandler</a>
 <LI><a href="#[6aecf8]">TIM1_UP_IRQHandler</a>
 <LI><a href="#[6aed34]">TIM1_TRG_COM_IRQHandler</a>
 <LI><a href="#[6aed70]">TIM1_CC_IRQHandler</a>
 <LI><a href="#[6aecbc]">TIM2_IRQHandler</a>
 <LI><a href="#[6aec80]">TIM3_IRQHandler</a>
 <LI><a href="#[6aec44]">TIM4_IRQHandler</a>
 <LI><a href="#[6af07c]">I2C1_EV_IRQHandler</a>
 <LI><a href="#[6af0b8]">I2C1_ER_IRQHandler</a>
 <LI><a href="#[6af004]">I2C2_EV_IRQHandler</a>
 <LI><a href="#[6af040]">I2C2_ER_IRQHandler</a>
 <LI><a href="#[6aee9c]">SPI1_IRQHandler</a>
 <LI><a href="#[6aee60]">SPI2_IRQHandler</a>
 <LI><a href="#[6aec08]">USART1_IRQHandler</a>
 <LI><a href="#[6aebcc]">USART2_IRQHandler</a>
 <LI><a href="#[6aeb90]">USART3_IRQHandler</a>
 <LI><a href="#[6af25c]">EXTI15_10_IRQHandler</a>
 <LI><a href="#[6aef14]">RTCAlarm_IRQHandler</a>
 <LI><a href="#[6aeb54]">USBWakeUp_IRQHandler</a>
 <LI><a href="#[3699260]">__main</a>
 <LI><a href="#[2dabb54]">OSTaskSwHook</a>
 <LI><a href="#[2d97f60]">OSIntExit</a>
 <LI><a href="#[3690b60]">__I$use$semihosting</a>
 <LI><a href="#[6ac7f0]">_cbBk</a>
 <LI><a href="#[6ac82c]">_FRAMEWIN_DrawSkinFlex</a>
 <LI><a href="#[6a62b0]">PROGBAR_DrawSkinFlex</a>
 <LI><a href="#[6a6cc4]">BUTTON_DrawSkinFlex</a>
 <LI><a href="#[6a6238]">SCROLLBAR_DrawSkinFlex</a>
 <LI><a href="#[6a6184]">SLIDER_DrawSkinFlex</a>
 <LI><a href="#[6a6544]">HEADER_DrawSkinFlex</a>
 <LI><a href="#[6ac7b4]">_cbBk_PWM_CFG</a>
 <LI><a href="#[6ac8e0]">AppTaskUserIF</a>
 <LI><a href="#[6ac91c]">AppTaskKbd</a>
 <LI><a href="#[31b7bf0]">BUTTON_Callback</a>
 <LI><a href="#[33abf70]">_OnTouchReactOnLevel</a>
 <LI><a href="#[33ac060]">_OnPidStateChange</a>
 <LI><a href="#[33a4c98]">EDIT_Callback</a>
 <LI><a href="#[33a2cf4]">_Draw</a>
 <LI><a href="#[33a2c7c]">_cbClose</a>
 <LI><a href="#[33a2718]">_Draw</a>
 <LI><a href="#[33a25b0]">_cbMax</a>
 <LI><a href="#[33a2010]">_Draw</a>
 <LI><a href="#[33a1ea8]">_cbMin</a>
 <LI><a href="#[33a34ec]">FRAMEWIN_Callback</a>
 <LI><a href="#[33a3ca8]">FRAMEWIN__cbClient</a>
 <LI><a href="#[335f328]">_SetPhysRAMAddr</a>
 <LI><a href="#[335f2b0]">_SetRect</a>
 <LI><a href="#[335f3a0]">_SetOrientation</a>
 <LI><a href="#[335f490]">_ReadPixel_16bpp_B8</a>
 <LI><a href="#[335f508]">_ReadPixel_16bpp_B16</a>
 <LI><a href="#[335f418]">_SetInterface</a>
 <LI><a href="#[335fd00]">_DrawBitmap</a>
 <LI><a href="#[335fc88]">_FillRect</a>
 <LI><a href="#[3360318]">GUIDRV_FlexColor__GetPixelIndexNoCache</a>
 <LI><a href="#[3360174]">GUIDRV_FlexColor__SetPixelIndexNoCache</a>
 <LI><a href="#[335fc10]">_ReadData</a>
 <LI><a href="#[335fb98]">_WriteData</a>
 <LI><a href="#[34e6c68]">_OnExit</a>
 <LI><a href="#[324f49c]">_OnExit</a>
 <LI><a href="#[3254e9c]">LCD_DrawVLine</a>
 <LI><a href="#[3254ed8]">LCD_DrawHLine</a>
 <LI><a href="#[3248d04]">LCD_Index2Color_8888</a>
 <LI><a href="#[329f900]">WM_HandlePID</a>
 <LI><a href="#[3250450]">_OnExit</a>
 <LI><a href="#[3248d04]">LCD_Index2Color_8888</a>
 <LI><a href="#[329813c]">LCD_Index2Color_888</a>
 <LI><a href="#[35e43a0]">_OnExit</a>
 <LI><a href="#[300d8c0]">LCD_WR_REG</a>
 <LI><a href="#[300d938]">LCD_WR_Data</a>
 <LI><a href="#[300d8fc]">LCD_WR_M_Data</a>
 <LI><a href="#[300d9ec]">LCD_RD_M_Data</a>
 <LI><a href="#[300d71c]">GUIDRV_FlexColor_SetMode16bppC0B16</a>
 <LI><a href="#[300d758]">GUIDRV_FlexColor_SetFunc66708</a>
 <LI><a href="#[2da7018]">OS_TaskIdle</a>
 <LI><a href="#[2da6fdc]">OS_TaskStat</a>
 <LI><a href="#[344de9c]">_DrawBackgroundV</a>
 <LI><a href="#[3004e3c]">GUI_DrawGradientH</a>
 <LI><a href="#[344dd34]">_DrawGraspV</a>
 <LI><a href="#[344df14]">_DrawBackgroundH</a>
 <LI><a href="#[3009888]">GUI_DrawGradientV</a>
 <LI><a href="#[344ddac]">_DrawGraspH</a>
 <LI><a href="#[344cc54]">SLIDER_Callback</a>
 <LI><a href="#[35eb894]">_cbInvalidateOne</a>
 <LI><a href="#[3444644]">cbBackWin</a>
 <LI><a href="#[3444914]">_OnExit</a>
 <LI><a href="#[34446bc]">_cbPaintMemDev</a>
 <LI><a href="#[344e748]">_CalcPositions</a>
 <LI><a href="#[359ca94]">FRAMEWIN_OwnerDraw</a>
 <LI><a href="#[36643b0]">_CalcPositions</a>
 <LI><a href="#[3361ce0]">_GetDevFunc_SetVSize</a>
 <LI><a href="#[3361d58]">_GetDevFunc_SetSize</a>
 <LI><a href="#[3361dd0]">_GetDevFunc_Init</a>
 <LI><a href="#[335c268]">GUI_MEMDEV__WriteToActiveAlpha</a>
 <LI><a href="#[335e374]">GUI_MEMDEV__WriteToActiveOpaque</a>
 <LI><a href="#[32544c4]">_OnExit</a>
 <LI><a href="#[3442da8]">GUI_MEMDEV_Paint1Static</a>
 <LI><a href="#[3442f10]">WM__Paint1</a>
 <LI><a href="#[335f238]">_SetReg_B16</a>
 <LI><a href="#[335f148]">_WritePara_B16</a>
 <LI><a href="#[335f1c0]">_SetReg_B8</a>
 <LI><a href="#[335f0d0]">_WritePara_B8</a>
 <LI><a href="#[6ac868]">App_TaskStart</a>
 <LI><a href="#[6a6a30]">FRAMEWIN_CreateIndirect</a>
 <LI><a href="#[6a6d00]">BUTTON_CreateIndirect</a>
 <LI><a href="#[6a6d00]">BUTTON_CreateIndirect</a>
 <LI><a href="#[6a6b5c]">EDIT_CreateIndirect</a>
 <LI><a href="#[6a6b5c]">EDIT_CreateIndirect</a>
 <LI><a href="#[6a6d00]">BUTTON_CreateIndirect</a>
 <LI><a href="#[6a6d00]">BUTTON_CreateIndirect</a>
 <LI><a href="#[6a6b5c]">EDIT_CreateIndirect</a>
 <LI><a href="#[6a6d00]">BUTTON_CreateIndirect</a>
 <LI><a href="#[6a6d00]">BUTTON_CreateIndirect</a>
 <LI><a href="#[6a6d00]">BUTTON_CreateIndirect</a>
 <LI><a href="#[6a6d00]">BUTTON_CreateIndirect</a>
 <LI><a href="#[6a6d00]">BUTTON_CreateIndirect</a>
 <LI><a href="#[6a6d00]">BUTTON_CreateIndirect</a>
 <LI><a href="#[6a6d00]">BUTTON_CreateIndirect</a>
 <LI><a href="#[6a6d00]">BUTTON_CreateIndirect</a>
 <LI><a href="#[6a6d00]">BUTTON_CreateIndirect</a>
 <LI><a href="#[6a6d00]">BUTTON_CreateIndirect</a>
 <LI><a href="#[6a6d00]">BUTTON_CreateIndirect</a>
 <LI><a href="#[6a6d00]">BUTTON_CreateIndirect</a>
 <LI><a href="#[6a61c0]">SLIDER_CreateIndirect</a>
 <LI><a href="#[6a6d00]">BUTTON_CreateIndirect</a>
 <LI><a href="#[31b09cc]">_Color2Index_565</a>
 <LI><a href="#[31b04e0]">LCD_Index2Color_565</a>
 <LI><a href="#[31b0954]">_GetIndexMask_565</a>
 <LI><a href="#[31b0a44]">_Color2IndexBulk</a>
 <LI><a href="#[31b08dc]">_Index2ColorBulk</a>
 <LI><a href="#[3254ed8]">LCD_DrawHLine</a>
 <LI><a href="#[324fa00]">LCD_DrawPixel</a>
 <LI><a href="#[329b9f4]">_DrawBitmap</a>
 <LI><a href="#[329b97c]">_DrawHLine</a>
 <LI><a href="#[329b904]">_DrawVLine</a>
 <LI><a href="#[329b88c]">_FillRect</a>
 <LI><a href="#[329b544]">_GetPixelIndex</a>
 <LI><a href="#[329b1fc]">_SetPixelIndex</a>
 <LI><a href="#[329af2c]">_XorPixel</a>
 <LI><a href="#[329b274]">_SetOrg</a>
 <LI><a href="#[329b634]">_GetDevFunc</a>
 <LI><a href="#[329b5bc]">_GetDevProp</a>
 <LI><a href="#[329b6ac]">_GetDevData</a>
 <LI><a href="#[329b4cc]">_GetRect</a>
 <LI><a href="#[3297ea8]">_Color2Index_8888</a>
 <LI><a href="#[3248d04]">LCD_Index2Color_8888</a>
 <LI><a href="#[3297e30]">_GetIndexMask_8888</a>
 <LI><a href="#[3297f20]">_Color2IndexBulk</a>
 <LI><a href="#[3297db8]">_Index2ColorBulk</a>
 <LI><a href="#[33620a0]">_DrawBitmap</a>
 <LI><a href="#[3362028]">_DrawHLine</a>
 <LI><a href="#[3361fb0]">_DrawVLine</a>
 <LI><a href="#[3361f38]">_FillRect</a>
 <LI><a href="#[3361bf0]">_GetPixelIndex</a>
 <LI><a href="#[3361308]">_SetPixelIndex</a>
 <LI><a href="#[3361290]">_XorPixel</a>
 <LI><a href="#[3361380]">_SetOrg</a>
 <LI><a href="#[3361e48]">_GetDevFunc</a>
 <LI><a href="#[3361c68]">_GetDevProp</a>
 <LI><a href="#[3361ec0]">_GetDevData</a>
 <LI><a href="#[3361b78]">_GetRect</a>
 <LI><a href="#[3361b00]">_Log2PhysX_X0Y0S0</a>
 <LI><a href="#[3361920]">_Log2PhysX_X1Y0S0</a>
 <LI><a href="#[3361a10]">_Log2PhysX_X0Y1S0</a>
 <LI><a href="#[3361830]">_Log2PhysX_X1Y1S0</a>
 <LI><a href="#[3361a88]">_Log2PhysX_X0Y0S1</a>
 <LI><a href="#[33618a8]">_Log2PhysX_X1Y0S1</a>
 <LI><a href="#[3361998]">_Log2PhysX_X0Y1S1</a>
 <LI><a href="#[33617b8]">_Log2PhysX_X1Y1S1</a>
 <LI><a href="#[3361740]">_Log2PhysY_X0Y0S0</a>
 <LI><a href="#[3361560]">_Log2PhysY_X1Y0S0</a>
 <LI><a href="#[3361650]">_Log2PhysY_X0Y1S0</a>
 <LI><a href="#[3361470]">_Log2PhysY_X1Y1S0</a>
 <LI><a href="#[33616c8]">_Log2PhysY_X0Y0S1</a>
 <LI><a href="#[33614e8]">_Log2PhysY_X1Y0S1</a>
 <LI><a href="#[33615d8]">_Log2PhysY_X0Y1S1</a>
 <LI><a href="#[33613f8]">_Log2PhysY_X1Y1S1</a>
 <LI><a href="#[335ce5c]">_DrawBitmap</a>
 <LI><a href="#[335cde4]">_DrawHLine</a>
 <LI><a href="#[335cd6c]">_DrawVLine</a>
 <LI><a href="#[335ccf4]">_FillRect</a>
 <LI><a href="#[335cb14]">_GetPixelIndex</a>
 <LI><a href="#[335c9ac]">_SetPixelIndex</a>
 <LI><a href="#[335c8bc]">_XorPixel</a>
 <LI><a href="#[335ca24]">_SetOrg</a>
 <LI><a href="#[335cc04]">_GetDevFunc</a>
 <LI><a href="#[335cb8c]">_GetDevProp</a>
 <LI><a href="#[335cc7c]">_GetDevData</a>
 <LI><a href="#[335ca9c]">_GetRect</a>
 <LI><a href="#[34e4a6c]">_GetCharCode</a>
 <LI><a href="#[34e49f4]">_GetCharSize</a>
 <LI><a href="#[34e4b5c]">_CalcSizeOfChar</a>
 <LI><a href="#[34e4ae4]">_Encode</a>
 <LI><a href="#[34e23fc]">_SetColor</a>
 <LI><a href="#[34e2474]">_SetBkColor</a>
 <LI><a href="#[34e2384]">_SetDrawMode</a>
 <LI><a href="#[34df51c]">GUIMONO_DispChar</a>
 <LI><a href="#[34df4e0]">GUIMONO_GetCharDistX</a>
 <LI><a href="#[34df4a4]">GUIMONO_GetFontInfo</a>
 <LI><a href="#[34df468]">GUIMONO_IsInFont</a>
 <LI><a href="#[309d88c]">GUIPROP_DispChar</a>
 <LI><a href="#[309d760]">GUIPROP_GetCharDistX</a>
 <LI><a href="#[309d724]">GUIPROP_GetFontInfo</a>
 <LI><a href="#[309d6e8]">GUIPROP_IsInFont</a>
 <LI><a href="#[309d88c]">GUIPROP_DispChar</a>
 <LI><a href="#[309d760]">GUIPROP_GetCharDistX</a>
 <LI><a href="#[309d724]">GUIPROP_GetFontInfo</a>
 <LI><a href="#[309d6e8]">GUIPROP_IsInFont</a>
 <LI><a href="#[356d634]">_DrawBitmap</a>
 <LI><a href="#[356d5bc]">_DrawHLine</a>
 <LI><a href="#[356d544]">_DrawVLine</a>
 <LI><a href="#[356d4cc]">_FillRect</a>
 <LI><a href="#[356d2ec]">_GetPixelIndex</a>
 <LI><a href="#[356d184]">_SetPixelIndex</a>
 <LI><a href="#[356d094]">_XorPixel</a>
 <LI><a href="#[356d1fc]">_SetOrg</a>
 <LI><a href="#[356d3dc]">_GetDevFunc</a>
 <LI><a href="#[356d364]">_GetDevProp</a>
 <LI><a href="#[356d454]">_GetDevData</a>
 <LI><a href="#[356d274]">_GetRect</a>
 <LI><a href="#[35699f8]">GUI_USAGE_BM_AddPixel</a>
 <LI><a href="#[3569a70]">GUI_USAGE_BM_AddHLine</a>
 <LI><a href="#[3569980]">GUI_USAGE_BM_Clear</a>
 <LI><a href="#[3569854]">_GUI_USAGE_BM_Delete</a>
 <LI><a href="#[35698cc]">GUI_USAGE_BM_GetNextDirty</a>
 <LI><a href="#[35a0838]">_Paint</a>
 <LI><a href="#[35a08b0]">_Create</a>
 <LI><a href="#[359ce90]">_Paint</a>
 <LI><a href="#[359cf80]">_Create</a>
 <LI><a href="#[3597e2c]">_Paint</a>
 <LI><a href="#[3597f1c]">_Create</a>
 <LI><a href="#[359521c]">_Paint</a>
 <LI><a href="#[3595294]">_Create</a>
 <LI><a href="#[359c9a4]">WIDGET_EFFECT_3D_DrawUp</a>
 <LI><a href="#[3593368]">_DrawUpRect</a>
 <LI><a href="#[3593458]">_DrawDown</a>
 <LI><a href="#[35933e0]">_DrawDownRect</a>
 <LI><a href="#[35e1808]">_Color2Index_0</a>
 <LI><a href="#[35e1718]">_Index2Color_0</a>
 <LI><a href="#[35e1790]">_GetIndexMask_0</a>
 <LI><a href="#[366a878]">_Draw</a>
 <LI><a href="#[366a800]">_GetXSize</a>
 <LI><a href="#[366a788]">_GetYSize</a>
 <LI><a href="#[366a0f8]">_Paint</a>
 <LI><a href="#[366a1e8]">_Create</a>
 <LI><a href="#[36642c0]">_Paint</a>
 <LI><a href="#[3664338]">_Create</a>
 <LI><a href="#[33abfe8]">_OnTouchDefault</a>
 <LI><a href="#[33aa56c]">_Paint</a>
 <LI><a href="#[33aa5e4]">_Create</a>
 <LI><a href="#[33a3294]">FRAMEWIN__GetBorderSize</a>
 <LI><a href="#[33ed9dc]">_GetBorderSize</a>
 <LI><a href="#[6a69f4]">FRAMEWIN_DrawSkinFlex</a>
 <LI><a href="#[33ed964]">_Paint</a>
 <LI><a href="#[33eda54]">_Create</a>
 <LI><a href="#[33e9800]">_Paint</a>
 <LI><a href="#[33e9878]">_Create</a>
 <LI><a href="#[33e0f98]">_Paint</a>
 <LI><a href="#[33e1010]">_Create</a>
 <LI><a href="#[344e658]">_Paint</a>
 <LI><a href="#[344e6d0]">_Create</a>
 <LI><a href="#[344c204]">_Paint</a>
 <LI><a href="#[344c27c]">_Create</a>
 <LI><a href="#[3483804]">_GetCursorPosX</a>
 <LI><a href="#[348387c]">_GetCursorPosChar</a>
 <LI><a href="#[34838f4]">_GetCursorCharacter</a>
 <LI><a href="#[347f0c4]">_Log2VisBuffered</a>
 <LI><a href="#[2d9e594]">GUI_X_ExecIdle</a>
 <LI><a href="#[359cf08]">_GetBorderSize</a>
</UL>
<P>
<H3>
Global Symbols
</H3>
<P><STRONG><a name="[6af52c]"></a>Reset_Handler</STRONG> (Thumb, 0 bytes, Stack size unknown bytes, stm32f10x_startup.o(RESET))
<BR>[Address Reference Count : 1]<UL><LI> stm32f10x_startup.o(RESET)
</UL>
<P><STRONG><a name="[3699260]"></a>__main</STRONG> (Thumb, 8 bytes, Stack size 0 bytes, __main.o(!!!main))
<BR><BR>[Calls]<UL><LI><a href="#[3696344]">&gt;&gt;</a>&nbsp;&nbsp;&nbsp;__rt_entry
<LI><a href="#[3785c08]">&gt;&gt;</a>&nbsp;&nbsp;&nbsp;__scatterload
</UL>

<P><STRONG><a name="[3785c08]"></a>__scatterload</STRONG> (Thumb, 0 bytes, Stack size unknown bytes, __scatter.o(!!!scatter))
<BR><BR>[Called By]<UL><LI><a href="#[3699260]">&gt;&gt;</a>&nbsp;&nbsp;&nbsp;__main
</UL>

<P><STRONG><a name="[3785bcc]"></a>__scatterload_rt2</STRONG> (Thumb, 44 bytes, Stack size unknown bytes, __scatter.o(!!!scatter), UNUSED)
<BR><BR>[Calls]<UL><LI><a href="#[3696344]">&gt;&gt;</a>&nbsp;&nbsp;&nbsp;__rt_entry
</UL>

<P><STRONG><a name="[3785b90]"></a>__scatterload_rt2_thumb_only</STRONG> (Thumb, 0 bytes, Stack size unknown bytes, __scatter.o(!!!scatter), UNUSED)

<P><STRONG><a name="[3785b54]"></a>__scatterload_null</STRONG> (Thumb, 0 bytes, Stack size unknown bytes, __scatter.o(!!!scatter), UNUSED)

<P><STRONG><a name="[3785d34]"></a>__decompress</STRONG> (Thumb, 90 bytes, Stack size unknown bytes, __dczerorl2.o(!!dczerorl2), UNUSED)

<P><STRONG><a name="[3785cf8]"></a>__decompress1</STRONG> (Thumb, 0 bytes, Stack size unknown bytes, __dczerorl2.o(!!dczerorl2), UNUSED)

<P><STRONG><a name="[37859b0]"></a>__scatterload_zeroinit</STRONG> (Thumb, 28 bytes, Stack size unknown bytes, __scatter_zi.o(!!handler_zi), UNUSED)

<P><STRONG><a name="[3691880]"></a>__rt_lib_init</STRONG> (Thumb, 0 bytes, Stack size unknown bytes, libinit.o(.ARM.Collect$$libinit$$00000000))
<BR><BR>[Called By]<UL><LI><a href="#[3692ec4]">&gt;&gt;</a>&nbsp;&nbsp;&nbsp;__rt_entry_li
</UL>

<P><STRONG><a name="[3694490]"></a>__rt_lib_init_alloca_1</STRONG> (Thumb, 0 bytes, Stack size unknown bytes, libinit2.o(.ARM.Collect$$libinit$$0000002A))

<P><STRONG><a name="[3694508]"></a>__rt_lib_init_argv_1</STRONG> (Thumb, 0 bytes, Stack size unknown bytes, libinit2.o(.ARM.Collect$$libinit$$00000028))

<P><STRONG><a name="[36948c8]"></a>__rt_lib_init_atexit_1</STRONG> (Thumb, 0 bytes, Stack size unknown bytes, libinit2.o(.ARM.Collect$$libinit$$00000017))

<P><STRONG><a name="[3694760]"></a>__rt_lib_init_clock_1</STRONG> (Thumb, 0 bytes, Stack size unknown bytes, libinit2.o(.ARM.Collect$$libinit$$0000001D))

<P><STRONG><a name="[36943a0]"></a>__rt_lib_init_cpp_1</STRONG> (Thumb, 0 bytes, Stack size unknown bytes, libinit2.o(.ARM.Collect$$libinit$$0000002E))

<P><STRONG><a name="[3694418]"></a>__rt_lib_init_exceptions_1</STRONG> (Thumb, 0 bytes, Stack size unknown bytes, libinit2.o(.ARM.Collect$$libinit$$0000002C))

<P><STRONG><a name="[36947d8]"></a>__rt_lib_init_fp_trap_1</STRONG> (Thumb, 0 bytes, Stack size unknown bytes, libinit2.o(.ARM.Collect$$libinit$$0000001B))

<P><STRONG><a name="[36946e8]"></a>__rt_lib_init_getenv_1</STRONG> (Thumb, 0 bytes, Stack size unknown bytes, libinit2.o(.ARM.Collect$$libinit$$0000001F))

<P><STRONG><a name="[3694cc4]"></a>__rt_lib_init_heap_1</STRONG> (Thumb, 0 bytes, Stack size unknown bytes, libinit2.o(.ARM.Collect$$libinit$$00000006))

<P><STRONG><a name="[3694b20]"></a>__rt_lib_init_lc_collate_1</STRONG> (Thumb, 0 bytes, Stack size unknown bytes, libinit2.o(.ARM.Collect$$libinit$$0000000D))

<P><STRONG><a name="[3694aa8]"></a>__rt_lib_init_lc_ctype_1</STRONG> (Thumb, 0 bytes, Stack size unknown bytes, libinit2.o(.ARM.Collect$$libinit$$0000000F))

<P><STRONG><a name="[3694a30]"></a>__rt_lib_init_lc_monetary_1</STRONG> (Thumb, 0 bytes, Stack size unknown bytes, libinit2.o(.ARM.Collect$$libinit$$00000011))

<P><STRONG><a name="[36949b8]"></a>__rt_lib_init_lc_numeric_1</STRONG> (Thumb, 0 bytes, Stack size unknown bytes, libinit2.o(.ARM.Collect$$libinit$$00000013))

<P><STRONG><a name="[3694940]"></a>__rt_lib_init_lc_time_1</STRONG> (Thumb, 0 bytes, Stack size unknown bytes, libinit2.o(.ARM.Collect$$libinit$$00000015))

<P><STRONG><a name="[3694bd4]"></a>__rt_lib_init_rand_1</STRONG> (Thumb, 0 bytes, Stack size unknown bytes, libinit2.o(.ARM.Collect$$libinit$$0000000A))

<P><STRONG><a name="[3694364]"></a>__rt_lib_init_return</STRONG> (Thumb, 0 bytes, Stack size unknown bytes, libinit2.o(.ARM.Collect$$libinit$$0000002F))

<P><STRONG><a name="[3694850]"></a>__rt_lib_init_signal_1</STRONG> (Thumb, 0 bytes, Stack size unknown bytes, libinit2.o(.ARM.Collect$$libinit$$00000019))

<P><STRONG><a name="[3694670]"></a>__rt_lib_init_stdio_1</STRONG> (Thumb, 0 bytes, Stack size unknown bytes, libinit2.o(.ARM.Collect$$libinit$$00000021))

<P><STRONG><a name="[3694c4c]"></a>__rt_lib_init_user_alloc_1</STRONG> (Thumb, 0 bytes, Stack size unknown bytes, libinit2.o(.ARM.Collect$$libinit$$00000008))

<P><STRONG><a name="[368ffe4]"></a>__rt_lib_shutdown</STRONG> (Thumb, 0 bytes, Stack size unknown bytes, libshutdown.o(.ARM.Collect$$libshutdown$$00000000))
<BR><BR>[Called By]<UL><LI><a href="#[3690944]">&gt;&gt;</a>&nbsp;&nbsp;&nbsp;__rt_exit_ls
</UL>

<P><STRONG><a name="[368f120]"></a>__rt_lib_shutdown_fp_trap_1</STRONG> (Thumb, 0 bytes, Stack size unknown bytes, libshutdown2.o(.ARM.Collect$$libshutdown$$00000006))

<P><STRONG><a name="[37869a0]"></a>__rt_lib_shutdown_heap_1</STRONG> (Thumb, 0 bytes, Stack size unknown bytes, libshutdown2.o(.ARM.Collect$$libshutdown$$0000000E))

<P><STRONG><a name="[3786964]"></a>__rt_lib_shutdown_return</STRONG> (Thumb, 0 bytes, Stack size unknown bytes, libshutdown2.o(.ARM.Collect$$libshutdown$$0000000F))

<P><STRONG><a name="[368f06c]"></a>__rt_lib_shutdown_signal_1</STRONG> (Thumb, 0 bytes, Stack size unknown bytes, libshutdown2.o(.ARM.Collect$$libshutdown$$00000009))

<P><STRONG><a name="[368f1d4]"></a>__rt_lib_shutdown_stdio_1</STRONG> (Thumb, 0 bytes, Stack size unknown bytes, libshutdown2.o(.ARM.Collect$$libshutdown$$00000003))

<P><STRONG><a name="[3786a54]"></a>__rt_lib_shutdown_user_alloc_1</STRONG> (Thumb, 0 bytes, Stack size unknown bytes, libshutdown2.o(.ARM.Collect$$libshutdown$$0000000B))

<P><STRONG><a name="[3696344]"></a>__rt_entry</STRONG> (Thumb, 0 bytes, Stack size unknown bytes, rtentry.o(.ARM.Collect$$rtentry$$00000000))
<BR><BR>[Called By]<UL><LI><a href="#[3699260]">&gt;&gt;</a>&nbsp;&nbsp;&nbsp;__main
<LI><a href="#[3785bcc]">&gt;&gt;</a>&nbsp;&nbsp;&nbsp;__scatterload_rt2
</UL>

<P><STRONG><a name="[3692f78]"></a>__rt_entry_presh_1</STRONG> (Thumb, 0 bytes, Stack size unknown bytes, rtentry2.o(.ARM.Collect$$rtentry$$00000002))

<P><STRONG><a name="[3692bf4]"></a>__rt_entry_sh</STRONG> (Thumb, 0 bytes, Stack size unknown bytes, rtentry4.o(.ARM.Collect$$rtentry$$00000004))
<BR><BR>[Stack]<UL><LI>Max Depth = 8 + Unknown Stack Size
<LI>Call Chain = __rt_entry_sh &rArr; __user_setup_stackheap
</UL>
<BR>[Calls]<UL><LI><a href="#[36920f0]">&gt;&gt;</a>&nbsp;&nbsp;&nbsp;__user_setup_stackheap
</UL>

<P><STRONG><a name="[3692ec4]"></a>__rt_entry_li</STRONG> (Thumb, 0 bytes, Stack size unknown bytes, rtentry2.o(.ARM.Collect$$rtentry$$0000000A))
<BR><BR>[Calls]<UL><LI><a href="#[3691880]">&gt;&gt;</a>&nbsp;&nbsp;&nbsp;__rt_lib_init
</UL>

<P><STRONG><a name="[3692f00]"></a>__rt_entry_postsh_1</STRONG> (Thumb, 0 bytes, Stack size unknown bytes, rtentry2.o(.ARM.Collect$$rtentry$$00000009))

<P><STRONG><a name="[3692e10]"></a>__rt_entry_main</STRONG> (Thumb, 0 bytes, Stack size unknown bytes, rtentry2.o(.ARM.Collect$$rtentry$$0000000D))
<BR><BR>[Stack]<UL><LI>Max Depth = 160 + Unknown Stack Size
<LI>Call Chain = __rt_entry_main &rArr; main &rArr; BSP_Init &rArr; FSMC_LCD_Init &rArr; GPIO_Init
</UL>
<BR>[Calls]<UL><LI><a href="#[6a6db4]">&gt;&gt;</a>&nbsp;&nbsp;&nbsp;main
<LI><a href="#[3691f88]">&gt;&gt;</a>&nbsp;&nbsp;&nbsp;exit
</UL>

<P><STRONG><a name="[3692e4c]"></a>__rt_entry_postli_1</STRONG> (Thumb, 0 bytes, Stack size unknown bytes, rtentry2.o(.ARM.Collect$$rtentry$$0000000C))

<P><STRONG><a name="[36911f0]"></a>__rt_exit</STRONG> (Thumb, 0 bytes, Stack size unknown bytes, rtexit.o(.ARM.Collect$$rtexit$$00000000))
<BR><BR>[Called By]<UL><LI><a href="#[3691f88]">&gt;&gt;</a>&nbsp;&nbsp;&nbsp;exit
</UL>

<P><STRONG><a name="[3690944]"></a>__rt_exit_ls</STRONG> (Thumb, 0 bytes, Stack size unknown bytes, rtexit2.o(.ARM.Collect$$rtexit$$00000003))
<BR><BR>[Calls]<UL><LI><a href="#[368ffe4]">&gt;&gt;</a>&nbsp;&nbsp;&nbsp;__rt_lib_shutdown
</UL>

<P><STRONG><a name="[3690980]"></a>__rt_exit_prels_1</STRONG> (Thumb, 0 bytes, Stack size unknown bytes, rtexit2.o(.ARM.Collect$$rtexit$$00000002))

<P><STRONG><a name="[3690908]"></a>__rt_exit_exit</STRONG> (Thumb, 0 bytes, Stack size unknown bytes, rtexit2.o(.ARM.Collect$$rtexit$$00000004))
<BR><BR>[Calls]<UL><LI><a href="#[369041c]">&gt;&gt;</a>&nbsp;&nbsp;&nbsp;_sys_exit
</UL>

<P><STRONG><a name="[6af5a4]"></a>__user_initial_stackheap</STRONG> (Thumb, 0 bytes, Stack size unknown bytes, stm32f10x_startup.o(.text))
<BR><BR>[Called By]<UL><LI><a href="#[36920f0]">&gt;&gt;</a>&nbsp;&nbsp;&nbsp;__user_setup_stackheap
</UL>

<P><STRONG><a name="[2d97e70]"></a>OS_CPU_SR_Save</STRONG> (Thumb, 0 bytes, Stack size unknown bytes, os_cpu_a.o(.text))
<BR><BR>[Called By]<UL><LI><a href="#[6a6328]">&gt;&gt;</a>&nbsp;&nbsp;&nbsp;OSTimeSet
<LI><a href="#[6a63a0]">&gt;&gt;</a>&nbsp;&nbsp;&nbsp;OSTaskCreateExt
<LI><a href="#[6a63dc]">&gt;&gt;</a>&nbsp;&nbsp;&nbsp;OSTaskCreate
<LI><a href="#[6a6418]">&gt;&gt;</a>&nbsp;&nbsp;&nbsp;OSStatInit
<LI><a href="#[6a6490]">&gt;&gt;</a>&nbsp;&nbsp;&nbsp;OSSemCreate
<LI><a href="#[6aee24]">&gt;&gt;</a>&nbsp;&nbsp;&nbsp;SysTickHandler
<LI><a href="#[2d97ee8]">&gt;&gt;</a>&nbsp;&nbsp;&nbsp;OSTimeTick
<LI><a href="#[2d97f60]">&gt;&gt;</a>&nbsp;&nbsp;&nbsp;OSIntExit
<LI><a href="#[2da15a0]">&gt;&gt;</a>&nbsp;&nbsp;&nbsp;OSTimeGet
<LI><a href="#[2da3418]">&gt;&gt;</a>&nbsp;&nbsp;&nbsp;OSSemPost
<LI><a href="#[2da3490]">&gt;&gt;</a>&nbsp;&nbsp;&nbsp;OSSemPend
<LI><a href="#[2da496c]">&gt;&gt;</a>&nbsp;&nbsp;&nbsp;OSMboxCreate
<LI><a href="#[2da6eec]">&gt;&gt;</a>&nbsp;&nbsp;&nbsp;OSTimeDly
<LI><a href="#[2da6f28]">&gt;&gt;</a>&nbsp;&nbsp;&nbsp;OSTaskStkChk
<LI><a href="#[2da6f64]">&gt;&gt;</a>&nbsp;&nbsp;&nbsp;OSTaskNameSet
<LI><a href="#[2da6fdc]">&gt;&gt;</a>&nbsp;&nbsp;&nbsp;OS_TaskStat
<LI><a href="#[2da7018]">&gt;&gt;</a>&nbsp;&nbsp;&nbsp;OS_TaskIdle
<LI><a href="#[2da7054]">&gt;&gt;</a>&nbsp;&nbsp;&nbsp;OS_TCBInit
<LI><a href="#[2da7108]">&gt;&gt;</a>&nbsp;&nbsp;&nbsp;OS_Sched
</UL>

<P><STRONG><a name="[2d97eac]"></a>OS_CPU_SR_Restore</STRONG> (Thumb, 0 bytes, Stack size unknown bytes, os_cpu_a.o(.text))
<BR><BR>[Called By]<UL><LI><a href="#[6a6328]">&gt;&gt;</a>&nbsp;&nbsp;&nbsp;OSTimeSet
<LI><a href="#[6a63a0]">&gt;&gt;</a>&nbsp;&nbsp;&nbsp;OSTaskCreateExt
<LI><a href="#[6a63dc]">&gt;&gt;</a>&nbsp;&nbsp;&nbsp;OSTaskCreate
<LI><a href="#[6a6418]">&gt;&gt;</a>&nbsp;&nbsp;&nbsp;OSStatInit
<LI><a href="#[6a6490]">&gt;&gt;</a>&nbsp;&nbsp;&nbsp;OSSemCreate
<LI><a href="#[6aee24]">&gt;&gt;</a>&nbsp;&nbsp;&nbsp;SysTickHandler
<LI><a href="#[2d97ee8]">&gt;&gt;</a>&nbsp;&nbsp;&nbsp;OSTimeTick
<LI><a href="#[2d97f60]">&gt;&gt;</a>&nbsp;&nbsp;&nbsp;OSIntExit
<LI><a href="#[2da15a0]">&gt;&gt;</a>&nbsp;&nbsp;&nbsp;OSTimeGet
<LI><a href="#[2da3418]">&gt;&gt;</a>&nbsp;&nbsp;&nbsp;OSSemPost
<LI><a href="#[2da3490]">&gt;&gt;</a>&nbsp;&nbsp;&nbsp;OSSemPend
<LI><a href="#[2da496c]">&gt;&gt;</a>&nbsp;&nbsp;&nbsp;OSMboxCreate
<LI><a href="#[2da6eec]">&gt;&gt;</a>&nbsp;&nbsp;&nbsp;OSTimeDly
<LI><a href="#[2da6f28]">&gt;&gt;</a>&nbsp;&nbsp;&nbsp;OSTaskStkChk
<LI><a href="#[2da6f64]">&gt;&gt;</a>&nbsp;&nbsp;&nbsp;OSTaskNameSet
<LI><a href="#[2da6fdc]">&gt;&gt;</a>&nbsp;&nbsp;&nbsp;OS_TaskStat
<LI><a href="#[2da7018]">&gt;&gt;</a>&nbsp;&nbsp;&nbsp;OS_TaskIdle
<LI><a href="#[2da7054]">&gt;&gt;</a>&nbsp;&nbsp;&nbsp;OS_TCBInit
<LI><a href="#[2da7108]">&gt;&gt;</a>&nbsp;&nbsp;&nbsp;OS_Sched
</UL>

<P><STRONG><a name="[2dab500]"></a>OSStartHighRdy</STRONG> (Thumb, 0 bytes, Stack size unknown bytes, os_cpu_a.o(.text))
<BR><BR>[Called By]<UL><LI><a href="#[6a6454]">&gt;&gt;</a>&nbsp;&nbsp;&nbsp;OSStart
</UL>

<P><STRONG><a name="[2dab4c4]"></a>OSCtxSw</STRONG> (Thumb, 0 bytes, Stack size unknown bytes, os_cpu_a.o(.text))
<BR><BR>[Called By]<UL><LI><a href="#[2da7108]">&gt;&gt;</a>&nbsp;&nbsp;&nbsp;OS_Sched
</UL>

<P><STRONG><a name="[2dab488]"></a>OSIntCtxSw</STRONG> (Thumb, 0 bytes, Stack size unknown bytes, os_cpu_a.o(.text))
<BR><BR>[Called By]<UL><LI><a href="#[2d97f60]">&gt;&gt;</a>&nbsp;&nbsp;&nbsp;OSIntExit
</UL>

<P><STRONG><a name="[6aefc8]"></a>OSPendSV</STRONG> (Thumb, 0 bytes, Stack size unknown bytes, os_cpu_a.o(.text))
<BR>[Address Reference Count : 1]<UL><LI> stm32f10x_startup.o(RESET)
</UL>
<P><STRONG><a name="[6a6bd4]"></a>CPU_IntDis</STRONG> (Thumb, 0 bytes, Stack size unknown bytes, cpu_a.o(.text))
<BR><BR>[Called By]<UL><LI><a href="#[6a6db4]">&gt;&gt;</a>&nbsp;&nbsp;&nbsp;main
</UL>

<P><STRONG><a name="[2dab230]"></a>CPU_IntEn</STRONG> (Thumb, 0 bytes, Stack size unknown bytes, cpu_a.o(.text), UNUSED)

<P><STRONG><a name="[2dab1f4]"></a>CPU_SR_Save</STRONG> (Thumb, 0 bytes, Stack size unknown bytes, cpu_a.o(.text), UNUSED)

<P><STRONG><a name="[2dab1b8]"></a>CPU_SR_Restore</STRONG> (Thumb, 0 bytes, Stack size unknown bytes, cpu_a.o(.text), UNUSED)

<P><STRONG><a name="[3699f08]"></a>memcmp</STRONG> (Thumb, 78 bytes, Stack size 8 bytes, memcmp.o(.text))
<BR><BR>[Stack]<UL><LI>Max Depth = 8<LI>Call Chain = memcmp
</UL>
<BR>[Called By]<UL><LI><a href="#[35e1a9c]">&gt;&gt;</a>&nbsp;&nbsp;&nbsp;GUI_TOUCH_StoreStateEx
</UL>

<P><STRONG><a name="[3699e18]"></a>strcpy</STRONG> (Thumb, 74 bytes, Stack size 12 bytes, strcpy.o(.text))
<BR><BR>[Stack]<UL><LI>Max Depth = 12<LI>Call Chain = strcpy
</UL>
<BR>[Called By]<UL><LI><a href="#[33a579c]">&gt;&gt;</a>&nbsp;&nbsp;&nbsp;_DeleteChar
<LI><a href="#[33ab64c]">&gt;&gt;</a>&nbsp;&nbsp;&nbsp;GUI__SetText
</UL>

<P><STRONG><a name="[3699d28]"></a>strlen</STRONG> (Thumb, 62 bytes, Stack size 8 bytes, strlen.o(.text))
<BR><BR>[Stack]<UL><LI>Max Depth = 8<LI>Call Chain = strlen
</UL>
<BR>[Called By]<UL><LI><a href="#[33a5634]">&gt;&gt;</a>&nbsp;&nbsp;&nbsp;_IsSpaceInBuffer
<LI><a href="#[33a56ac]">&gt;&gt;</a>&nbsp;&nbsp;&nbsp;_InsertChar
<LI><a href="#[33a579c]">&gt;&gt;</a>&nbsp;&nbsp;&nbsp;_DeleteChar
</UL>

<P><STRONG><a name="[3699c38]"></a>__aeabi_memcpy</STRONG> (Thumb, 0 bytes, Stack size 0 bytes, rt_memcpy_v6.o(.text))
<BR><BR>[Called By]<UL><LI><a href="#[335ce5c]">&gt;&gt;</a>&nbsp;&nbsp;&nbsp;_DrawBitmap
<LI><a href="#[33a4914]">&gt;&gt;</a>&nbsp;&nbsp;&nbsp;GUI_ALLOC_Realloc
<LI><a href="#[33a5814]">&gt;&gt;</a>&nbsp;&nbsp;&nbsp;_ChangeCharacter
<LI><a href="#[33ab64c]">&gt;&gt;</a>&nbsp;&nbsp;&nbsp;GUI__SetText
<LI><a href="#[356d634]">&gt;&gt;</a>&nbsp;&nbsp;&nbsp;_DrawBitmap
<LI><a href="#[3699a94]">&gt;&gt;</a>&nbsp;&nbsp;&nbsp;__rt_memmove
</UL>

<P><STRONG><a name="[3699bfc]"></a>__rt_memcpy</STRONG> (Thumb, 140 bytes, Stack size 0 bytes, rt_memcpy_v6.o(.text), UNUSED)
<BR><BR>[Calls]<UL><LI><a href="#[3699800]">&gt;&gt;</a>&nbsp;&nbsp;&nbsp;__aeabi_memcpy4
</UL>

<P><STRONG><a name="[3699bc0]"></a>_memcpy_lastbytes</STRONG> (Thumb, 0 bytes, Stack size unknown bytes, rt_memcpy_v6.o(.text), UNUSED)

<P><STRONG><a name="[3699ad0]"></a>__aeabi_memmove</STRONG> (Thumb, 0 bytes, Stack size 0 bytes, rt_memmove_v6.o(.text))
<BR><BR>[Called By]<UL><LI><a href="#[32543d4]">&gt;&gt;</a>&nbsp;&nbsp;&nbsp;_RemoveHoles
<LI><a href="#[33a56ac]">&gt;&gt;</a>&nbsp;&nbsp;&nbsp;_InsertChar
</UL>

<P><STRONG><a name="[3699a94]"></a>__rt_memmove</STRONG> (Thumb, 122 bytes, Stack size 0 bytes, rt_memmove_v6.o(.text), UNUSED)
<BR><BR>[Calls]<UL><LI><a href="#[3699c38]">&gt;&gt;</a>&nbsp;&nbsp;&nbsp;__aeabi_memcpy
</UL>

<P><STRONG><a name="[3699a58]"></a>__memmove_lastfew</STRONG> (Thumb, 0 bytes, Stack size unknown bytes, rt_memmove_v6.o(.text), UNUSED)

<P><STRONG><a name="[369992c]"></a>__aeabi_memset</STRONG> (Thumb, 16 bytes, Stack size 0 bytes, aeabi_memset.o(.text))
<BR><BR>[Calls]<UL><LI><a href="#[3695a98]">&gt;&gt;</a>&nbsp;&nbsp;&nbsp;_memset
</UL>
<BR>[Called By]<UL><LI><a href="#[3569a70]">&gt;&gt;</a>&nbsp;&nbsp;&nbsp;GUI_USAGE_BM_AddHLine
</UL>

<P><STRONG><a name="[3699800]"></a>__aeabi_memcpy4</STRONG> (Thumb, 0 bytes, Stack size 8 bytes, rt_memcpy_w.o(.text))
<BR><BR>[Stack]<UL><LI>Max Depth = 8<LI>Call Chain = __aeabi_memcpy4
</UL>
<BR>[Called By]<UL><LI><a href="#[6a6940]">&gt;&gt;</a>&nbsp;&nbsp;&nbsp;FRAMEWIN_SetSkinFlexProps
<LI><a href="#[6a69b8]">&gt;&gt;</a>&nbsp;&nbsp;&nbsp;FRAMEWIN_GetSkinFlexProps
<LI><a href="#[2da09ac]">&gt;&gt;</a>&nbsp;&nbsp;&nbsp;GUI_TOUCH_X_MeasureY
<LI><a href="#[2da09e8]">&gt;&gt;</a>&nbsp;&nbsp;&nbsp;GUI_TOUCH_X_MeasureX
<LI><a href="#[300d794]">&gt;&gt;</a>&nbsp;&nbsp;&nbsp;GUIDRV_FlexColor_SetFunc
<LI><a href="#[300d7d0]">&gt;&gt;</a>&nbsp;&nbsp;&nbsp;GUIDRV_FlexColor_Config
<LI><a href="#[31b3b7c]">&gt;&gt;</a>&nbsp;&nbsp;&nbsp;GUI_Lock
<LI><a href="#[324faf0]">&gt;&gt;</a>&nbsp;&nbsp;&nbsp;GUITASK_CopyContext
<LI><a href="#[335cf4c]">&gt;&gt;</a>&nbsp;&nbsp;&nbsp;_DrawBitLine32BPP_DDB
<LI><a href="#[33a3474]">&gt;&gt;</a>&nbsp;&nbsp;&nbsp;FRAMEWIN_CreateUser
<LI><a href="#[33a4c20]">&gt;&gt;</a>&nbsp;&nbsp;&nbsp;EDIT_CreateUser
<LI><a href="#[33ab868]">&gt;&gt;</a>&nbsp;&nbsp;&nbsp;BUTTON_CreateUser
<LI><a href="#[344579c]">&gt;&gt;</a>&nbsp;&nbsp;&nbsp;GUI_SaveContext_W
<LI><a href="#[34457d8]">&gt;&gt;</a>&nbsp;&nbsp;&nbsp;GUI_RestoreContext
<LI><a href="#[344cbdc]">&gt;&gt;</a>&nbsp;&nbsp;&nbsp;SLIDER_CreateUser
<LI><a href="#[36958f4]">&gt;&gt;</a>&nbsp;&nbsp;&nbsp;__rt_memmove_w
<LI><a href="#[3699bfc]">&gt;&gt;</a>&nbsp;&nbsp;&nbsp;__rt_memcpy
</UL>

<P><STRONG><a name="[36997c4]"></a>__aeabi_memcpy8</STRONG> (Thumb, 0 bytes, Stack size 8 bytes, rt_memcpy_w.o(.text), UNUSED)

<P><STRONG><a name="[3699788]"></a>__rt_memcpy_w</STRONG> (Thumb, 100 bytes, Stack size 8 bytes, rt_memcpy_w.o(.text), UNUSED)

<P><STRONG><a name="[369974c]"></a>_memcpy_lastbytes_aligned</STRONG> (Thumb, 0 bytes, Stack size unknown bytes, rt_memcpy_w.o(.text), UNUSED)

<P><STRONG><a name="[369965c]"></a>__aeabi_memclr4</STRONG> (Thumb, 0 bytes, Stack size 4 bytes, rt_memclr_w.o(.text))
<BR><BR>[Stack]<UL><LI>Max Depth = 4<LI>Call Chain = __aeabi_memclr4
</UL>
<BR>[Called By]<UL><LI><a href="#[300d884]">&gt;&gt;</a>&nbsp;&nbsp;&nbsp;LCD_X_Config
<LI><a href="#[329b88c]">&gt;&gt;</a>&nbsp;&nbsp;&nbsp;_FillRect
<LI><a href="#[329b904]">&gt;&gt;</a>&nbsp;&nbsp;&nbsp;_DrawVLine
<LI><a href="#[329b97c]">&gt;&gt;</a>&nbsp;&nbsp;&nbsp;_DrawHLine
<LI><a href="#[329b9f4]">&gt;&gt;</a>&nbsp;&nbsp;&nbsp;_DrawBitmap
<LI><a href="#[33aa5e4]">&gt;&gt;</a>&nbsp;&nbsp;&nbsp;_Create
<LI><a href="#[3569980]">&gt;&gt;</a>&nbsp;&nbsp;&nbsp;GUI_USAGE_BM_Clear
</UL>

<P><STRONG><a name="[3699620]"></a>__aeabi_memclr8</STRONG> (Thumb, 0 bytes, Stack size 4 bytes, rt_memclr_w.o(.text), UNUSED)

<P><STRONG><a name="[36995e4]"></a>__rt_memclr_w</STRONG> (Thumb, 78 bytes, Stack size 4 bytes, rt_memclr_w.o(.text), UNUSED)

<P><STRONG><a name="[36995a8]"></a>_memset_w</STRONG> (Thumb, 0 bytes, Stack size unknown bytes, rt_memclr_w.o(.text), UNUSED)
<BR><BR>[Called By]<UL><LI><a href="#[3695ad4]">&gt;&gt;</a>&nbsp;&nbsp;&nbsp;__rt_memclr
</UL>

<P><STRONG><a name="[36993c8]"></a>__use_two_region_memory</STRONG> (Thumb, 2 bytes, Stack size 0 bytes, heapauxi.o(.text), UNUSED)

<P><STRONG><a name="[369938c]"></a>__rt_heap_escrow$2region</STRONG> (Thumb, 2 bytes, Stack size 0 bytes, heapauxi.o(.text), UNUSED)

<P><STRONG><a name="[3699350]"></a>__rt_heap_expand$2region</STRONG> (Thumb, 2 bytes, Stack size 0 bytes, heapauxi.o(.text), UNUSED)

<P><STRONG><a name="[3695b10]"></a>__aeabi_memclr</STRONG> (Thumb, 0 bytes, Stack size 0 bytes, rt_memclr.o(.text), UNUSED)

<P><STRONG><a name="[3695ad4]"></a>__rt_memclr</STRONG> (Thumb, 68 bytes, Stack size 0 bytes, rt_memclr.o(.text), UNUSED)
<BR><BR>[Calls]<UL><LI><a href="#[36995a8]">&gt;&gt;</a>&nbsp;&nbsp;&nbsp;_memset_w
</UL>

<P><STRONG><a name="[3695a98]"></a>_memset</STRONG> (Thumb, 0 bytes, Stack size unknown bytes, rt_memclr.o(.text))
<BR><BR>[Called By]<UL><LI><a href="#[369992c]">&gt;&gt;</a>&nbsp;&nbsp;&nbsp;__aeabi_memset
</UL>

<P><STRONG><a name="[369596c]"></a>__aeabi_memmove4</STRONG> (Thumb, 0 bytes, Stack size 8 bytes, rt_memmove_w.o(.text), UNUSED)

<P><STRONG><a name="[3695930]"></a>__aeabi_memmove8</STRONG> (Thumb, 0 bytes, Stack size 8 bytes, rt_memmove_w.o(.text), UNUSED)

<P><STRONG><a name="[36958f4]"></a>__rt_memmove_w</STRONG> (Thumb, 122 bytes, Stack size 8 bytes, rt_memmove_w.o(.text), UNUSED)
<BR><BR>[Calls]<UL><LI><a href="#[3699800]">&gt;&gt;</a>&nbsp;&nbsp;&nbsp;__aeabi_memcpy4
</UL>

<P><STRONG><a name="[36958b8]"></a>__memmove_aligned</STRONG> (Thumb, 0 bytes, Stack size unknown bytes, rt_memmove_w.o(.text), UNUSED)

<P><STRONG><a name="[369587c]"></a>__memmove_lastfew_aligned</STRONG> (Thumb, 0 bytes, Stack size unknown bytes, rt_memmove_w.o(.text), UNUSED)

<P><STRONG><a name="[3692258]"></a>__user_libspace</STRONG> (Thumb, 8 bytes, Stack size 0 bytes, libspace.o(.text), UNUSED)

<P><STRONG><a name="[369221c]"></a>__user_perproc_libspace</STRONG> (Thumb, 0 bytes, Stack size 0 bytes, libspace.o(.text))
<BR><BR>[Called By]<UL><LI><a href="#[36920f0]">&gt;&gt;</a>&nbsp;&nbsp;&nbsp;__user_setup_stackheap
</UL>

<P><STRONG><a name="[36921e0]"></a>__user_perthread_libspace</STRONG> (Thumb, 0 bytes, Stack size 0 bytes, libspace.o(.text), UNUSED)

<P><STRONG><a name="[36920f0]"></a>__user_setup_stackheap</STRONG> (Thumb, 74 bytes, Stack size 8 bytes, sys_stackheap_outer.o(.text))
<BR><BR>[Stack]<UL><LI>Max Depth = 8 + Unknown Stack Size
<LI>Call Chain = __user_setup_stackheap
</UL>
<BR>[Calls]<UL><LI><a href="#[6af5a4]">&gt;&gt;</a>&nbsp;&nbsp;&nbsp;__user_initial_stackheap
<LI><a href="#[369221c]">&gt;&gt;</a>&nbsp;&nbsp;&nbsp;__user_perproc_libspace
</UL>
<BR>[Called By]<UL><LI><a href="#[3692bf4]">&gt;&gt;</a>&nbsp;&nbsp;&nbsp;__rt_entry_sh
</UL>

<P><STRONG><a name="[3691f88]"></a>exit</STRONG> (Thumb, 12 bytes, Stack size 0 bytes, exit.o(.text))
<BR><BR>[Calls]<UL><LI><a href="#[36911f0]">&gt;&gt;</a>&nbsp;&nbsp;&nbsp;__rt_exit
</UL>
<BR>[Called By]<UL><LI><a href="#[3692e10]">&gt;&gt;</a>&nbsp;&nbsp;&nbsp;__rt_entry_main
</UL>

<P><STRONG><a name="[3690b60]"></a>__I$use$semihosting</STRONG> (Thumb, 0 bytes, Stack size 0 bytes, use_no_semi.o(.text))
<BR>[Address Reference Count : 1]<UL><LI> sys_exit.o(.text)
</UL>
<P><STRONG><a name="[3690b24]"></a>__use_no_semihosting_swi</STRONG> (Thumb, 2 bytes, Stack size 0 bytes, use_no_semi.o(.text), UNUSED)

<P><STRONG><a name="[369041c]"></a>_sys_exit</STRONG> (Thumb, 16 bytes, Stack size 0 bytes, sys_exit.o(.text))
<BR><BR>[Called By]<UL><LI><a href="#[3690908]">&gt;&gt;</a>&nbsp;&nbsp;&nbsp;__rt_exit_exit
</UL>

<P><STRONG><a name="[6af4f0]"></a>ADC_IRQHandler</STRONG> (Thumb, 2 bytes, Stack size 0 bytes, stm32f10x_it.o(i.ADC_IRQHandler))
<BR>[Address Reference Count : 1]<UL><LI> stm32f10x_startup.o(RESET)
</UL>
<P><STRONG><a name="[6a6f94]"></a>App_TCBInitHook</STRONG> (Thumb, 2 bytes, Stack size 0 bytes, app.o(i.App_TCBInitHook))
<BR><BR>[Called By]<UL><LI><a href="#[2dabcbc]">&gt;&gt;</a>&nbsp;&nbsp;&nbsp;OSTCBInitHook
</UL>

<P><STRONG><a name="[6a6f58]"></a>App_TaskCreateHook</STRONG> (Thumb, 2 bytes, Stack size 0 bytes, app.o(i.App_TaskCreateHook))
<BR><BR>[Called By]<UL><LI><a href="#[2dabc80]">&gt;&gt;</a>&nbsp;&nbsp;&nbsp;OSTaskCreateHook
</UL>

<P><STRONG><a name="[6a6ee0]"></a>App_TaskIdleHook</STRONG> (Thumb, 2 bytes, Stack size 0 bytes, app.o(i.App_TaskIdleHook))
<BR><BR>[Called By]<UL><LI><a href="#[2dabc08]">&gt;&gt;</a>&nbsp;&nbsp;&nbsp;OSTaskIdleHook
</UL>

<P><STRONG><a name="[6a6ea4]"></a>App_TaskStatHook</STRONG> (Thumb, 2 bytes, Stack size 0 bytes, app.o(i.App_TaskStatHook))
<BR><BR>[Called By]<UL><LI><a href="#[2dabbcc]">&gt;&gt;</a>&nbsp;&nbsp;&nbsp;OSTaskStatHook
</UL>

<P><STRONG><a name="[6a6e68]"></a>App_TaskSwHook</STRONG> (Thumb, 2 bytes, Stack size 0 bytes, app.o(i.App_TaskSwHook))
<BR><BR>[Called By]<UL><LI><a href="#[2dabb54]">&gt;&gt;</a>&nbsp;&nbsp;&nbsp;OSTaskSwHook
</UL>

<P><STRONG><a name="[6a6d78]"></a>BSP_Init</STRONG> (Thumb, 22 bytes, Stack size 8 bytes, bsp.o(i.BSP_Init))
<BR><BR>[Stack]<UL><LI>Max Depth = 152<LI>Call Chain = BSP_Init &rArr; FSMC_LCD_Init &rArr; GPIO_Init
</UL>
<BR>[Calls]<UL><LI><a href="#[2d963f4]">&gt;&gt;</a>&nbsp;&nbsp;&nbsp;FSMC_LCD_Init
<LI><a href="#[2d96430]">&gt;&gt;</a>&nbsp;&nbsp;&nbsp;tp_Config
<LI><a href="#[2d9655c]">&gt;&gt;</a>&nbsp;&nbsp;&nbsp;RCC_Configuration
<LI><a href="#[2d96598]">&gt;&gt;</a>&nbsp;&nbsp;&nbsp;GPIO_Configuration
</UL>
<BR>[Called By]<UL><LI><a href="#[6a6db4]">&gt;&gt;</a>&nbsp;&nbsp;&nbsp;main
</UL>

<P><STRONG><a name="[31b7bf0]"></a>BUTTON_Callback</STRONG> (Thumb, 212 bytes, Stack size 16 bytes, button.o(i.BUTTON_Callback))
<BR><BR>[Stack]<UL><LI>Max Depth = 552 + Unknown Stack Size
<LI>Call Chain = BUTTON_Callback &rArr; WIDGET_HandleActive &rArr; WM__UpdateChildPositions &rArr; WM_ResizeWindow &rArr;  WM__UpdateChildPositions (Cycle)
</UL>
<BR>[Calls]<UL><LI><a href="#[6a6058]">&gt;&gt;</a>&nbsp;&nbsp;&nbsp;WM_DefaultProc
<LI><a href="#[3253240]">&gt;&gt;</a>&nbsp;&nbsp;&nbsp;GUI_ALLOC_UnlockH
<LI><a href="#[32532f4]">&gt;&gt;</a>&nbsp;&nbsp;&nbsp;GUI_ALLOC_LockH
<LI><a href="#[3253498]">&gt;&gt;</a>&nbsp;&nbsp;&nbsp;GUI_ALLOC_FreePtrArray
<LI><a href="#[32534d4]">&gt;&gt;</a>&nbsp;&nbsp;&nbsp;GUI_ALLOC_FreePtr
<LI><a href="#[33ab5d4]">&gt;&gt;</a>&nbsp;&nbsp;&nbsp;WIDGET_HandleActive
<LI><a href="#[33ab7b4]">&gt;&gt;</a>&nbsp;&nbsp;&nbsp;BUTTON_SetPressed
<LI><a href="#[33ac0d8]">&gt;&gt;</a>&nbsp;&nbsp;&nbsp;_OnButtonReleased
<LI><a href="#[33ac150]">&gt;&gt;</a>&nbsp;&nbsp;&nbsp;_OnButtonPressed
</UL>
<BR>[Called By]<UL><LI><a href="#[33a1ea8]">&gt;&gt;</a>&nbsp;&nbsp;&nbsp;_cbMin
<LI><a href="#[33a25b0]">&gt;&gt;</a>&nbsp;&nbsp;&nbsp;_cbMax
<LI><a href="#[33a2c7c]">&gt;&gt;</a>&nbsp;&nbsp;&nbsp;_cbClose
</UL>
<BR>[Address Reference Count : 1]<UL><LI> button.o(i.BUTTON_CreateUser)
</UL>
<P><STRONG><a name="[6a6d3c]"></a>BUTTON_CreateAsChild</STRONG> (Thumb, 26 bytes, Stack size 40 bytes, button_create.o(i.BUTTON_CreateAsChild))
<BR><BR>[Stack]<UL><LI>Max Depth = 624 + Unknown Stack Size
<LI>Call Chain = BUTTON_CreateAsChild &rArr; BUTTON_CreateEx &rArr; BUTTON_CreateUser &rArr; WM_CreateWindowAsChild &rArr; WM_InvalidateWindow &rArr; WM_InvalidateRect &rArr; WM__InvalidateDrawAndDescs &rArr;  WM__InvalidateDrawAndDescs (Cycle)
</UL>
<BR>[Calls]<UL><LI><a href="#[31b7bb4]">&gt;&gt;</a>&nbsp;&nbsp;&nbsp;BUTTON_CreateEx
</UL>
<BR>[Called By]<UL><LI><a href="#[6ac8e0]">&gt;&gt;</a>&nbsp;&nbsp;&nbsp;AppTaskUserIF
<LI><a href="#[33a29ac]">&gt;&gt;</a>&nbsp;&nbsp;&nbsp;FRAMEWIN_AddButton
</UL>

<P><STRONG><a name="[31b7bb4]"></a>BUTTON_CreateEx</STRONG> (Thumb, 28 bytes, Stack size 40 bytes, button.o(i.BUTTON_CreateEx))
<BR><BR>[Stack]<UL><LI>Max Depth = 584 + Unknown Stack Size
<LI>Call Chain = BUTTON_CreateEx &rArr; BUTTON_CreateUser &rArr; WM_CreateWindowAsChild &rArr; WM_InvalidateWindow &rArr; WM_InvalidateRect &rArr; WM__InvalidateDrawAndDescs &rArr;  WM__InvalidateDrawAndDescs (Cycle)
</UL>
<BR>[Calls]<UL><LI><a href="#[33ab868]">&gt;&gt;</a>&nbsp;&nbsp;&nbsp;BUTTON_CreateUser
</UL>
<BR>[Called By]<UL><LI><a href="#[6a6d3c]">&gt;&gt;</a>&nbsp;&nbsp;&nbsp;BUTTON_CreateAsChild
</UL>

<P><STRONG><a name="[6a6d00]"></a>BUTTON_CreateIndirect</STRONG> (Thumb, 68 bytes, Stack size 40 bytes, button_createindirect.o(i.BUTTON_CreateIndirect))
<BR><BR>[Stack]<UL><LI>Max Depth = 584 + Unknown Stack Size
<LI>Call Chain = BUTTON_CreateIndirect &rArr; BUTTON_CreateUser &rArr; WM_CreateWindowAsChild &rArr; WM_InvalidateWindow &rArr; WM_InvalidateRect &rArr; WM__InvalidateDrawAndDescs &rArr;  WM__InvalidateDrawAndDescs (Cycle)
</UL>
<BR>[Calls]<UL><LI><a href="#[6a6c10]">&gt;&gt;</a>&nbsp;&nbsp;&nbsp;BUTTON_SetText
<LI><a href="#[33ab868]">&gt;&gt;</a>&nbsp;&nbsp;&nbsp;BUTTON_CreateUser
</UL>
<BR>[Address Reference Count : 1]<UL><LI> app.o(.constdata)
</UL>
<P><STRONG><a name="[33ab868]"></a>BUTTON_CreateUser</STRONG> (Thumb, 110 bytes, Stack size 56 bytes, button.o(i.BUTTON_CreateUser))
<BR><BR>[Stack]<UL><LI>Max Depth = 544 + Unknown Stack Size
<LI>Call Chain = BUTTON_CreateUser &rArr; WM_CreateWindowAsChild &rArr; WM_InvalidateWindow &rArr; WM_InvalidateRect &rArr; WM__InvalidateDrawAndDescs &rArr;  WM__InvalidateDrawAndDescs (Cycle)
</UL>
<BR>[Calls]<UL><LI><a href="#[3098684]">&gt;&gt;</a>&nbsp;&nbsp;&nbsp;WM_CreateWindowAsChild
<LI><a href="#[31b3b40]">&gt;&gt;</a>&nbsp;&nbsp;&nbsp;GUI_Unlock
<LI><a href="#[31b3b7c]">&gt;&gt;</a>&nbsp;&nbsp;&nbsp;GUI_Lock
<LI><a href="#[3253240]">&gt;&gt;</a>&nbsp;&nbsp;&nbsp;GUI_ALLOC_UnlockH
<LI><a href="#[32532f4]">&gt;&gt;</a>&nbsp;&nbsp;&nbsp;GUI_ALLOC_LockH
<LI><a href="#[33ab520]">&gt;&gt;</a>&nbsp;&nbsp;&nbsp;WIDGET__Init
<LI><a href="#[3699800]">&gt;&gt;</a>&nbsp;&nbsp;&nbsp;__aeabi_memcpy4
</UL>
<BR>[Called By]<UL><LI><a href="#[6a6d00]">&gt;&gt;</a>&nbsp;&nbsp;&nbsp;BUTTON_CreateIndirect
<LI><a href="#[31b7bb4]">&gt;&gt;</a>&nbsp;&nbsp;&nbsp;BUTTON_CreateEx
</UL>

<P><STRONG><a name="[6a6cc4]"></a>BUTTON_DrawSkinFlex</STRONG> (Thumb, 518 bytes, Stack size 48 bytes, button_skinflex.o(i.BUTTON_DrawSkinFlex))
<BR><BR>[Stack]<UL><LI>Max Depth = 512 + Unknown Stack Size
<LI>Call Chain = BUTTON_DrawSkinFlex &rArr; WM_SetHasTrans &rArr; WM_InvalidateWindow &rArr; WM_InvalidateRect &rArr; WM__InvalidateDrawAndDescs &rArr;  WM__InvalidateDrawAndDescs (Cycle)
</UL>
<BR>[Calls]<UL><LI><a href="#[3002538]">&gt;&gt;</a>&nbsp;&nbsp;&nbsp;WM_SetHasTrans
<LI><a href="#[3005fd0]">&gt;&gt;</a>&nbsp;&nbsp;&nbsp;GUI_FillRect
<LI><a href="#[3006048]">&gt;&gt;</a>&nbsp;&nbsp;&nbsp;GUI_DrawHLine
<LI><a href="#[3009414]">&gt;&gt;</a>&nbsp;&nbsp;&nbsp;GUI_SetTextMode
<LI><a href="#[3009450]">&gt;&gt;</a>&nbsp;&nbsp;&nbsp;GUI_SetFont
<LI><a href="#[300948c]">&gt;&gt;</a>&nbsp;&nbsp;&nbsp;GUI_SetColor
<LI><a href="#[3009888]">&gt;&gt;</a>&nbsp;&nbsp;&nbsp;GUI_DrawGradientV
<LI><a href="#[306467c]">&gt;&gt;</a>&nbsp;&nbsp;&nbsp;GUI_DispStringInRect
<LI><a href="#[31b7a4c]">&gt;&gt;</a>&nbsp;&nbsp;&nbsp;GUI_DrawVLine
<LI><a href="#[31b7a88]">&gt;&gt;</a>&nbsp;&nbsp;&nbsp;GUI_DrawRect
<LI><a href="#[3249a60]">&gt;&gt;</a>&nbsp;&nbsp;&nbsp;GUI_GetClientRect
<LI><a href="#[3253240]">&gt;&gt;</a>&nbsp;&nbsp;&nbsp;GUI_ALLOC_UnlockH
<LI><a href="#[32532f4]">&gt;&gt;</a>&nbsp;&nbsp;&nbsp;GUI_ALLOC_LockH
<LI><a href="#[33a99f0]">&gt;&gt;</a>&nbsp;&nbsp;&nbsp;WM__IsEnabled
<LI><a href="#[33a9a2c]">&gt;&gt;</a>&nbsp;&nbsp;&nbsp;GUI__DrawTwinArc4
<LI><a href="#[33a9a68]">&gt;&gt;</a>&nbsp;&nbsp;&nbsp;GUI_DRAW__Draw
</UL>
<BR>[Address Reference Count : 1]<UL><LI> app.o(i.AppTaskUserIF)
</UL>
<P><STRONG><a name="[6a6c88]"></a>BUTTON_SetDefaultSkin</STRONG> (Thumb, 16 bytes, Stack size 0 bytes, button_skin.o(i.BUTTON_SetDefaultSkin))
<BR><BR>[Called By]<UL><LI><a href="#[6ac8e0]">&gt;&gt;</a>&nbsp;&nbsp;&nbsp;AppTaskUserIF
</UL>

<P><STRONG><a name="[3009ae0]"></a>BUTTON_SetFocussable</STRONG> (Thumb, 16 bytes, Stack size 0 bytes, button.o(i.BUTTON_SetFocussable))
<BR><BR>[Stack]<UL><LI>Max Depth = 464 + Unknown Stack Size
<LI>Call Chain = BUTTON_SetFocussable &rArr; WIDGET_OrState &rArr; WM_InvalidateWindow &rArr; WM_InvalidateRect &rArr; WM__InvalidateDrawAndDescs &rArr;  WM__InvalidateDrawAndDescs (Cycle)
</UL>
<BR>[Calls]<UL><LI><a href="#[33ab598]">&gt;&gt;</a>&nbsp;&nbsp;&nbsp;WIDGET_OrState
<LI><a href="#[33ab610]">&gt;&gt;</a>&nbsp;&nbsp;&nbsp;WIDGET_AndState
</UL>
<BR>[Called By]<UL><LI><a href="#[33a29ac]">&gt;&gt;</a>&nbsp;&nbsp;&nbsp;FRAMEWIN_AddButton
</UL>

<P><STRONG><a name="[33ab7b4]"></a>BUTTON_SetPressed</STRONG> (Thumb, 18 bytes, Stack size 0 bytes, button.o(i.BUTTON_SetPressed))
<BR><BR>[Stack]<UL><LI>Max Depth = 464 + Unknown Stack Size
<LI>Call Chain = BUTTON_SetPressed &rArr; WIDGET_OrState &rArr; WM_InvalidateWindow &rArr; WM_InvalidateRect &rArr; WM__InvalidateDrawAndDescs &rArr;  WM__InvalidateDrawAndDescs (Cycle)
</UL>
<BR>[Calls]<UL><LI><a href="#[33ab598]">&gt;&gt;</a>&nbsp;&nbsp;&nbsp;WIDGET_OrState
<LI><a href="#[33ab610]">&gt;&gt;</a>&nbsp;&nbsp;&nbsp;WIDGET_AndState
</UL>
<BR>[Called By]<UL><LI><a href="#[31b7bf0]">&gt;&gt;</a>&nbsp;&nbsp;&nbsp;BUTTON_Callback
</UL>

<P><STRONG><a name="[6a6c4c]"></a>BUTTON_SetReactOnLevel</STRONG> (Thumb, 12 bytes, Stack size 0 bytes, button.o(i.BUTTON_SetReactOnLevel))
<BR><BR>[Called By]<UL><LI><a href="#[6ac8e0]">&gt;&gt;</a>&nbsp;&nbsp;&nbsp;AppTaskUserIF
</UL>

<P><STRONG><a name="[33a29e8]"></a>BUTTON_SetSelfDraw</STRONG> (Thumb, 12 bytes, Stack size 8 bytes, button_selfdraw.o(i.BUTTON_SetSelfDraw))
<BR><BR>[Stack]<UL><LI>Max Depth = 488 + Unknown Stack Size
<LI>Call Chain = BUTTON_SetSelfDraw &rArr; BUTTON_SetSelfDrawEx &rArr; BUTTON__SetDrawObj &rArr; WM_InvalidateWindow &rArr; WM_InvalidateRect &rArr; WM__InvalidateDrawAndDescs &rArr;  WM__InvalidateDrawAndDescs (Cycle)
</UL>
<BR>[Calls]<UL><LI><a href="#[356815c]">&gt;&gt;</a>&nbsp;&nbsp;&nbsp;BUTTON_SetSelfDrawEx
</UL>
<BR>[Called By]<UL><LI><a href="#[6a6a6c]">&gt;&gt;</a>&nbsp;&nbsp;&nbsp;FRAMEWIN_AddMinButton
<LI><a href="#[6a6aa8]">&gt;&gt;</a>&nbsp;&nbsp;&nbsp;FRAMEWIN_AddMaxButton
<LI><a href="#[6a6ae4]">&gt;&gt;</a>&nbsp;&nbsp;&nbsp;FRAMEWIN_AddCloseButton
</UL>

<P><STRONG><a name="[356815c]"></a>BUTTON_SetSelfDrawEx</STRONG> (Thumb, 30 bytes, Stack size 16 bytes, button_selfdraw.o(i.BUTTON_SetSelfDrawEx))
<BR><BR>[Stack]<UL><LI>Max Depth = 480 + Unknown Stack Size
<LI>Call Chain = BUTTON_SetSelfDrawEx &rArr; BUTTON__SetDrawObj &rArr; WM_InvalidateWindow &rArr; WM_InvalidateRect &rArr; WM__InvalidateDrawAndDescs &rArr;  WM__InvalidateDrawAndDescs (Cycle)
</UL>
<BR>[Calls]<UL><LI><a href="#[35680e4]">&gt;&gt;</a>&nbsp;&nbsp;&nbsp;GUI_DRAW_SELF_Create
<LI><a href="#[3568120]">&gt;&gt;</a>&nbsp;&nbsp;&nbsp;BUTTON__SetDrawObj
</UL>
<BR>[Called By]<UL><LI><a href="#[33a29e8]">&gt;&gt;</a>&nbsp;&nbsp;&nbsp;BUTTON_SetSelfDraw
</UL>

<P><STRONG><a name="[6a6c10]"></a>BUTTON_SetText</STRONG> (Thumb, 68 bytes, Stack size 24 bytes, button.o(i.BUTTON_SetText))
<BR><BR>[Stack]<UL><LI>Max Depth = 472 + Unknown Stack Size
<LI>Call Chain = BUTTON_SetText &rArr; WM_InvalidateWindow &rArr; WM_InvalidateRect &rArr; WM__InvalidateDrawAndDescs &rArr;  WM__InvalidateDrawAndDescs (Cycle)
</UL>
<BR>[Calls]<UL><LI><a href="#[3008fa0]">&gt;&gt;</a>&nbsp;&nbsp;&nbsp;WM_InvalidateWindow
<LI><a href="#[31b3b40]">&gt;&gt;</a>&nbsp;&nbsp;&nbsp;GUI_Unlock
<LI><a href="#[31b3b7c]">&gt;&gt;</a>&nbsp;&nbsp;&nbsp;GUI_Lock
<LI><a href="#[3253240]">&gt;&gt;</a>&nbsp;&nbsp;&nbsp;GUI_ALLOC_UnlockH
<LI><a href="#[32532f4]">&gt;&gt;</a>&nbsp;&nbsp;&nbsp;GUI_ALLOC_LockH
<LI><a href="#[33ab64c]">&gt;&gt;</a>&nbsp;&nbsp;&nbsp;GUI__SetText
</UL>
<BR>[Called By]<UL><LI><a href="#[6a6d00]">&gt;&gt;</a>&nbsp;&nbsp;&nbsp;BUTTON_CreateIndirect
<LI><a href="#[6ac7f0]">&gt;&gt;</a>&nbsp;&nbsp;&nbsp;_cbBk
<LI><a href="#[6ac8e0]">&gt;&gt;</a>&nbsp;&nbsp;&nbsp;AppTaskUserIF
</UL>

<P><STRONG><a name="[3568120]"></a>BUTTON__SetDrawObj</STRONG> (Thumb, 58 bytes, Stack size 16 bytes, button__setbitmapobj.o(i.BUTTON__SetDrawObj))
<BR><BR>[Stack]<UL><LI>Max Depth = 464 + Unknown Stack Size
<LI>Call Chain = BUTTON__SetDrawObj &rArr; WM_InvalidateWindow &rArr; WM_InvalidateRect &rArr; WM__InvalidateDrawAndDescs &rArr;  WM__InvalidateDrawAndDescs (Cycle)
</UL>
<BR>[Calls]<UL><LI><a href="#[3008fa0]">&gt;&gt;</a>&nbsp;&nbsp;&nbsp;WM_InvalidateWindow
<LI><a href="#[31b3b40]">&gt;&gt;</a>&nbsp;&nbsp;&nbsp;GUI_Unlock
<LI><a href="#[31b3b7c]">&gt;&gt;</a>&nbsp;&nbsp;&nbsp;GUI_Lock
<LI><a href="#[3253240]">&gt;&gt;</a>&nbsp;&nbsp;&nbsp;GUI_ALLOC_UnlockH
<LI><a href="#[32532f4]">&gt;&gt;</a>&nbsp;&nbsp;&nbsp;GUI_ALLOC_LockH
<LI><a href="#[32534d4]">&gt;&gt;</a>&nbsp;&nbsp;&nbsp;GUI_ALLOC_FreePtr
</UL>
<BR>[Called By]<UL><LI><a href="#[356815c]">&gt;&gt;</a>&nbsp;&nbsp;&nbsp;BUTTON_SetSelfDrawEx
</UL>

<P><STRONG><a name="[6af4b4]"></a>CAN_RX1_IRQHandler</STRONG> (Thumb, 2 bytes, Stack size 0 bytes, stm32f10x_it.o(i.CAN_RX1_IRQHandler))
<BR>[Address Reference Count : 1]<UL><LI> stm32f10x_startup.o(RESET)
</UL>
<P><STRONG><a name="[6af478]"></a>CAN_SCE_IRQHandler</STRONG> (Thumb, 2 bytes, Stack size 0 bytes, stm32f10x_it.o(i.CAN_SCE_IRQHandler))
<BR>[Address Reference Count : 1]<UL><LI> stm32f10x_startup.o(RESET)
</UL>
<P><STRONG><a name="[6af43c]"></a>DMAChannel1_IRQHandler</STRONG> (Thumb, 2 bytes, Stack size 0 bytes, stm32f10x_it.o(i.DMAChannel1_IRQHandler))
<BR>[Address Reference Count : 1]<UL><LI> stm32f10x_startup.o(RESET)
</UL>
<P><STRONG><a name="[6af400]"></a>DMAChannel2_IRQHandler</STRONG> (Thumb, 2 bytes, Stack size 0 bytes, stm32f10x_it.o(i.DMAChannel2_IRQHandler))
<BR>[Address Reference Count : 1]<UL><LI> stm32f10x_startup.o(RESET)
</UL>
<P><STRONG><a name="[6af3c4]"></a>DMAChannel3_IRQHandler</STRONG> (Thumb, 2 bytes, Stack size 0 bytes, stm32f10x_it.o(i.DMAChannel3_IRQHandler))
<BR>[Address Reference Count : 1]<UL><LI> stm32f10x_startup.o(RESET)
</UL>
<P><STRONG><a name="[6af388]"></a>DMAChannel4_IRQHandler</STRONG> (Thumb, 2 bytes, Stack size 0 bytes, stm32f10x_it.o(i.DMAChannel4_IRQHandler))
<BR>[Address Reference Count : 1]<UL><LI> stm32f10x_startup.o(RESET)
</UL>
<P><STRONG><a name="[6af34c]"></a>DMAChannel5_IRQHandler</STRONG> (Thumb, 2 bytes, Stack size 0 bytes, stm32f10x_it.o(i.DMAChannel5_IRQHandler))
<BR>[Address Reference Count : 1]<UL><LI> stm32f10x_startup.o(RESET)
</UL>
<P><STRONG><a name="[6af310]"></a>DMAChannel6_IRQHandler</STRONG> (Thumb, 2 bytes, Stack size 0 bytes, stm32f10x_it.o(i.DMAChannel6_IRQHandler))
<BR>[Address Reference Count : 1]<UL><LI> stm32f10x_startup.o(RESET)
</UL>
<P><STRONG><a name="[6af2d4]"></a>DMAChannel7_IRQHandler</STRONG> (Thumb, 2 bytes, Stack size 0 bytes, stm32f10x_it.o(i.DMAChannel7_IRQHandler))
<BR>[Address Reference Count : 1]<UL><LI> stm32f10x_startup.o(RESET)
</UL>
<P><STRONG><a name="[300da28]"></a>Delay</STRONG> (Thumb, 10 bytes, Stack size 0 bytes, lcdconf.o(i.Delay))
<BR><BR>[Called By]<UL><LI><a href="#[300dc80]">&gt;&gt;</a>&nbsp;&nbsp;&nbsp;_InitController
</UL>

<P><STRONG><a name="[6a6b98]"></a>EDIT_AddKey</STRONG> (Thumb, 266 bytes, Stack size 32 bytes, edit.o(i.EDIT_AddKey))
<BR><BR>[Stack]<UL><LI>Max Depth = 480 + Unknown Stack Size
<LI>Call Chain = EDIT_AddKey &rArr; WM_InvalidateWindow &rArr; WM_InvalidateRect &rArr; WM__InvalidateDrawAndDescs &rArr;  WM__InvalidateDrawAndDescs (Cycle)
</UL>
<BR>[Calls]<UL><LI><a href="#[3008fa0]">&gt;&gt;</a>&nbsp;&nbsp;&nbsp;WM_InvalidateWindow
<LI><a href="#[31b3b40]">&gt;&gt;</a>&nbsp;&nbsp;&nbsp;GUI_Unlock
<LI><a href="#[31b3b7c]">&gt;&gt;</a>&nbsp;&nbsp;&nbsp;GUI_Lock
<LI><a href="#[324a7f8]">&gt;&gt;</a>&nbsp;&nbsp;&nbsp;GUI_UC__NumChars2NumBytes
<LI><a href="#[3253240]">&gt;&gt;</a>&nbsp;&nbsp;&nbsp;GUI_ALLOC_UnlockH
<LI><a href="#[32532f4]">&gt;&gt;</a>&nbsp;&nbsp;&nbsp;GUI_ALLOC_LockH
<LI><a href="#[33a4860]">&gt;&gt;</a>&nbsp;&nbsp;&nbsp;GUI_UC_GetCharCode
<LI><a href="#[33a498c]">&gt;&gt;</a>&nbsp;&nbsp;&nbsp;EDIT__SetCursorPos
<LI><a href="#[33a56ac]">&gt;&gt;</a>&nbsp;&nbsp;&nbsp;_InsertChar
<LI><a href="#[33a579c]">&gt;&gt;</a>&nbsp;&nbsp;&nbsp;_DeleteChar
<LI><a href="#[33a5814]">&gt;&gt;</a>&nbsp;&nbsp;&nbsp;_ChangeCharacter
</UL>
<BR>[Called By]<UL><LI><a href="#[6ac7b4]">&gt;&gt;</a>&nbsp;&nbsp;&nbsp;_cbBk_PWM_CFG
<LI><a href="#[33a4c98]">&gt;&gt;</a>&nbsp;&nbsp;&nbsp;EDIT_Callback
</UL>

<P><STRONG><a name="[33a4c98]"></a>EDIT_Callback</STRONG> (Thumb, 200 bytes, Stack size 16 bytes, edit.o(i.EDIT_Callback))
<BR><BR>[Stack]<UL><LI>Max Depth = 552 + Unknown Stack Size
<LI>Call Chain = EDIT_Callback &rArr; WIDGET_HandleActive &rArr; WM__UpdateChildPositions &rArr; WM_ResizeWindow &rArr;  WM__UpdateChildPositions (Cycle)
</UL>
<BR>[Calls]<UL><LI><a href="#[6a6058]">&gt;&gt;</a>&nbsp;&nbsp;&nbsp;WM_DefaultProc
<LI><a href="#[6a6b98]">&gt;&gt;</a>&nbsp;&nbsp;&nbsp;EDIT_AddKey
<LI><a href="#[3008eec]">&gt;&gt;</a>&nbsp;&nbsp;&nbsp;WM_SelectWindow
<LI><a href="#[309851c]">&gt;&gt;</a>&nbsp;&nbsp;&nbsp;WM_RestartTimer
<LI><a href="#[3253240]">&gt;&gt;</a>&nbsp;&nbsp;&nbsp;GUI_ALLOC_UnlockH
<LI><a href="#[32532f4]">&gt;&gt;</a>&nbsp;&nbsp;&nbsp;GUI_ALLOC_LockH
<LI><a href="#[32534d4]">&gt;&gt;</a>&nbsp;&nbsp;&nbsp;GUI_ALLOC_FreePtr
<LI><a href="#[33a4b30]">&gt;&gt;</a>&nbsp;&nbsp;&nbsp;EDIT_SetCursorAtPixel
<LI><a href="#[33a55bc]">&gt;&gt;</a>&nbsp;&nbsp;&nbsp;_Paint
<LI><a href="#[33a99f0]">&gt;&gt;</a>&nbsp;&nbsp;&nbsp;WM__IsEnabled
<LI><a href="#[33ab4e4]">&gt;&gt;</a>&nbsp;&nbsp;&nbsp;WM_NotifyParent
<LI><a href="#[33ab5d4]">&gt;&gt;</a>&nbsp;&nbsp;&nbsp;WIDGET_HandleActive
</UL>
<BR>[Address Reference Count : 1]<UL><LI> edit.o(i.EDIT_CreateUser)
</UL>
<P><STRONG><a name="[6a6b5c]"></a>EDIT_CreateIndirect</STRONG> (Thumb, 74 bytes, Stack size 48 bytes, edit_createindirect.o(i.EDIT_CreateIndirect))
<BR><BR>[Stack]<UL><LI>Max Depth = 592 + Unknown Stack Size
<LI>Call Chain = EDIT_CreateIndirect &rArr; EDIT_CreateUser &rArr; WM_CreateWindowAsChild &rArr; WM_InvalidateWindow &rArr; WM_InvalidateRect &rArr; WM__InvalidateDrawAndDescs &rArr;  WM__InvalidateDrawAndDescs (Cycle)
</UL>
<BR>[Calls]<UL><LI><a href="#[6a6b20]">&gt;&gt;</a>&nbsp;&nbsp;&nbsp;EDIT_SetTextAlign
<LI><a href="#[33a4c20]">&gt;&gt;</a>&nbsp;&nbsp;&nbsp;EDIT_CreateUser
</UL>
<BR>[Address Reference Count : 1]<UL><LI> app.o(.constdata)
</UL>
<P><STRONG><a name="[33a4c20]"></a>EDIT_CreateUser</STRONG> (Thumb, 140 bytes, Stack size 56 bytes, edit.o(i.EDIT_CreateUser))
<BR><BR>[Stack]<UL><LI>Max Depth = 544 + Unknown Stack Size
<LI>Call Chain = EDIT_CreateUser &rArr; WM_CreateWindowAsChild &rArr; WM_InvalidateWindow &rArr; WM_InvalidateRect &rArr; WM__InvalidateDrawAndDescs &rArr;  WM__InvalidateDrawAndDescs (Cycle)
</UL>
<BR>[Calls]<UL><LI><a href="#[30090cc]">&gt;&gt;</a>&nbsp;&nbsp;&nbsp;WM_DeleteWindow
<LI><a href="#[3098684]">&gt;&gt;</a>&nbsp;&nbsp;&nbsp;WM_CreateWindowAsChild
<LI><a href="#[31b3b40]">&gt;&gt;</a>&nbsp;&nbsp;&nbsp;GUI_Unlock
<LI><a href="#[31b3b7c]">&gt;&gt;</a>&nbsp;&nbsp;&nbsp;GUI_Lock
<LI><a href="#[3253240]">&gt;&gt;</a>&nbsp;&nbsp;&nbsp;GUI_ALLOC_UnlockH
<LI><a href="#[32532f4]">&gt;&gt;</a>&nbsp;&nbsp;&nbsp;GUI_ALLOC_LockH
<LI><a href="#[33a5724]">&gt;&gt;</a>&nbsp;&nbsp;&nbsp;_IncrementBuffer
<LI><a href="#[33ab520]">&gt;&gt;</a>&nbsp;&nbsp;&nbsp;WIDGET__Init
<LI><a href="#[3699800]">&gt;&gt;</a>&nbsp;&nbsp;&nbsp;__aeabi_memcpy4
</UL>
<BR>[Called By]<UL><LI><a href="#[6a6b5c]">&gt;&gt;</a>&nbsp;&nbsp;&nbsp;EDIT_CreateIndirect
</UL>

<P><STRONG><a name="[33a4b30]"></a>EDIT_SetCursorAtPixel</STRONG> (Thumb, 182 bytes, Stack size 32 bytes, edit.o(i.EDIT_SetCursorAtPixel))
<BR><BR>[Stack]<UL><LI>Max Depth = 480 + Unknown Stack Size
<LI>Call Chain = EDIT_SetCursorAtPixel &rArr; WM_InvalidateWindow &rArr; WM_InvalidateRect &rArr; WM__InvalidateDrawAndDescs &rArr;  WM__InvalidateDrawAndDescs (Cycle)
</UL>
<BR>[Calls]<UL><LI><a href="#[30079d4]">&gt;&gt;</a>&nbsp;&nbsp;&nbsp;GUI_GetStringDistX
<LI><a href="#[3008fa0]">&gt;&gt;</a>&nbsp;&nbsp;&nbsp;WM_InvalidateWindow
<LI><a href="#[3009018]">&gt;&gt;</a>&nbsp;&nbsp;&nbsp;WM_GetWindowSizeX
<LI><a href="#[3009450]">&gt;&gt;</a>&nbsp;&nbsp;&nbsp;GUI_SetFont
<LI><a href="#[31b3b40]">&gt;&gt;</a>&nbsp;&nbsp;&nbsp;GUI_Unlock
<LI><a href="#[31b3b7c]">&gt;&gt;</a>&nbsp;&nbsp;&nbsp;GUI_Lock
<LI><a href="#[3253240]">&gt;&gt;</a>&nbsp;&nbsp;&nbsp;GUI_ALLOC_UnlockH
<LI><a href="#[32532f4]">&gt;&gt;</a>&nbsp;&nbsp;&nbsp;GUI_ALLOC_LockH
<LI><a href="#[32a236c]">&gt;&gt;</a>&nbsp;&nbsp;&nbsp;GUI__GetNumChars
<LI><a href="#[33a46f8]">&gt;&gt;</a>&nbsp;&nbsp;&nbsp;GUI__GetCursorPosChar
<LI><a href="#[33a498c]">&gt;&gt;</a>&nbsp;&nbsp;&nbsp;EDIT__SetCursorPos
</UL>
<BR>[Called By]<UL><LI><a href="#[33a4c98]">&gt;&gt;</a>&nbsp;&nbsp;&nbsp;EDIT_Callback
</UL>

<P><STRONG><a name="[6a6b20]"></a>EDIT_SetTextAlign</STRONG> (Thumb, 42 bytes, Stack size 16 bytes, edit.o(i.EDIT_SetTextAlign))
<BR><BR>[Stack]<UL><LI>Max Depth = 464 + Unknown Stack Size
<LI>Call Chain = EDIT_SetTextAlign &rArr; WM_InvalidateWindow &rArr; WM_InvalidateRect &rArr; WM__InvalidateDrawAndDescs &rArr;  WM__InvalidateDrawAndDescs (Cycle)
</UL>
<BR>[Calls]<UL><LI><a href="#[3008fa0]">&gt;&gt;</a>&nbsp;&nbsp;&nbsp;WM_InvalidateWindow
<LI><a href="#[31b3b40]">&gt;&gt;</a>&nbsp;&nbsp;&nbsp;GUI_Unlock
<LI><a href="#[31b3b7c]">&gt;&gt;</a>&nbsp;&nbsp;&nbsp;GUI_Lock
<LI><a href="#[3253240]">&gt;&gt;</a>&nbsp;&nbsp;&nbsp;GUI_ALLOC_UnlockH
<LI><a href="#[32532f4]">&gt;&gt;</a>&nbsp;&nbsp;&nbsp;GUI_ALLOC_LockH
</UL>
<BR>[Called By]<UL><LI><a href="#[6a6b5c]">&gt;&gt;</a>&nbsp;&nbsp;&nbsp;EDIT_CreateIndirect
<LI><a href="#[6a6e2c]">&gt;&gt;</a>&nbsp;&nbsp;&nbsp;InitDialog
</UL>

<P><STRONG><a name="[33a498c]"></a>EDIT__SetCursorPos</STRONG> (Thumb, 78 bytes, Stack size 16 bytes, edit.o(i.EDIT__SetCursorPos))
<BR><BR>[Stack]<UL><LI>Max Depth = 56<LI>Call Chain = EDIT__SetCursorPos &rArr; GUI__GetNumChars &rArr; GUI_UC__GetCharCodeInc
</UL>
<BR>[Calls]<UL><LI><a href="#[3253240]">&gt;&gt;</a>&nbsp;&nbsp;&nbsp;GUI_ALLOC_UnlockH
<LI><a href="#[32532f4]">&gt;&gt;</a>&nbsp;&nbsp;&nbsp;GUI_ALLOC_LockH
<LI><a href="#[32a236c]">&gt;&gt;</a>&nbsp;&nbsp;&nbsp;GUI__GetNumChars
</UL>
<BR>[Called By]<UL><LI><a href="#[6a6b98]">&gt;&gt;</a>&nbsp;&nbsp;&nbsp;EDIT_AddKey
<LI><a href="#[33a4b30]">&gt;&gt;</a>&nbsp;&nbsp;&nbsp;EDIT_SetCursorAtPixel
</UL>

<P><STRONG><a name="[6af298]"></a>EXTI0_IRQHandler</STRONG> (Thumb, 2 bytes, Stack size 0 bytes, stm32f10x_it.o(i.EXTI0_IRQHandler))
<BR>[Address Reference Count : 1]<UL><LI> stm32f10x_startup.o(RESET)
</UL>
<P><STRONG><a name="[6af25c]"></a>EXTI15_10_IRQHandler</STRONG> (Thumb, 2 bytes, Stack size 0 bytes, stm32f10x_it.o(i.EXTI15_10_IRQHandler))
<BR>[Address Reference Count : 1]<UL><LI> stm32f10x_startup.o(RESET)
</UL>
<P><STRONG><a name="[6af220]"></a>EXTI1_IRQHandler</STRONG> (Thumb, 2 bytes, Stack size 0 bytes, stm32f10x_it.o(i.EXTI1_IRQHandler))
<BR>[Address Reference Count : 1]<UL><LI> stm32f10x_startup.o(RESET)
</UL>
<P><STRONG><a name="[6af1e4]"></a>EXTI2_IRQHandler</STRONG> (Thumb, 2 bytes, Stack size 0 bytes, stm32f10x_it.o(i.EXTI2_IRQHandler))
<BR>[Address Reference Count : 1]<UL><LI> stm32f10x_startup.o(RESET)
</UL>
<P><STRONG><a name="[6af1a8]"></a>EXTI3_IRQHandler</STRONG> (Thumb, 2 bytes, Stack size 0 bytes, stm32f10x_it.o(i.EXTI3_IRQHandler))
<BR>[Address Reference Count : 1]<UL><LI> stm32f10x_startup.o(RESET)
</UL>
<P><STRONG><a name="[6af16c]"></a>EXTI4_IRQHandler</STRONG> (Thumb, 2 bytes, Stack size 0 bytes, stm32f10x_it.o(i.EXTI4_IRQHandler))
<BR>[Address Reference Count : 1]<UL><LI> stm32f10x_startup.o(RESET)
</UL>
<P><STRONG><a name="[6af130]"></a>EXTI9_5_IRQHandler</STRONG> (Thumb, 2 bytes, Stack size 0 bytes, stm32f10x_it.o(i.EXTI9_5_IRQHandler))
<BR>[Address Reference Count : 1]<UL><LI> stm32f10x_startup.o(RESET)
</UL>
<P><STRONG><a name="[6af0f4]"></a>FLASH_IRQHandler</STRONG> (Thumb, 2 bytes, Stack size 0 bytes, stm32f10x_it.o(i.FLASH_IRQHandler))
<BR>[Address Reference Count : 1]<UL><LI> stm32f10x_startup.o(RESET)
</UL>
<P><STRONG><a name="[33a29ac]"></a>FRAMEWIN_AddButton</STRONG> (Thumb, 120 bytes, Stack size 64 bytes, framewin_button.o(i.FRAMEWIN_AddButton))
<BR><BR>[Stack]<UL><LI>Max Depth = 688 + Unknown Stack Size
<LI>Call Chain = FRAMEWIN_AddButton &rArr; BUTTON_CreateAsChild &rArr; BUTTON_CreateEx &rArr; BUTTON_CreateUser &rArr; WM_CreateWindowAsChild &rArr; WM_InvalidateWindow &rArr; WM_InvalidateRect &rArr; WM__InvalidateDrawAndDescs &rArr;  WM__InvalidateDrawAndDescs (Cycle)
</UL>
<BR>[Calls]<UL><LI><a href="#[6a6d3c]">&gt;&gt;</a>&nbsp;&nbsp;&nbsp;BUTTON_CreateAsChild
<LI><a href="#[3009ae0]">&gt;&gt;</a>&nbsp;&nbsp;&nbsp;BUTTON_SetFocussable
<LI><a href="#[31b3b40]">&gt;&gt;</a>&nbsp;&nbsp;&nbsp;GUI_Unlock
<LI><a href="#[31b3b7c]">&gt;&gt;</a>&nbsp;&nbsp;&nbsp;GUI_Lock
<LI><a href="#[33a330c]">&gt;&gt;</a>&nbsp;&nbsp;&nbsp;FRAMEWIN__CalcPositions
<LI><a href="#[359e204]">&gt;&gt;</a>&nbsp;&nbsp;&nbsp;FRAMEWIN_GetTitleHeight
<LI><a href="#[359e240]">&gt;&gt;</a>&nbsp;&nbsp;&nbsp;FRAMEWIN_GetBorderSize
</UL>
<BR>[Called By]<UL><LI><a href="#[6a6a6c]">&gt;&gt;</a>&nbsp;&nbsp;&nbsp;FRAMEWIN_AddMinButton
<LI><a href="#[6a6aa8]">&gt;&gt;</a>&nbsp;&nbsp;&nbsp;FRAMEWIN_AddMaxButton
<LI><a href="#[6a6ae4]">&gt;&gt;</a>&nbsp;&nbsp;&nbsp;FRAMEWIN_AddCloseButton
</UL>

<P><STRONG><a name="[6a6ae4]"></a>FRAMEWIN_AddCloseButton</STRONG> (Thumb, 30 bytes, Stack size 8 bytes, framewin_buttonclose.o(i.FRAMEWIN_AddCloseButton))
<BR><BR>[Stack]<UL><LI>Max Depth = 696 + Unknown Stack Size
<LI>Call Chain = FRAMEWIN_AddCloseButton &rArr; FRAMEWIN_AddButton &rArr; BUTTON_CreateAsChild &rArr; BUTTON_CreateEx &rArr; BUTTON_CreateUser &rArr; WM_CreateWindowAsChild &rArr; WM_InvalidateWindow &rArr; WM_InvalidateRect &rArr; WM__InvalidateDrawAndDescs &rArr;  WM__InvalidateDrawAndDescs (Cycle)
</UL>
<BR>[Calls]<UL><LI><a href="#[6a5f2c]">&gt;&gt;</a>&nbsp;&nbsp;&nbsp;WM_SetCallback
<LI><a href="#[33a29ac]">&gt;&gt;</a>&nbsp;&nbsp;&nbsp;FRAMEWIN_AddButton
<LI><a href="#[33a29e8]">&gt;&gt;</a>&nbsp;&nbsp;&nbsp;BUTTON_SetSelfDraw
</UL>
<BR>[Called By]<UL><LI><a href="#[6a6e2c]">&gt;&gt;</a>&nbsp;&nbsp;&nbsp;InitDialog
</UL>

<P><STRONG><a name="[6a6aa8]"></a>FRAMEWIN_AddMaxButton</STRONG> (Thumb, 30 bytes, Stack size 8 bytes, framewin_buttonmax.o(i.FRAMEWIN_AddMaxButton))
<BR><BR>[Stack]<UL><LI>Max Depth = 696 + Unknown Stack Size
<LI>Call Chain = FRAMEWIN_AddMaxButton &rArr; FRAMEWIN_AddButton &rArr; BUTTON_CreateAsChild &rArr; BUTTON_CreateEx &rArr; BUTTON_CreateUser &rArr; WM_CreateWindowAsChild &rArr; WM_InvalidateWindow &rArr; WM_InvalidateRect &rArr; WM__InvalidateDrawAndDescs &rArr;  WM__InvalidateDrawAndDescs (Cycle)
</UL>
<BR>[Calls]<UL><LI><a href="#[6a5f2c]">&gt;&gt;</a>&nbsp;&nbsp;&nbsp;WM_SetCallback
<LI><a href="#[33a29ac]">&gt;&gt;</a>&nbsp;&nbsp;&nbsp;FRAMEWIN_AddButton
<LI><a href="#[33a29e8]">&gt;&gt;</a>&nbsp;&nbsp;&nbsp;BUTTON_SetSelfDraw
</UL>
<BR>[Called By]<UL><LI><a href="#[6a6e2c]">&gt;&gt;</a>&nbsp;&nbsp;&nbsp;InitDialog
</UL>

<P><STRONG><a name="[6a6a6c]"></a>FRAMEWIN_AddMinButton</STRONG> (Thumb, 30 bytes, Stack size 8 bytes, framewin_buttonmin.o(i.FRAMEWIN_AddMinButton))
<BR><BR>[Stack]<UL><LI>Max Depth = 696 + Unknown Stack Size
<LI>Call Chain = FRAMEWIN_AddMinButton &rArr; FRAMEWIN_AddButton &rArr; BUTTON_CreateAsChild &rArr; BUTTON_CreateEx &rArr; BUTTON_CreateUser &rArr; WM_CreateWindowAsChild &rArr; WM_InvalidateWindow &rArr; WM_InvalidateRect &rArr; WM__InvalidateDrawAndDescs &rArr;  WM__InvalidateDrawAndDescs (Cycle)
</UL>
<BR>[Calls]<UL><LI><a href="#[6a5f2c]">&gt;&gt;</a>&nbsp;&nbsp;&nbsp;WM_SetCallback
<LI><a href="#[33a29ac]">&gt;&gt;</a>&nbsp;&nbsp;&nbsp;FRAMEWIN_AddButton
<LI><a href="#[33a29e8]">&gt;&gt;</a>&nbsp;&nbsp;&nbsp;BUTTON_SetSelfDraw
</UL>
<BR>[Called By]<UL><LI><a href="#[6a6e2c]">&gt;&gt;</a>&nbsp;&nbsp;&nbsp;InitDialog
</UL>

<P><STRONG><a name="[33a34ec]"></a>FRAMEWIN_Callback</STRONG> (Thumb, 456 bytes, Stack size 72 bytes, framewin.o(i.FRAMEWIN_Callback))
<BR><BR>[Stack]<UL><LI>Max Depth = 608 + Unknown Stack Size
<LI>Call Chain = FRAMEWIN_Callback &rArr; WIDGET_HandleActive &rArr; WM__UpdateChildPositions &rArr; WM_ResizeWindow &rArr;  WM__UpdateChildPositions (Cycle)
</UL>
<BR>[Calls]<UL><LI><a href="#[6a5e78]">&gt;&gt;</a>&nbsp;&nbsp;&nbsp;WM_SetFocus
<LI><a href="#[6a6058]">&gt;&gt;</a>&nbsp;&nbsp;&nbsp;WM_DefaultProc
<LI><a href="#[3098558]">&gt;&gt;</a>&nbsp;&nbsp;&nbsp;WM_IsWindow
<LI><a href="#[3253240]">&gt;&gt;</a>&nbsp;&nbsp;&nbsp;GUI_ALLOC_UnlockH
<LI><a href="#[32532f4]">&gt;&gt;</a>&nbsp;&nbsp;&nbsp;GUI_ALLOC_LockH
<LI><a href="#[32534d4]">&gt;&gt;</a>&nbsp;&nbsp;&nbsp;GUI_ALLOC_FreePtr
<LI><a href="#[33a2f4c]">&gt;&gt;</a>&nbsp;&nbsp;&nbsp;WM__SendMessage
<LI><a href="#[33a2f88]">&gt;&gt;</a>&nbsp;&nbsp;&nbsp;WM__IsAncestorOrSelf
<LI><a href="#[33a2fc4]">&gt;&gt;</a>&nbsp;&nbsp;&nbsp;WM__IsAncestor
<LI><a href="#[33a312c]">&gt;&gt;</a>&nbsp;&nbsp;&nbsp;WM_HasFocus
<LI><a href="#[33a330c]">&gt;&gt;</a>&nbsp;&nbsp;&nbsp;FRAMEWIN__CalcPositions
<LI><a href="#[33a33fc]">&gt;&gt;</a>&nbsp;&nbsp;&nbsp;FRAMEWIN_SetActive
<LI><a href="#[33a3bb8]">&gt;&gt;</a>&nbsp;&nbsp;&nbsp;_SetActive
<LI><a href="#[33a3c30]">&gt;&gt;</a>&nbsp;&nbsp;&nbsp;_OnTouch
<LI><a href="#[33a7f74]">&gt;&gt;</a>&nbsp;&nbsp;&nbsp;WM_SetFocusOnNextChild
<LI><a href="#[33ab598]">&gt;&gt;</a>&nbsp;&nbsp;&nbsp;WIDGET_OrState
<LI><a href="#[33ab5d4]">&gt;&gt;</a>&nbsp;&nbsp;&nbsp;WIDGET_HandleActive
</UL>
<BR>[Address Reference Count : 1]<UL><LI> framewin.o(i.FRAMEWIN_CreateUser)
</UL>
<P><STRONG><a name="[6a6a30]"></a>FRAMEWIN_CreateIndirect</STRONG> (Thumb, 64 bytes, Stack size 48 bytes, framewin_createindirect.o(i.FRAMEWIN_CreateIndirect))
<BR><BR>[Stack]<UL><LI>Max Depth = 608 + Unknown Stack Size
<LI>Call Chain = FRAMEWIN_CreateIndirect &rArr; FRAMEWIN_CreateUser &rArr; WM_CreateWindowAsChild &rArr; WM_InvalidateWindow &rArr; WM_InvalidateRect &rArr; WM__InvalidateDrawAndDescs &rArr;  WM__InvalidateDrawAndDescs (Cycle)
</UL>
<BR>[Calls]<UL><LI><a href="#[33a3474]">&gt;&gt;</a>&nbsp;&nbsp;&nbsp;FRAMEWIN_CreateUser
</UL>
<BR>[Address Reference Count : 1]<UL><LI> app.o(.constdata)
</UL>
<P><STRONG><a name="[33a3474]"></a>FRAMEWIN_CreateUser</STRONG> (Thumb, 228 bytes, Stack size 72 bytes, framewin.o(i.FRAMEWIN_CreateUser))
<BR><BR>[Stack]<UL><LI>Max Depth = 560 + Unknown Stack Size
<LI>Call Chain = FRAMEWIN_CreateUser &rArr; WM_CreateWindowAsChild &rArr; WM_InvalidateWindow &rArr; WM_InvalidateRect &rArr; WM__InvalidateDrawAndDescs &rArr;  WM__InvalidateDrawAndDescs (Cycle)
</UL>
<BR>[Calls]<UL><LI><a href="#[3009090]">&gt;&gt;</a>&nbsp;&nbsp;&nbsp;WM_DisableMemdev
<LI><a href="#[3098684]">&gt;&gt;</a>&nbsp;&nbsp;&nbsp;WM_CreateWindowAsChild
<LI><a href="#[31b3b40]">&gt;&gt;</a>&nbsp;&nbsp;&nbsp;GUI_Unlock
<LI><a href="#[31b3b7c]">&gt;&gt;</a>&nbsp;&nbsp;&nbsp;GUI_Lock
<LI><a href="#[3253240]">&gt;&gt;</a>&nbsp;&nbsp;&nbsp;GUI_ALLOC_UnlockH
<LI><a href="#[32532f4]">&gt;&gt;</a>&nbsp;&nbsp;&nbsp;GUI_ALLOC_LockH
<LI><a href="#[33a330c]">&gt;&gt;</a>&nbsp;&nbsp;&nbsp;FRAMEWIN__CalcPositions
<LI><a href="#[33a3384]">&gt;&gt;</a>&nbsp;&nbsp;&nbsp;FRAMEWIN_SetText
<LI><a href="#[33ab520]">&gt;&gt;</a>&nbsp;&nbsp;&nbsp;WIDGET__Init
<LI><a href="#[3699800]">&gt;&gt;</a>&nbsp;&nbsp;&nbsp;__aeabi_memcpy4
</UL>
<BR>[Called By]<UL><LI><a href="#[6a6a30]">&gt;&gt;</a>&nbsp;&nbsp;&nbsp;FRAMEWIN_CreateIndirect
</UL>

<P><STRONG><a name="[6a69f4]"></a>FRAMEWIN_DrawSkinFlex</STRONG> (Thumb, 860 bytes, Stack size 80 bytes, framewin_skinflex.o(i.FRAMEWIN_DrawSkinFlex))
<BR><BR>[Stack]<UL><LI>Max Depth = 544 + Unknown Stack Size
<LI>Call Chain = FRAMEWIN_DrawSkinFlex &rArr; WM_SetHasTrans &rArr; WM_InvalidateWindow &rArr; WM_InvalidateRect &rArr; WM__InvalidateDrawAndDescs &rArr;  WM__InvalidateDrawAndDescs (Cycle)
</UL>
<BR>[Calls]<UL><LI><a href="#[3002538]">&gt;&gt;</a>&nbsp;&nbsp;&nbsp;WM_SetHasTrans
<LI><a href="#[3005fd0]">&gt;&gt;</a>&nbsp;&nbsp;&nbsp;GUI_FillRect
<LI><a href="#[3006048]">&gt;&gt;</a>&nbsp;&nbsp;&nbsp;GUI_DrawHLine
<LI><a href="#[3009414]">&gt;&gt;</a>&nbsp;&nbsp;&nbsp;GUI_SetTextMode
<LI><a href="#[3009450]">&gt;&gt;</a>&nbsp;&nbsp;&nbsp;GUI_SetFont
<LI><a href="#[300948c]">&gt;&gt;</a>&nbsp;&nbsp;&nbsp;GUI_SetColor
<LI><a href="#[3009888]">&gt;&gt;</a>&nbsp;&nbsp;&nbsp;GUI_DrawGradientV
<LI><a href="#[306467c]">&gt;&gt;</a>&nbsp;&nbsp;&nbsp;GUI_DispStringInRect
<LI><a href="#[31b7a4c]">&gt;&gt;</a>&nbsp;&nbsp;&nbsp;GUI_DrawVLine
<LI><a href="#[3253240]">&gt;&gt;</a>&nbsp;&nbsp;&nbsp;GUI_ALLOC_UnlockH
<LI><a href="#[32532f4]">&gt;&gt;</a>&nbsp;&nbsp;&nbsp;GUI_ALLOC_LockH
<LI><a href="#[33ecf14]">&gt;&gt;</a>&nbsp;&nbsp;&nbsp;GUI__DrawTwinArc2
<LI><a href="#[33ecf50]">&gt;&gt;</a>&nbsp;&nbsp;&nbsp;GUI_FillRectEx
<LI><a href="#[33ecf8c]">&gt;&gt;</a>&nbsp;&nbsp;&nbsp;GUI_DrawPixel
<LI><a href="#[33ecfc8]">&gt;&gt;</a>&nbsp;&nbsp;&nbsp;FRAMEWIN_GetActive
</UL>
<BR>[Called By]<UL><LI><a href="#[6ac82c]">&gt;&gt;</a>&nbsp;&nbsp;&nbsp;_FRAMEWIN_DrawSkinFlex
</UL>
<BR>[Address Reference Count : 1]<UL><LI> framewin_skin.o(.data)
</UL>
<P><STRONG><a name="[33ecfc8]"></a>FRAMEWIN_GetActive</STRONG> (Thumb, 42 bytes, Stack size 16 bytes, framewin_get.o(i.FRAMEWIN_GetActive))
<BR><BR>[Stack]<UL><LI>Max Depth = 88 + Unknown Stack Size
<LI>Call Chain = FRAMEWIN_GetActive &rArr; GUI_Lock &rArr; GUI_X_Lock &rArr; OSSemPend &rArr; OS_Sched
</UL>
<BR>[Calls]<UL><LI><a href="#[31b3b40]">&gt;&gt;</a>&nbsp;&nbsp;&nbsp;GUI_Unlock
<LI><a href="#[31b3b7c]">&gt;&gt;</a>&nbsp;&nbsp;&nbsp;GUI_Lock
<LI><a href="#[3253240]">&gt;&gt;</a>&nbsp;&nbsp;&nbsp;GUI_ALLOC_UnlockH
<LI><a href="#[32532f4]">&gt;&gt;</a>&nbsp;&nbsp;&nbsp;GUI_ALLOC_LockH
</UL>
<BR>[Called By]<UL><LI><a href="#[6a69f4]">&gt;&gt;</a>&nbsp;&nbsp;&nbsp;FRAMEWIN_DrawSkinFlex
</UL>

<P><STRONG><a name="[359e240]"></a>FRAMEWIN_GetBorderSize</STRONG> (Thumb, 46 bytes, Stack size 16 bytes, framewin_get.o(i.FRAMEWIN_GetBorderSize))
<BR><BR>[Stack]<UL><LI>Max Depth = 88 + Unknown Stack Size
<LI>Call Chain = FRAMEWIN_GetBorderSize &rArr; GUI_Lock &rArr; GUI_X_Lock &rArr; OSSemPend &rArr; OS_Sched
</UL>
<BR>[Calls]<UL><LI><a href="#[31b3b40]">&gt;&gt;</a>&nbsp;&nbsp;&nbsp;GUI_Unlock
<LI><a href="#[31b3b7c]">&gt;&gt;</a>&nbsp;&nbsp;&nbsp;GUI_Lock
<LI><a href="#[3253240]">&gt;&gt;</a>&nbsp;&nbsp;&nbsp;GUI_ALLOC_UnlockH
<LI><a href="#[32532f4]">&gt;&gt;</a>&nbsp;&nbsp;&nbsp;GUI_ALLOC_LockH
</UL>
<BR>[Called By]<UL><LI><a href="#[33a29ac]">&gt;&gt;</a>&nbsp;&nbsp;&nbsp;FRAMEWIN_AddButton
</UL>

<P><STRONG><a name="[6a69b8]"></a>FRAMEWIN_GetSkinFlexProps</STRONG> (Thumb, 18 bytes, Stack size 0 bytes, framewin_skinflex.o(i.FRAMEWIN_GetSkinFlexProps))
<BR><BR>[Stack]<UL><LI>Max Depth = 8<LI>Call Chain = FRAMEWIN_GetSkinFlexProps &rArr; __aeabi_memcpy4
</UL>
<BR>[Calls]<UL><LI><a href="#[3699800]">&gt;&gt;</a>&nbsp;&nbsp;&nbsp;__aeabi_memcpy4
</UL>
<BR>[Called By]<UL><LI><a href="#[6ac8e0]">&gt;&gt;</a>&nbsp;&nbsp;&nbsp;AppTaskUserIF
</UL>

<P><STRONG><a name="[359e204]"></a>FRAMEWIN_GetTitleHeight</STRONG> (Thumb, 54 bytes, Stack size 32 bytes, framewin_get.o(i.FRAMEWIN_GetTitleHeight))
<BR><BR>[Stack]<UL><LI>Max Depth = 208 + Unknown Stack Size
<LI>Call Chain = FRAMEWIN_GetTitleHeight &rArr; FRAMEWIN__CalcPositions &rArr; FRAMEWIN__GetTitleLimits &rArr; WM_GetNextSibling &rArr; GUI_Lock &rArr; GUI_X_Lock &rArr; OSSemPend &rArr; OS_Sched
</UL>
<BR>[Calls]<UL><LI><a href="#[31b3b40]">&gt;&gt;</a>&nbsp;&nbsp;&nbsp;GUI_Unlock
<LI><a href="#[31b3b7c]">&gt;&gt;</a>&nbsp;&nbsp;&nbsp;GUI_Lock
<LI><a href="#[3253240]">&gt;&gt;</a>&nbsp;&nbsp;&nbsp;GUI_ALLOC_UnlockH
<LI><a href="#[32532f4]">&gt;&gt;</a>&nbsp;&nbsp;&nbsp;GUI_ALLOC_LockH
<LI><a href="#[33a330c]">&gt;&gt;</a>&nbsp;&nbsp;&nbsp;FRAMEWIN__CalcPositions
</UL>
<BR>[Called By]<UL><LI><a href="#[33a29ac]">&gt;&gt;</a>&nbsp;&nbsp;&nbsp;FRAMEWIN_AddButton
</UL>

<P><STRONG><a name="[33a22a4]"></a>FRAMEWIN_Maximize</STRONG> (Thumb, 26 bytes, Stack size 8 bytes, framewin_minmaxrest.o(i.FRAMEWIN_Maximize))
<BR><BR>[Stack]<UL><LI>Max Depth = 560 + Unknown Stack Size
[...]
<LI><a href="#[3008fdc]">&gt;&gt;</a>&nbsp;&nbsp;&nbsp;WM_GetWindowSizeY
<LI><a href="#[3009018]">&gt;&gt;</a>&nbsp;&nbsp;&nbsp;WM_GetWindowSizeX
<LI><a href="#[31b3a50]">&gt;&gt;</a>&nbsp;&nbsp;&nbsp;WM__InitIVRSearch
<LI><a href="#[31b3b04]">&gt;&gt;</a>&nbsp;&nbsp;&nbsp;WM__GetNextIVR
<LI><a href="#[32499ac]">&gt;&gt;</a>&nbsp;&nbsp;&nbsp;WM_SetUserClipRect
<LI><a href="#[324f94c]">&gt;&gt;</a>&nbsp;&nbsp;&nbsp;LCD_SetColor
<LI><a href="#[3253240]">&gt;&gt;</a>&nbsp;&nbsp;&nbsp;GUI_ALLOC_UnlockH
<LI><a href="#[32532f4]">&gt;&gt;</a>&nbsp;&nbsp;&nbsp;GUI_ALLOC_LockH
<LI><a href="#[33a330c]">&gt;&gt;</a>&nbsp;&nbsp;&nbsp;FRAMEWIN__CalcPositions
<LI><a href="#[359c9a4]">&gt;&gt;</a>&nbsp;&nbsp;&nbsp;WIDGET_EFFECT_3D_DrawUp
</UL>
<BR>[Address Reference Count : 1]<UL><LI> framewin_skinclassic.o(.constdata)
</UL>
<P><STRONG><a name="[3597f1c]"></a>_Create</STRONG> (Thumb, 2 bytes, Stack size 0 bytes, progbar_skinclassic.o(i._Create))
<BR>[Address Reference Count : 1]<UL><LI> progbar_skinclassic.o(.constdata)
</UL>
<P><STRONG><a name="[3597ea4]"></a>_DrawPart</STRONG> (Thumb, 56 bytes, Stack size 24 bytes, progbar_skinclassic.o(i._DrawPart))
<BR><BR>[Stack]<UL><LI>Max Depth = 224 + Unknown Stack Size
<LI>Call Chain = _DrawPart &rArr; GUI_DispString &rArr; GUI__DispLine &rArr; WM__InitIVRSearch &rArr; WM__GetNextIVR &rArr; _FindNext_IVR &rArr; _Findx0 &rArr;  _Findx0 (Cycle)
</UL>
<BR>[Calls]<UL><LI><a href="#[6a679c]">&gt;&gt;</a>&nbsp;&nbsp;&nbsp;GUI_Clear
<LI><a href="#[3005f1c]">&gt;&gt;</a>&nbsp;&nbsp;&nbsp;GUI_GotoXY
<LI><a href="#[31b7ac4]">&gt;&gt;</a>&nbsp;&nbsp;&nbsp;GUI_DispString
<LI><a href="#[324f94c]">&gt;&gt;</a>&nbsp;&nbsp;&nbsp;LCD_SetColor
<LI><a href="#[324f988]">&gt;&gt;</a>&nbsp;&nbsp;&nbsp;LCD_SetBkColor
</UL>
<BR>[Called By]<UL><LI><a href="#[3597e2c]">&gt;&gt;</a>&nbsp;&nbsp;&nbsp;_Paint
</UL>

<P><STRONG><a name="[3597e2c]"></a>_Paint</STRONG> (Thumb, 256 bytes, Stack size 56 bytes, progbar_skinclassic.o(i._Paint))
<BR><BR>[Stack]<UL><LI>Max Depth = 280 + Unknown Stack Size
<LI>Call Chain = _Paint &rArr; _DrawPart &rArr; GUI_DispString &rArr; GUI__DispLine &rArr; WM__InitIVRSearch &rArr; WM__GetNextIVR &rArr; _FindNext_IVR &rArr; _Findx0 &rArr;  _Findx0 (Cycle)
</UL>
<BR>[Calls]<UL><LI><a href="#[3009414]">&gt;&gt;</a>&nbsp;&nbsp;&nbsp;GUI_SetTextMode
<LI><a href="#[3009450]">&gt;&gt;</a>&nbsp;&nbsp;&nbsp;GUI_SetFont
<LI><a href="#[32499ac]">&gt;&gt;</a>&nbsp;&nbsp;&nbsp;WM_SetUserClipRect
<LI><a href="#[3253240]">&gt;&gt;</a>&nbsp;&nbsp;&nbsp;GUI_ALLOC_UnlockH
<LI><a href="#[32532f4]">&gt;&gt;</a>&nbsp;&nbsp;&nbsp;GUI_ALLOC_LockH
<LI><a href="#[33a8898]">&gt;&gt;</a>&nbsp;&nbsp;&nbsp;WM_GetClientRect
<LI><a href="#[33e2258]">&gt;&gt;</a>&nbsp;&nbsp;&nbsp;PROGBAR__Value2Pos
<LI><a href="#[33e2294]">&gt;&gt;</a>&nbsp;&nbsp;&nbsp;PROGBAR__GetTextRect
<LI><a href="#[33e22d0]">&gt;&gt;</a>&nbsp;&nbsp;&nbsp;PROGBAR__GetTextLocked
<LI><a href="#[33eb588]">&gt;&gt;</a>&nbsp;&nbsp;&nbsp;WIDGET__EFFECT_DrawDownRect
<LI><a href="#[33eb600]">&gt;&gt;</a>&nbsp;&nbsp;&nbsp;GUI__ReduceRect
<LI><a href="#[3597ea4]">&gt;&gt;</a>&nbsp;&nbsp;&nbsp;_DrawPart
</UL>
<BR>[Address Reference Count : 1]<UL><LI> progbar_skinclassic.o(.constdata)
</UL>
<P><STRONG><a name="[3595294]"></a>_Create</STRONG> (Thumb, 2 bytes, Stack size 0 bytes, slider_skinclassic.o(i._Create))
<BR>[Address Reference Count : 1]<UL><LI> slider_skinclassic.o(.constdata)
</UL>
<P><STRONG><a name="[359521c]"></a>_Paint</STRONG> (Thumb, 304 bytes, Stack size 64 bytes, slider_skinclassic.o(i._Paint))
<BR><BR>[Stack]<UL><LI>Max Depth = 256 + Unknown Stack Size
<LI>Call Chain = _Paint &rArr; WIDGET__DrawVLine &rArr; GUI_DrawHLine &rArr; WM__InitIVRSearch &rArr; WM__GetNextIVR &rArr; _FindNext_IVR &rArr; _Findx0 &rArr;  _Findx0 (Cycle)
</UL>
<BR>[Calls]<UL><LI><a href="#[6a679c]">&gt;&gt;</a>&nbsp;&nbsp;&nbsp;GUI_Clear
<LI><a href="#[324f94c]">&gt;&gt;</a>&nbsp;&nbsp;&nbsp;LCD_SetColor
<LI><a href="#[324f988]">&gt;&gt;</a>&nbsp;&nbsp;&nbsp;LCD_SetBkColor
<LI><a href="#[3253240]">&gt;&gt;</a>&nbsp;&nbsp;&nbsp;GUI_ALLOC_UnlockH
<LI><a href="#[32532f4]">&gt;&gt;</a>&nbsp;&nbsp;&nbsp;GUI_ALLOC_LockH
<LI><a href="#[33e93c8]">&gt;&gt;</a>&nbsp;&nbsp;&nbsp;WIDGET__GetClientRect
<LI><a href="#[33eb588]">&gt;&gt;</a>&nbsp;&nbsp;&nbsp;WIDGET__EFFECT_DrawDownRect
<LI><a href="#[33eb600]">&gt;&gt;</a>&nbsp;&nbsp;&nbsp;GUI__ReduceRect
<LI><a href="#[3446318]">&gt;&gt;</a>&nbsp;&nbsp;&nbsp;WIDGET__FillRectEx
<LI><a href="#[3446354]">&gt;&gt;</a>&nbsp;&nbsp;&nbsp;WIDGET__EFFECT_DrawUpRect
<LI><a href="#[3446390]">&gt;&gt;</a>&nbsp;&nbsp;&nbsp;WIDGET__DrawVLine
<LI><a href="#[3446408]">&gt;&gt;</a>&nbsp;&nbsp;&nbsp;WIDGET__DrawFocusRect
<LI><a href="#[348828c]">&gt;&gt;</a>&nbsp;&nbsp;&nbsp;WM_GetHasTrans
</UL>
<BR>[Address Reference Count : 1]<UL><LI> slider_skinclassic.o(.constdata)
</UL>
<P><STRONG><a name="[3593458]"></a>_DrawDown</STRONG> (Thumb, 16 bytes, Stack size 16 bytes, widget_effect_3d.o(i._DrawDown))
<BR><BR>[Stack]<UL><LI>Max Depth = 208 + Unknown Stack Size
<LI>Call Chain = _DrawDown &rArr; _DrawDownRect &rArr; GUI_DrawHLine &rArr; WM__InitIVRSearch &rArr; WM__GetNextIVR &rArr; _FindNext_IVR &rArr; _Findx0 &rArr;  _Findx0 (Cycle)
</UL>
<BR>[Calls]<UL><LI><a href="#[33a8898]">&gt;&gt;</a>&nbsp;&nbsp;&nbsp;WM_GetClientRect
<LI><a href="#[35933e0]">&gt;&gt;</a>&nbsp;&nbsp;&nbsp;_DrawDownRect
</UL>
<BR>[Address Reference Count : 1]<UL><LI> widget_effect_3d.o(.constdata)
</UL>
<P><STRONG><a name="[35933e0]"></a>_DrawDownRect</STRONG> (Thumb, 144 bytes, Stack size 24 bytes, widget_effect_3d.o(i._DrawDownRect))
<BR><BR>[Stack]<UL><LI>Max Depth = 192 + Unknown Stack Size
<LI>Call Chain = _DrawDownRect &rArr; GUI_DrawHLine &rArr; WM__InitIVRSearch &rArr; WM__GetNextIVR &rArr; _FindNext_IVR &rArr; _Findx0 &rArr;  _Findx0 (Cycle)
</UL>
<BR>[Calls]<UL><LI><a href="#[3006048]">&gt;&gt;</a>&nbsp;&nbsp;&nbsp;GUI_DrawHLine
<LI><a href="#[31b7a4c]">&gt;&gt;</a>&nbsp;&nbsp;&nbsp;GUI_DrawVLine
<LI><a href="#[324f94c]">&gt;&gt;</a>&nbsp;&nbsp;&nbsp;LCD_SetColor
</UL>
<BR>[Called By]<UL><LI><a href="#[3593458]">&gt;&gt;</a>&nbsp;&nbsp;&nbsp;_DrawDown
</UL>
<BR>[Address Reference Count : 1]<UL><LI> widget_effect_3d.o(.constdata)
</UL>
<P><STRONG><a name="[3593368]"></a>_DrawUpRect</STRONG> (Thumb, 100 bytes, Stack size 24 bytes, widget_effect_3d.o(i._DrawUpRect))
<BR><BR>[Stack]<UL><LI>Max Depth = 192 + Unknown Stack Size
<LI>Call Chain = _DrawUpRect &rArr; GUI_DrawHLine &rArr; WM__InitIVRSearch &rArr; WM__GetNextIVR &rArr; _FindNext_IVR &rArr; _Findx0 &rArr;  _Findx0 (Cycle)
</UL>
<BR>[Calls]<UL><LI><a href="#[3006048]">&gt;&gt;</a>&nbsp;&nbsp;&nbsp;GUI_DrawHLine
<LI><a href="#[31b7a4c]">&gt;&gt;</a>&nbsp;&nbsp;&nbsp;GUI_DrawVLine
<LI><a href="#[31b7a88]">&gt;&gt;</a>&nbsp;&nbsp;&nbsp;GUI_DrawRect
<LI><a href="#[324f94c]">&gt;&gt;</a>&nbsp;&nbsp;&nbsp;LCD_SetColor
</UL>
<BR>[Called By]<UL><LI><a href="#[359c9a4]">&gt;&gt;</a>&nbsp;&nbsp;&nbsp;WIDGET_EFFECT_3D_DrawUp
</UL>
<BR>[Address Reference Count : 1]<UL><LI> widget_effect_3d.o(.constdata)
</UL>
<P><STRONG><a name="[35eb894]"></a>_cbInvalidateOne</STRONG> (Thumb, 4 bytes, Stack size 0 bytes, wm_bringtotop.o(i._cbInvalidateOne))
<BR><BR>[Stack]<UL><LI>Max Depth = 448 + Unknown Stack Size
<LI>Call Chain = _cbInvalidateOne &rArr; WM_InvalidateWindow &rArr; WM_InvalidateRect &rArr; WM__InvalidateDrawAndDescs &rArr;  WM__InvalidateDrawAndDescs (Cycle)
</UL>
<BR>[Calls]<UL><LI><a href="#[3008fa0]">&gt;&gt;</a>&nbsp;&nbsp;&nbsp;WM_InvalidateWindow
</UL>
<BR>[Address Reference Count : 1]<UL><LI> wm_bringtotop.o(i.WM_BringToTop)
</UL>
<P><STRONG><a name="[35e96d4]"></a>_GetDialogItem</STRONG> (Thumb, 80 bytes, Stack size 24 bytes, wm_getscrollbar.o(i._GetDialogItem))
<BR><BR>[Stack]<UL><LI>Max Depth = 136 + Unknown Stack Size
 + In Cycle
<LI>Call Chain = _GetDialogItem &rArr;  _GetDialogItem (Cycle)
</UL>
<BR>[Calls]<UL><LI><a href="#[6a5fa4]">&gt;&gt;</a>&nbsp;&nbsp;&nbsp;WM_GetId
<LI><a href="#[3253204]">&gt;&gt;</a>&nbsp;&nbsp;&nbsp;GUI_ALLOC_h2p
<LI><a href="#[35e96d4]">&gt;&gt;</a>&nbsp;&nbsp;&nbsp;_GetDialogItem
</UL>
<BR>[Called By]<UL><LI><a href="#[33eb3e4]">&gt;&gt;</a>&nbsp;&nbsp;&nbsp;WM_GetScrollbarV
<LI><a href="#[33eb420]">&gt;&gt;</a>&nbsp;&nbsp;&nbsp;WM_GetScrollbarH
<LI><a href="#[35e96d4]">&gt;&gt;</a>&nbsp;&nbsp;&nbsp;_GetDialogItem
</UL>

<P><STRONG><a name="[35e7dfc]"></a>_MoveDescendents</STRONG> (Thumb, 68 bytes, Stack size 24 bytes, wm_move.o(i._MoveDescendents))
<BR><BR>[Stack]<UL><LI>Max Depth = 64 + In Cycle
<LI>Call Chain = _MoveDescendents &rArr;  _MoveDescendents (Cycle)
</UL>
<BR>[Calls]<UL><LI><a href="#[30643ac]">&gt;&gt;</a>&nbsp;&nbsp;&nbsp;GUI_MoveRect
<LI><a href="#[3253204]">&gt;&gt;</a>&nbsp;&nbsp;&nbsp;GUI_ALLOC_h2p
<LI><a href="#[3442e20]">&gt;&gt;</a>&nbsp;&nbsp;&nbsp;WM__SendMsgNoData
<LI><a href="#[35e7dfc]">&gt;&gt;</a>&nbsp;&nbsp;&nbsp;_MoveDescendents
</UL>
<BR>[Called By]<UL><LI><a href="#[35e7ab4]">&gt;&gt;</a>&nbsp;&nbsp;&nbsp;WM__MoveWindow
<LI><a href="#[35e7dfc]">&gt;&gt;</a>&nbsp;&nbsp;&nbsp;_MoveDescendents
</UL>

<P><STRONG><a name="[35e6560]"></a>WM__ReleaseCapture</STRONG> (Thumb, 26 bytes, Stack size 24 bytes, wm_setcapture.o(i.WM__ReleaseCapture))
<BR><BR>[Stack]<UL><LI>Max Depth = 40<LI>Call Chain = WM__ReleaseCapture &rArr; WM__SendMessage &rArr;  WM_DefaultProc (Cycle)
</UL>
<BR>[Calls]<UL><LI><a href="#[33a2f4c]">&gt;&gt;</a>&nbsp;&nbsp;&nbsp;WM__SendMessage
</UL>
<BR>[Called By]<UL><LI><a href="#[344c948]">&gt;&gt;</a>&nbsp;&nbsp;&nbsp;WM_SetCapture
<LI><a href="#[348ab18]">&gt;&gt;</a>&nbsp;&nbsp;&nbsp;WM_ReleaseCapture
</UL>

<P><STRONG><a name="[35e5c78]"></a>_GetNextChild</STRONG> (Thumb, 34 bytes, Stack size 16 bytes, wm_setfocusonnextchild.o(i._GetNextChild))
<BR><BR>[Stack]<UL><LI>Max Depth = 16<LI>Call Chain = _GetNextChild
</UL>
<BR>[Calls]<UL><LI><a href="#[3253204]">&gt;&gt;</a>&nbsp;&nbsp;&nbsp;GUI_ALLOC_h2p
</UL>
<BR>[Called By]<UL><LI><a href="#[33a7f74]">&gt;&gt;</a>&nbsp;&nbsp;&nbsp;WM_SetFocusOnNextChild
</UL>

<P><STRONG><a name="[35e57c8]"></a>_GetPrevChild</STRONG> (Thumb, 26 bytes, Stack size 8 bytes, wm_setfocusonprevchild.o(i._GetPrevChild))
<BR><BR>[Stack]<UL><LI>Max Depth = 112 + Unknown Stack Size
<LI>Call Chain = _GetPrevChild &rArr; WM__GetPrevSibling &rArr; WM__GetFirstSibling &rArr; WM_GetParent &rArr; GUI_Lock &rArr; GUI_X_Lock &rArr; OSSemPend &rArr; OS_Sched
</UL>
<BR>[Calls]<UL><LI><a href="#[34427cc]">&gt;&gt;</a>&nbsp;&nbsp;&nbsp;WM__GetPrevSibling
<LI><a href="#[35e5570]">&gt;&gt;</a>&nbsp;&nbsp;&nbsp;WM__GetLastSibling
</UL>
<BR>[Called By]<UL><LI><a href="#[33a3078]">&gt;&gt;</a>&nbsp;&nbsp;&nbsp;WM_SetFocusOnPrevChild
</UL>

<P><STRONG><a name="[35e43a0]"></a>_OnExit</STRONG> (Thumb, 36 bytes, Stack size 8 bytes, gui__alpha.o(i._OnExit))
<BR><BR>[Stack]<UL><LI>Max Depth = 8<LI>Call Chain = _OnExit
</UL>
<BR>[Calls]<UL><LI><a href="#[31b16ec]">&gt;&gt;</a>&nbsp;&nbsp;&nbsp;GUI_ALLOC_FreeFixedBlock
</UL>
<BR>[Address Reference Count : 1]<UL><LI> gui__alpha.o(i.GUI__GetAlphaBuffer)
</UL>
<P><STRONG><a name="[35e1808]"></a>_Color2Index_0</STRONG> (Thumb, 84 bytes, Stack size 32 bytes, guicc_0.o(i._Color2Index_0))
<BR><BR>[Stack]<UL><LI>Max Depth = 48<LI>Call Chain = _Color2Index_0 &rArr; LCD_GetNumColors &rArr; _GetDevProp
</UL>
<BR>[Calls]<UL><LI><a href="#[329633c]">&gt;&gt;</a>&nbsp;&nbsp;&nbsp;LCD_GetPalette
<LI><a href="#[32963b4]">&gt;&gt;</a>&nbsp;&nbsp;&nbsp;LCD_GetNumColors
<LI><a href="#[35e1358]">&gt;&gt;</a>&nbsp;&nbsp;&nbsp;GUI_CalcColorDist
</UL>
<BR>[Address Reference Count : 1]<UL><LI> guicc_0.o(.constdata)
</UL>
<P><STRONG><a name="[35e1790]"></a>_GetIndexMask_0</STRONG> (Thumb, 82 bytes, Stack size 8 bytes, guicc_0.o(i._GetIndexMask_0))
<BR><BR>[Stack]<UL><LI>Max Depth = 24<LI>Call Chain = _GetIndexMask_0 &rArr; LCD_GetNumColors &rArr; _GetDevProp
</UL>
<BR>[Calls]<UL><LI><a href="#[32963b4]">&gt;&gt;</a>&nbsp;&nbsp;&nbsp;LCD_GetNumColors
</UL>
<BR>[Address Reference Count : 1]<UL><LI> guicc_0.o(.constdata)
</UL>
<P><STRONG><a name="[35e1718]"></a>_Index2Color_0</STRONG> (Thumb, 32 bytes, Stack size 16 bytes, guicc_0.o(i._Index2Color_0))
<BR><BR>[Stack]<UL><LI>Max Depth = 32<LI>Call Chain = _Index2Color_0 &rArr; LCD_GetNumColors &rArr; _GetDevProp
</UL>
<BR>[Calls]<UL><LI><a href="#[329633c]">&gt;&gt;</a>&nbsp;&nbsp;&nbsp;LCD_GetPalette
<LI><a href="#[32963b4]">&gt;&gt;</a>&nbsp;&nbsp;&nbsp;LCD_GetNumColors
</UL>
<BR>[Address Reference Count : 1]<UL><LI> guicc_0.o(.constdata)
</UL>
<P><STRONG><a name="[366a878]"></a>_Draw</STRONG> (Thumb, 24 bytes, Stack size 16 bytes, gui_draw_self.o(i._Draw))
<BR><BR>[Stack]<UL><LI>Max Depth = 16<LI>Call Chain = _Draw
</UL>
<BR>[Calls]<UL><LI><a href="#[3253240]">&gt;&gt;</a>&nbsp;&nbsp;&nbsp;GUI_ALLOC_UnlockH
<LI><a href="#[32532f4]">&gt;&gt;</a>&nbsp;&nbsp;&nbsp;GUI_ALLOC_LockH
</UL>
<BR>[Address Reference Count : 1]<UL><LI> gui_draw_self.o(.constdata)
</UL>
<P><STRONG><a name="[366a800]"></a>_GetXSize</STRONG> (Thumb, 4 bytes, Stack size 0 bytes, gui_draw_self.o(i._GetXSize))
<BR>[Address Reference Count : 1]<UL><LI> gui_draw_self.o(.constdata)
</UL>
<P><STRONG><a name="[366a788]"></a>_GetYSize</STRONG> (Thumb, 4 bytes, Stack size 0 bytes, gui_draw_self.o(i._GetYSize))
<BR>[Address Reference Count : 1]<UL><LI> gui_draw_self.o(.constdata)
</UL>
<P><STRONG><a name="[366a1e8]"></a>_Create</STRONG> (Thumb, 2 bytes, Stack size 0 bytes, header_skinclassic.o(i._Create))
<BR>[Address Reference Count : 1]<UL><LI> header_skinclassic.o(.constdata)
</UL>
<P><STRONG><a name="[366a170]"></a>_DrawTriangle</STRONG> (Thumb, 36 bytes, Stack size 24 bytes, header_skinclassic.o(i._DrawTriangle))
<BR><BR>[Stack]<UL><LI>Max Depth = 192 + Unknown Stack Size
<LI>Call Chain = _DrawTriangle &rArr; GUI_DrawHLine &rArr; WM__InitIVRSearch &rArr; WM__GetNextIVR &rArr; _FindNext_IVR &rArr; _Findx0 &rArr;  _Findx0 (Cycle)
</UL>
<BR>[Calls]<UL><LI><a href="#[3006048]">&gt;&gt;</a>&nbsp;&nbsp;&nbsp;GUI_DrawHLine
</UL>
<BR>[Called By]<UL><LI><a href="#[366a0f8]">&gt;&gt;</a>&nbsp;&nbsp;&nbsp;_Paint
</UL>

<P><STRONG><a name="[366a0f8]"></a>_Paint</STRONG> (Thumb, 600 bytes, Stack size 72 bytes, header_skinclassic.o(i._Paint))
<BR><BR>[Stack]<UL><LI>Max Depth = 264 + Unknown Stack Size
<LI>Call Chain = _Paint &rArr; _DrawTriangle &rArr; GUI_DrawHLine &rArr; WM__InitIVRSearch &rArr; WM__GetNextIVR &rArr; _FindNext_IVR &rArr; _Findx0 &rArr;  _Findx0 (Cycle)
</UL>
<BR>[Calls]<UL><LI><a href="#[6a679c]">&gt;&gt;</a>&nbsp;&nbsp;&nbsp;GUI_Clear
<LI><a href="#[3009414]">&gt;&gt;</a>&nbsp;&nbsp;&nbsp;GUI_SetTextMode
<LI><a href="#[3009450]">&gt;&gt;</a>&nbsp;&nbsp;&nbsp;GUI_SetFont
<LI><a href="#[306467c]">&gt;&gt;</a>&nbsp;&nbsp;&nbsp;GUI_DispStringInRect
<LI><a href="#[32499ac]">&gt;&gt;</a>&nbsp;&nbsp;&nbsp;WM_SetUserClipRect
<LI><a href="#[3249a60]">&gt;&gt;</a>&nbsp;&nbsp;&nbsp;GUI_GetClientRect
<LI><a href="#[324f94c]">&gt;&gt;</a>&nbsp;&nbsp;&nbsp;LCD_SetColor
<LI><a href="#[324f988]">&gt;&gt;</a>&nbsp;&nbsp;&nbsp;LCD_SetBkColor
<LI><a href="#[3253240]">&gt;&gt;</a>&nbsp;&nbsp;&nbsp;GUI_ALLOC_UnlockH
<LI><a href="#[32532f4]">&gt;&gt;</a>&nbsp;&nbsp;&nbsp;GUI_ALLOC_LockH
<LI><a href="#[33a9a68]">&gt;&gt;</a>&nbsp;&nbsp;&nbsp;GUI_DRAW__Draw
<LI><a href="#[33e8900]">&gt;&gt;</a>&nbsp;&nbsp;&nbsp;GUI_DRAW__GetYSize
<LI><a href="#[33e893c]">&gt;&gt;</a>&nbsp;&nbsp;&nbsp;GUI_DRAW__GetXSize
<LI><a href="#[33e947c]">&gt;&gt;</a>&nbsp;&nbsp;&nbsp;GUI_ARRAY_GetpItemLocked
<LI><a href="#[33eb72c]">&gt;&gt;</a>&nbsp;&nbsp;&nbsp;GUI_ARRAY_GetNumItems
<LI><a href="#[3446354]">&gt;&gt;</a>&nbsp;&nbsp;&nbsp;WIDGET__EFFECT_DrawUpRect
<LI><a href="#[366a170]">&gt;&gt;</a>&nbsp;&nbsp;&nbsp;_DrawTriangle
</UL>
<BR>[Address Reference Count : 1]<UL><LI> header_skinclassic.o(.constdata)
</UL>
<P><STRONG><a name="[36643b0]"></a>_CalcPositions</STRONG> (Thumb, 300 bytes, Stack size 48 bytes, scrollbar_skinclassic.o(i._CalcPositions))
<BR><BR>[Stack]<UL><LI>Max Depth = 200 + Unknown Stack Size
<LI>Call Chain = _CalcPositions &rArr; WM_GetScrollbarV &rArr; _GetDialogItem &rArr;  _GetDialogItem (Cycle)
</UL>
<BR>[Calls]<UL><LI><a href="#[30643ac]">&gt;&gt;</a>&nbsp;&nbsp;&nbsp;GUI_MoveRect
<LI><a href="#[3253240]">&gt;&gt;</a>&nbsp;&nbsp;&nbsp;GUI_ALLOC_UnlockH
<LI><a href="#[32532f4]">&gt;&gt;</a>&nbsp;&nbsp;&nbsp;GUI_ALLOC_LockH
<LI><a href="#[33aca74]">&gt;&gt;</a>&nbsp;&nbsp;&nbsp;GUI__DivideRound32
<LI><a href="#[33ad9b0]">&gt;&gt;</a>&nbsp;&nbsp;&nbsp;WM_GetWindowRectEx
<LI><a href="#[33eb3e4]">&gt;&gt;</a>&nbsp;&nbsp;&nbsp;WM_GetScrollbarV
<LI><a href="#[33eb420]">&gt;&gt;</a>&nbsp;&nbsp;&nbsp;WM_GetScrollbarH
<LI><a href="#[3446264]">&gt;&gt;</a>&nbsp;&nbsp;&nbsp;WIDGET__GetYSize
<LI><a href="#[34462a0]">&gt;&gt;</a>&nbsp;&nbsp;&nbsp;WIDGET__GetXSize
<LI><a href="#[344e25c]">&gt;&gt;</a>&nbsp;&nbsp;&nbsp;SCROLLBAR__Rect2VRect
</UL>
<BR>[Address Reference Count : 1]<UL><LI> scrollbar_skinclassic.o(i._Create)
</UL>
<P><STRONG><a name="[3664338]"></a>_Create</STRONG> (Thumb, 26 bytes, Stack size 8 bytes, scrollbar_skinclassic.o(i._Create))
<BR><BR>[Stack]<UL><LI>Max Depth = 472 + Unknown Stack Size
<LI>Call Chain = _Create &rArr; WM_SetHasTrans &rArr; WM_InvalidateWindow &rArr; WM_InvalidateRect &rArr; WM__InvalidateDrawAndDescs &rArr;  WM__InvalidateDrawAndDescs (Cycle)
</UL>
<BR>[Calls]<UL><LI><a href="#[3002538]">&gt;&gt;</a>&nbsp;&nbsp;&nbsp;WM_SetHasTrans
<LI><a href="#[3253240]">&gt;&gt;</a>&nbsp;&nbsp;&nbsp;GUI_ALLOC_UnlockH
<LI><a href="#[32532f4]">&gt;&gt;</a>&nbsp;&nbsp;&nbsp;GUI_ALLOC_LockH
</UL>
<BR>[Address Reference Count : 1]<UL><LI> scrollbar_skinclassic.o(.constdata)
</UL>
<P><STRONG><a name="[36642c0]"></a>_Paint</STRONG> (Thumb, 356 bytes, Stack size 72 bytes, scrollbar_skinclassic.o(i._Paint))
<BR><BR>[Stack]<UL><LI>Max Depth = 264 + Unknown Stack Size
<LI>Call Chain = _Paint &rArr; WIDGET__DrawTriangle &rArr; GUI_DrawHLine &rArr; WM__InitIVRSearch &rArr; WM__GetNextIVR &rArr; _FindNext_IVR &rArr; _Findx0 &rArr;  _Findx0 (Cycle)
</UL>
<BR>[Calls]<UL><LI><a href="#[324f94c]">&gt;&gt;</a>&nbsp;&nbsp;&nbsp;LCD_SetColor
<LI><a href="#[3253240]">&gt;&gt;</a>&nbsp;&nbsp;&nbsp;GUI_ALLOC_UnlockH
<LI><a href="#[32532f4]">&gt;&gt;</a>&nbsp;&nbsp;&nbsp;GUI_ALLOC_LockH
<LI><a href="#[33e93c8]">&gt;&gt;</a>&nbsp;&nbsp;&nbsp;WIDGET__GetClientRect
<LI><a href="#[3446318]">&gt;&gt;</a>&nbsp;&nbsp;&nbsp;WIDGET__FillRectEx
<LI><a href="#[3446354]">&gt;&gt;</a>&nbsp;&nbsp;&nbsp;WIDGET__EFFECT_DrawUpRect
<LI><a href="#[344d71c]">&gt;&gt;</a>&nbsp;&nbsp;&nbsp;WIDGET__DrawTriangle
</UL>
<BR>[Address Reference Count : 1]<UL><LI> scrollbar_skinclassic.o(.constdata)
</UL>
<P><STRONG><a name="[3661908]"></a>_Screen2hWin</STRONG> (Thumb, 78 bytes, Stack size 32 bytes, wm_screen2win.o(i._Screen2hWin))
<BR><BR>[Stack]<UL><LI>Max Depth = 32 + In Cycle
<LI>Call Chain = _Screen2hWin &rArr;  _Screen2hWin (Cycle)
</UL>
<BR>[Calls]<UL><LI><a href="#[3253204]">&gt;&gt;</a>&nbsp;&nbsp;&nbsp;GUI_ALLOC_h2p
<LI><a href="#[3661548]">&gt;&gt;</a>&nbsp;&nbsp;&nbsp;WM__IsInWindow
<LI><a href="#[3661908]">&gt;&gt;</a>&nbsp;&nbsp;&nbsp;_Screen2hWin
</UL>
<BR>[Called By]<UL><LI><a href="#[3661890]">&gt;&gt;</a>&nbsp;&nbsp;&nbsp;_Screen2hWinStop
<LI><a href="#[3661908]">&gt;&gt;</a>&nbsp;&nbsp;&nbsp;_Screen2hWin
</UL>

<P><STRONG><a name="[3661890]"></a>_Screen2hWinStop</STRONG> (Thumb, 14 bytes, Stack size 0 bytes, wm_screen2win.o(i._Screen2hWinStop))
<BR><BR>[Stack]<UL><LI>Max Depth = 32<LI>Call Chain = _Screen2hWinStop &rArr; _Screen2hWin &rArr;  _Screen2hWin (Cycle)
</UL>
<BR>[Calls]<UL><LI><a href="#[3661908]">&gt;&gt;</a>&nbsp;&nbsp;&nbsp;_Screen2hWin
</UL>
<BR>[Called By]<UL><LI><a href="#[35e46ac]">&gt;&gt;</a>&nbsp;&nbsp;&nbsp;WM_Screen2hWin
</UL>
<P>
<H3>
Undefined Global Symbols
</H3><HR></body></html>
