<!doctype html public "-//w3c//dtd html 4.0 transitional//en">
<html><head>
<title>Static Call Graph - [..\ObjFlash\STM32-FD-emWin.axf]</title></head>
<body><HR>
<H1>Static Call Graph for image ..\ObjFlash\STM32-FD-emWin.axf</H1><HR>
<BR><P>#&#060CALLGRAPH&#062# ARM Linker, RVCT4.0 [Build 524]: Last Updated: Sun Mar 30 20:30:16 2014
<BR><P>
<H3>Maximum Stack Usage =        648 bytes + Unknown(Functions without stacksize, Cycles, Untraceable Function Pointers)</H3><H3>
Call chain for Maximum Stack Depth:</H3>
AppTaskUserIF &rArr; GUI_Exec &rArr; GUI_Exec1 &rArr; WM_Exec &rArr; WM_Exec1 &rArr; _DrawNext &rArr; WM__Paint &rArr; GUI_MEMDEV_Draw &rArr; GUI_MEMDEV_CopyToLCD &rArr; GUI_MEMDEV_CopyToLCDAt &rArr; GUI_MEMDEV__WriteToActiveOpaque &rArr; _WriteToActiveOpaque_HT &rArr; GUI_ALLOC_AllocNoInit &rArr; _Alloc &rArr; _RemoveHoles &rArr; _AddFreeMemory &rArr; _RemoveFreeMemory
<P>
<H3>
Functions with no stack information
</H3><UL>
 <LI><a href="#[6af52c]">Reset_Handler</a>
 <LI><a href="#[6af5a4]">__user_initial_stackheap</a>
 <LI><a href="#[2db0938]">OS_CPU_SR_Save</a>
 <LI><a href="#[2db0974]">OS_CPU_SR_Restore</a>
 <LI><a href="#[2dc3fc8]">OSStartHighRdy</a>
 <LI><a href="#[2dc3f8c]">OSCtxSw</a>
 <LI><a href="#[2dc3f50]">OSIntCtxSw</a>
 <LI><a href="#[6aefc8]">OSPendSV</a>
 <LI><a href="#[6a71ec]">CPU_IntDis</a>
 <LI><a href="#[2dc3cf8]">CPU_IntEn</a>
 <LI><a href="#[2dc3cbc]">CPU_SR_Save</a>
 <LI><a href="#[2dc3c80]">CPU_SR_Restore</a>
 <LI><a href="#[6af7c0]">NMIException</a>
 <LI><a href="#[6af784]">HardFaultException</a>
 <LI><a href="#[6af748]">MemManageException</a>
 <LI><a href="#[6af70c]">BusFaultException</a>
 <LI><a href="#[6af6d0]">UsageFaultException</a>
 <LI><a href="#[6af694]">DebugMonitor</a>
 <LI><a href="#[6af658]">SVCHandler</a>
</UL>
</UL>
<P>
<H3>
Mutually Recursive functions
</H3> <LI><a href="#[3465940]">WM__InvalidateRect</a>&nbsp;&nbsp;&nbsp;&rArr;&nbsp;&nbsp;&nbsp;<a href="#[3465940]">WM__InvalidateRect</a><BR>
 <LI><a href="#[3465b98]">WM_InvalidateWindowAndDescsEx</a>&nbsp;&nbsp;&nbsp;&rArr;&nbsp;&nbsp;&nbsp;<a href="#[3465b98]">WM_InvalidateWindowAndDescsEx</a><BR>
 <LI><a href="#[34659b8]">WM__InvalidateDrawAndDescs</a>&nbsp;&nbsp;&nbsp;&rArr;&nbsp;&nbsp;&nbsp;<a href="#[34659b8]">WM__InvalidateDrawAndDescs</a><BR>
 <LI><a href="#[33c26cc]">WM__SendMessage</a>&nbsp;&nbsp;&nbsp;&rArr;&nbsp;&nbsp;&nbsp;<a href="#[6a6a30]">WM_DefaultProc</a><BR>
 <LI><a href="#[3665418]">WM__ForEachDesc</a>&nbsp;&nbsp;&nbsp;&rArr;&nbsp;&nbsp;&nbsp;<a href="#[3665418]">WM__ForEachDesc</a><BR>
 <LI><a href="#[34d90b8]">WM_ResizeWindow</a>&nbsp;&nbsp;&nbsp;&rArr;&nbsp;&nbsp;&nbsp;<a href="#[3468a78]">WM__UpdateChildPositions</a><BR>
 <LI><a href="#[3605c64]">_MoveDescendents</a>&nbsp;&nbsp;&nbsp;&rArr;&nbsp;&nbsp;&nbsp;<a href="#[3605c64]">_MoveDescendents</a><BR>
 <LI><a href="#[3467380]">_Findy1</a>&nbsp;&nbsp;&nbsp;&rArr;&nbsp;&nbsp;&nbsp;<a href="#[3467380]">_Findy1</a><BR>
 <LI><a href="#[34673f8]">_Findx1</a>&nbsp;&nbsp;&nbsp;&rArr;&nbsp;&nbsp;&nbsp;<a href="#[34673f8]">_Findx1</a><BR>
 <LI><a href="#[3467470]">_Findx0</a>&nbsp;&nbsp;&nbsp;&rArr;&nbsp;&nbsp;&nbsp;<a href="#[3467470]">_Findx0</a><BR>
 <LI><a href="#[3663d5c]">_Screen2hWin</a>&nbsp;&nbsp;&nbsp;&rArr;&nbsp;&nbsp;&nbsp;<a href="#[3663d5c]">_Screen2hWin</a><BR>
 <LI><a href="#[6af7c0]">NMIException</a>&nbsp;&nbsp;&nbsp;&rArr;&nbsp;&nbsp;&nbsp;<a href="#[6af7c0]">NMIException</a><BR>
 <LI><a href="#[6af784]">HardFaultException</a>&nbsp;&nbsp;&nbsp;&rArr;&nbsp;&nbsp;&nbsp;<a href="#[6af784]">HardFaultException</a><BR>
 <LI><a href="#[6af748]">MemManageException</a>&nbsp;&nbsp;&nbsp;&rArr;&nbsp;&nbsp;&nbsp;<a href="#[6af748]">MemManageException</a><BR>
 <LI><a href="#[6af70c]">BusFaultException</a>&nbsp;&nbsp;&nbsp;&rArr;&nbsp;&nbsp;&nbsp;<a href="#[6af70c]">BusFaultException</a><BR>
 <LI><a href="#[6af6d0]">UsageFaultException</a>&nbsp;&nbsp;&nbsp;&rArr;&nbsp;&nbsp;&nbsp;<a href="#[6af6d0]">UsageFaultException</a><BR>
 <LI><a href="#[6af694]">DebugMonitor</a>&nbsp;&nbsp;&nbsp;&rArr;&nbsp;&nbsp;&nbsp;<a href="#[6af694]">DebugMonitor</a><BR>
 <LI><a href="#[6af658]">SVCHandler</a>&nbsp;&nbsp;&nbsp;&rArr;&nbsp;&nbsp;&nbsp;<a href="#[6af658]">SVCHandler</a><BR>
 <LI><a href="#[34675d8]">_DeleteAllChildren</a>&nbsp;&nbsp;&nbsp;&rArr;&nbsp;&nbsp;&nbsp;<a href="#[303fae0]">WM_DeleteWindow</a><BR>
 <LI><a href="#[3467128]">_PaintTransChildren</a>&nbsp;&nbsp;&nbsp;&rArr;&nbsp;&nbsp;&nbsp;<a href="#[3467128]">_PaintTransChildren</a><BR>
 <LI><a href="#[360717c]">_GetDialogItem</a>&nbsp;&nbsp;&nbsp;&rArr;&nbsp;&nbsp;&nbsp;<a href="#[360717c]">_GetDialogItem</a><BR>
</UL>
<P>
<H3>
Function Pointers
</H3><UL>
 <LI><a href="#[33cb7a4]">_OnTouchDefault</a>
 <LI><a href="#[33c9d28]">_Paint</a>
 <LI><a href="#[33c9da0]">_Create</a>
 <LI><a href="#[33c2a14]">FRAMEWIN__GetBorderSize</a>
 <LI><a href="#[33c08cc]">_GetBorderSize</a>
 <LI><a href="#[6a71b0]">FRAMEWIN_DrawSkinFlex</a>
 <LI><a href="#[33c0854]">_Paint</a>
 <LI><a href="#[33c0944]">_Create</a>
 <LI><a href="#[3426114]">_Paint</a>
 <LI><a href="#[342618c]">_Create</a>
 <LI><a href="#[341d8ac]">_Paint</a>
 <LI><a href="#[341d924]">_Create</a>
 <LI><a href="#[341b50c]">_Paint</a>
 <LI><a href="#[341b584]">_Create</a>
 <LI><a href="#[341a210]">_Paint</a>
 <LI><a href="#[341a288]">_Create</a>
 <LI><a href="#[34cfa04]">_Log2VisBuffered</a>
 <LI><a href="#[2db705c]">GUI_X_ExecIdle</a>
 <LI><a href="#[35c407c]">_GetBorderSize</a>
 <LI><a href="#[6af52c]">Reset_Handler</a>
 <LI><a href="#[6af7c0]">NMIException</a>
 <LI><a href="#[6af784]">HardFaultException</a>
 <LI><a href="#[6af748]">MemManageException</a>
 <LI><a href="#[6af70c]">BusFaultException</a>
 <LI><a href="#[6af6d0]">UsageFaultException</a>
 <LI><a href="#[6af658]">SVCHandler</a>
 <LI><a href="#[6af694]">DebugMonitor</a>
 <LI><a href="#[6aefc8]">OSPendSV</a>
 <LI><a href="#[6aee24]">SysTickHandler</a>
 <LI><a href="#[6aeaa0]">WWDG_IRQHandler</a>
 <LI><a href="#[6aef8c]">PVD_IRQHandler</a>
 <LI><a href="#[6aede8]">TAMPER_IRQHandler</a>
 <LI><a href="#[6aeed8]">RTC_IRQHandler</a>
 <LI><a href="#[6af0f4]">FLASH_IRQHandler</a>
 <LI><a href="#[6aef50]">RCC_IRQHandler</a>
 <LI><a href="#[6af298]">EXTI0_IRQHandler</a>
 <LI><a href="#[6af220]">EXTI1_IRQHandler</a>
 <LI><a href="#[6af1e4]">EXTI2_IRQHandler</a>
 <LI><a href="#[6af1a8]">EXTI3_IRQHandler</a>
 <LI><a href="#[6af16c]">EXTI4_IRQHandler</a>
 <LI><a href="#[6af43c]">DMAChannel1_IRQHandler</a>
 <LI><a href="#[6af400]">DMAChannel2_IRQHandler</a>
 <LI><a href="#[6af3c4]">DMAChannel3_IRQHandler</a>
 <LI><a href="#[6af388]">DMAChannel4_IRQHandler</a>
 <LI><a href="#[6af34c]">DMAChannel5_IRQHandler</a>
 <LI><a href="#[6af310]">DMAChannel6_IRQHandler</a>
 <LI><a href="#[6af2d4]">DMAChannel7_IRQHandler</a>
 <LI><a href="#[6af4f0]">ADC_IRQHandler</a>
 <LI><a href="#[6aeb18]">USB_HP_CAN_TX_IRQHandler</a>
 <LI><a href="#[6aeadc]">USB_LP_CAN_RX0_IRQHandler</a>
 <LI><a href="#[6af4b4]">CAN_RX1_IRQHandler</a>
 <LI><a href="#[6af478]">CAN_SCE_IRQHandler</a>
 <LI><a href="#[6af130]">EXTI9_5_IRQHandler</a>
 <LI><a href="#[6aedac]">TIM1_BRK_IRQHandler</a>
 <LI><a href="#[6aecf8]">TIM1_UP_IRQHandler</a>
 <LI><a href="#[6aed34]">TIM1_TRG_COM_IRQHandler</a>
 <LI><a href="#[6aed70]">TIM1_CC_IRQHandler</a>
 <LI><a href="#[6aecbc]">TIM2_IRQHandler</a>
 <LI><a href="#[6aec80]">TIM3_IRQHandler</a>
 <LI><a href="#[6aec44]">TIM4_IRQHandler</a>
 <LI><a href="#[6af07c]">I2C1_EV_IRQHandler</a>
 <LI><a href="#[6af0b8]">I2C1_ER_IRQHandler</a>
 <LI><a href="#[6af004]">I2C2_EV_IRQHandler</a>
 <LI><a href="#[6af040]">I2C2_ER_IRQHandler</a>
 <LI><a href="#[6aee9c]">SPI1_IRQHandler</a>
 <LI><a href="#[6aee60]">SPI2_IRQHandler</a>
 <LI><a href="#[6aec08]">USART1_IRQHandler</a>
 <LI><a href="#[6aebcc]">USART2_IRQHandler</a>
 <LI><a href="#[6aeb90]">USART3_IRQHandler</a>
 <LI><a href="#[6af25c]">EXTI15_10_IRQHandler</a>
 <LI><a href="#[6aef14]">RTCAlarm_IRQHandler</a>
 <LI><a href="#[6aeb54]">USBWakeUp_IRQHandler</a>
 <LI><a href="#[36b16b4]">__main</a>
 <LI><a href="#[2dc461c]">OSTaskSwHook</a>
 <LI><a href="#[2db0a28]">OSIntExit</a>
 <LI><a href="#[36a8fb4]">__I$use$semihosting</a>
 <LI><a href="#[6acca0]">_cbBk</a>
 <LI><a href="#[6accdc]">_FRAMEWIN_DrawSkinFlex</a>
 <LI><a href="#[6a6b98]">PROGBAR_DrawSkinFlex</a>
 <LI><a href="#[6a72dc]">BUTTON_DrawSkinFlex</a>
 <LI><a href="#[6a6b20]">SCROLLBAR_DrawSkinFlex</a>
 <LI><a href="#[6a6aa8]">SLIDER_DrawSkinFlex</a>
 <LI><a href="#[6a6e2c]">HEADER_DrawSkinFlex</a>
 <LI><a href="#[6acd90]">AppTaskUserIF</a>
 <LI><a href="#[6acdcc]">AppTaskKbd</a>
 <LI><a href="#[31d63e8]">BUTTON_Callback</a>
 <LI><a href="#[33cb72c]">_OnTouchReactOnLevel</a>
 <LI><a href="#[33cb81c]">_OnPidStateChange</a>
 <LI><a href="#[3385ae4]">_SetPhysRAMAddr</a>
 <LI><a href="#[3385a6c]">_SetRect</a>
 <LI><a href="#[3385b5c]">_SetOrientation</a>
 <LI><a href="#[3385c4c]">_ReadPixel_16bpp_B8</a>
 <LI><a href="#[3385cc4]">_ReadPixel_16bpp_B16</a>
 <LI><a href="#[3385bd4]">_SetInterface</a>
 <LI><a href="#[33864bc]">_DrawBitmap</a>
 <LI><a href="#[3386444]">_FillRect</a>
 <LI><a href="#[3386ad4]">GUIDRV_FlexColor__GetPixelIndexNoCache</a>
 <LI><a href="#[3386930]">GUIDRV_FlexColor__SetPixelIndexNoCache</a>
 <LI><a href="#[33863cc]">_ReadData</a>
 <LI><a href="#[3386354]">_WriteData</a>
 <LI><a href="#[35105a8]">_OnExit</a>
 <LI><a href="#[326fc94]">_OnExit</a>
 <LI><a href="#[3275694]">LCD_DrawVLine</a>
 <LI><a href="#[32756d0]">LCD_DrawHLine</a>
 <LI><a href="#[32694fc]">LCD_Index2Color_8888</a>
 <LI><a href="#[32be0bc]">WM_HandlePID</a>
 <LI><a href="#[3270c48]">_OnExit</a>
 <LI><a href="#[32694fc]">LCD_Index2Color_8888</a>
 <LI><a href="#[32b68f8]">LCD_Index2Color_888</a>
 <LI><a href="#[3602208]">_OnExit</a>
 <LI><a href="#[3044388]">LCD_WR_REG</a>
 <LI><a href="#[3044400]">LCD_WR_Data</a>
 <LI><a href="#[30443c4]">LCD_WR_M_Data</a>
 <LI><a href="#[30444b4]">LCD_RD_M_Data</a>
 <LI><a href="#[30441e4]">GUIDRV_FlexColor_SetMode16bppC0B16</a>
 <LI><a href="#[3044220]">GUIDRV_FlexColor_SetFunc66708</a>
 <LI><a href="#[2dbfae0]">OS_TaskIdle</a>
 <LI><a href="#[2dbfaa4]">OS_TaskStat</a>
 <LI><a href="#[341ad50]">_DrawBackgroundV</a>
 <LI><a href="#[303b79c]">GUI_DrawGradientH</a>
 <LI><a href="#[341abe8]">_DrawGraspV</a>
 <LI><a href="#[341adc8]">_DrawBackgroundH</a>
 <LI><a href="#[304029c]">GUI_DrawGradientV</a>
 <LI><a href="#[341ac60]">_DrawGraspH</a>
 <LI><a href="#[35b68dc]">_cbInvalidateOne</a>
 <LI><a href="#[3466fc0]">cbBackWin</a>
 <LI><a href="#[3467290]">_OnExit</a>
 <LI><a href="#[3467038]">_cbPaintMemDev</a>
 <LI><a href="#[341b5fc]">_CalcPositions</a>
 <LI><a href="#[35c3c08]">FRAMEWIN_OwnerDraw</a>
 <LI><a href="#[3667218]">_CalcPositions</a>
 <LI><a href="#[338849c]">_GetDevFunc_SetVSize</a>
 <LI><a href="#[3388514]">_GetDevFunc_SetSize</a>
 <LI><a href="#[338858c]">_GetDevFunc_Init</a>
 <LI><a href="#[3382a24]">GUI_MEMDEV__WriteToActiveAlpha</a>
 <LI><a href="#[3384b30]">GUI_MEMDEV__WriteToActiveOpaque</a>
 <LI><a href="#[3274cbc]">_OnExit</a>
 <LI><a href="#[34656e8]">GUI_MEMDEV_Paint1Static</a>
 <LI><a href="#[3465850]">WM__Paint1</a>
 <LI><a href="#[33859f4]">_SetReg_B16</a>
 <LI><a href="#[3385904]">_WritePara_B16</a>
 <LI><a href="#[338597c]">_SetReg_B8</a>
 <LI><a href="#[338588c]">_WritePara_B8</a>
 <LI><a href="#[6acd18]">App_TaskStart</a>
 <LI><a href="#[31cf1c4]">_Color2Index_565</a>
 <LI><a href="#[31cecd8]">LCD_Index2Color_565</a>
 <LI><a href="#[31cf14c]">_GetIndexMask_565</a>
 <LI><a href="#[31cf23c]">_Color2IndexBulk</a>
 <LI><a href="#[31cf0d4]">_Index2ColorBulk</a>
 <LI><a href="#[32756d0]">LCD_DrawHLine</a>
 <LI><a href="#[32701f8]">LCD_DrawPixel</a>
 <LI><a href="#[32ba1b0]">_DrawBitmap</a>
 <LI><a href="#[32ba138]">_DrawHLine</a>
 <LI><a href="#[32ba0c0]">_DrawVLine</a>
 <LI><a href="#[32ba048]">_FillRect</a>
 <LI><a href="#[32b9d00]">_GetPixelIndex</a>
 <LI><a href="#[32b99b8]">_SetPixelIndex</a>
 <LI><a href="#[32b96e8]">_XorPixel</a>
 <LI><a href="#[32b9a30]">_SetOrg</a>
 <LI><a href="#[32b9df0]">_GetDevFunc</a>
 <LI><a href="#[32b9d78]">_GetDevProp</a>
 <LI><a href="#[32b9e68]">_GetDevData</a>
 <LI><a href="#[32b9c88]">_GetRect</a>
 <LI><a href="#[32b6664]">_Color2Index_8888</a>
 <LI><a href="#[32694fc]">LCD_Index2Color_8888</a>
 <LI><a href="#[32b65ec]">_GetIndexMask_8888</a>
 <LI><a href="#[32b66dc]">_Color2IndexBulk</a>
 <LI><a href="#[32b6574]">_Index2ColorBulk</a>
 <LI><a href="#[338885c]">_DrawBitmap</a>
 <LI><a href="#[33887e4]">_DrawHLine</a>
 <LI><a href="#[338876c]">_DrawVLine</a>
 <LI><a href="#[33886f4]">_FillRect</a>
 <LI><a href="#[33883ac]">_GetPixelIndex</a>
 <LI><a href="#[3387ac4]">_SetPixelIndex</a>
 <LI><a href="#[3387a4c]">_XorPixel</a>
 <LI><a href="#[3387b3c]">_SetOrg</a>
 <LI><a href="#[3388604]">_GetDevFunc</a>
 <LI><a href="#[3388424]">_GetDevProp</a>
 <LI><a href="#[338867c]">_GetDevData</a>
 <LI><a href="#[3388334]">_GetRect</a>
 <LI><a href="#[33882bc]">_Log2PhysX_X0Y0S0</a>
 <LI><a href="#[33880dc]">_Log2PhysX_X1Y0S0</a>
 <LI><a href="#[33881cc]">_Log2PhysX_X0Y1S0</a>
 <LI><a href="#[3387fec]">_Log2PhysX_X1Y1S0</a>
 <LI><a href="#[3388244]">_Log2PhysX_X0Y0S1</a>
 <LI><a href="#[3388064]">_Log2PhysX_X1Y0S1</a>
 <LI><a href="#[3388154]">_Log2PhysX_X0Y1S1</a>
 <LI><a href="#[3387f74]">_Log2PhysX_X1Y1S1</a>
 <LI><a href="#[3387efc]">_Log2PhysY_X0Y0S0</a>
 <LI><a href="#[3387d1c]">_Log2PhysY_X1Y0S0</a>
 <LI><a href="#[3387e0c]">_Log2PhysY_X0Y1S0</a>
 <LI><a href="#[3387c2c]">_Log2PhysY_X1Y1S0</a>
 <LI><a href="#[3387e84]">_Log2PhysY_X0Y0S1</a>
 <LI><a href="#[3387ca4]">_Log2PhysY_X1Y0S1</a>
 <LI><a href="#[3387d94]">_Log2PhysY_X0Y1S1</a>
 <LI><a href="#[3387bb4]">_Log2PhysY_X1Y1S1</a>
 <LI><a href="#[3383618]">_DrawBitmap</a>
 <LI><a href="#[33835a0]">_DrawHLine</a>
 <LI><a href="#[3383528]">_DrawVLine</a>
 <LI><a href="#[33834b0]">_FillRect</a>
 <LI><a href="#[33832d0]">_GetPixelIndex</a>
 <LI><a href="#[3383168]">_SetPixelIndex</a>
 <LI><a href="#[3383078]">_XorPixel</a>
 <LI><a href="#[33831e0]">_SetOrg</a>
 <LI><a href="#[33833c0]">_GetDevFunc</a>
 <LI><a href="#[3383348]">_GetDevProp</a>
 <LI><a href="#[3383438]">_GetDevData</a>
 <LI><a href="#[3383258]">_GetRect</a>
 <LI><a href="#[350e3ac]">_GetCharCode</a>
 <LI><a href="#[350e334]">_GetCharSize</a>
 <LI><a href="#[350e49c]">_CalcSizeOfChar</a>
 <LI><a href="#[350e424]">_Encode</a>
 <LI><a href="#[350bd3c]">_SetColor</a>
 <LI><a href="#[350bdb4]">_SetBkColor</a>
 <LI><a href="#[350bcc4]">_SetDrawMode</a>
 <LI><a href="#[3508e5c]">GUIMONO_DispChar</a>
 <LI><a href="#[3508e20]">GUIMONO_GetCharDistX</a>
 <LI><a href="#[3508de4]">GUIMONO_GetFontInfo</a>
 <LI><a href="#[3508da8]">GUIMONO_IsInFont</a>
 <LI><a href="#[30bb1b0]">GUIPROP_DispChar</a>
 <LI><a href="#[30bb084]">GUIPROP_GetCharDistX</a>
 <LI><a href="#[30bb048]">GUIPROP_GetFontInfo</a>
 <LI><a href="#[30bb00c]">GUIPROP_IsInFont</a>
 <LI><a href="#[30bb1b0]">GUIPROP_DispChar</a>
 <LI><a href="#[30bb084]">GUIPROP_GetCharDistX</a>
 <LI><a href="#[30bb048]">GUIPROP_GetFontInfo</a>
 <LI><a href="#[30bb00c]">GUIPROP_IsInFont</a>
 <LI><a href="#[3584f74]">_DrawBitmap</a>
 <LI><a href="#[3584efc]">_DrawHLine</a>
 <LI><a href="#[3584e84]">_DrawVLine</a>
 <LI><a href="#[3584e0c]">_FillRect</a>
 <LI><a href="#[3584c2c]">_GetPixelIndex</a>
 <LI><a href="#[3584ac4]">_SetPixelIndex</a>
 <LI><a href="#[35849d4]">_XorPixel</a>
 <LI><a href="#[3584b3c]">_SetOrg</a>
 <LI><a href="#[3584d1c]">_GetDevFunc</a>
 <LI><a href="#[3584ca4]">_GetDevProp</a>
 <LI><a href="#[3584d94]">_GetDevData</a>
 <LI><a href="#[3584bb4]">_GetRect</a>
 <LI><a href="#[3581338]">GUI_USAGE_BM_AddPixel</a>
 <LI><a href="#[35813b0]">GUI_USAGE_BM_AddHLine</a>
 <LI><a href="#[35812c0]">GUI_USAGE_BM_Clear</a>
 <LI><a href="#[3581194]">_GUI_USAGE_BM_Delete</a>
 <LI><a href="#[358120c]">GUI_USAGE_BM_GetNextDirty</a>
 <LI><a href="#[357f718]">_Paint</a>
 <LI><a href="#[357f790]">_Create</a>
 <LI><a href="#[35c4004]">_Paint</a>
 <LI><a href="#[35c40f4]">_Create</a>
 <LI><a href="#[35befa0]">_Paint</a>
 <LI><a href="#[35bf090]">_Create</a>
 <LI><a href="#[35c3b18]">WIDGET_EFFECT_3D_DrawUp</a>
 <LI><a href="#[35b9e10]">_DrawUpRect</a>
 <LI><a href="#[35b9f00]">_DrawDown</a>
 <LI><a href="#[35b9e88]">_DrawDownRect</a>
 <LI><a href="#[35ff670]">_Color2Index_0</a>
 <LI><a href="#[35ff580]">_Index2Color_0</a>
 <LI><a href="#[35ff5f8]">_GetIndexMask_0</a>
 <LI><a href="#[366cf60]">_Paint</a>
 <LI><a href="#[366d050]">_Create</a>
 <LI><a href="#[3667128]">_Paint</a>
 <LI><a href="#[36671a0]">_Create</a>
 <LI><a href="#[3666a98]">_Paint</a>
 <LI><a href="#[3666b10]">_Create</a>
 <LI><a href="#[33cb7a4]">_OnTouchDefault</a>
 <LI><a href="#[33c9d28]">_Paint</a>
 <LI><a href="#[33c9da0]">_Create</a>
 <LI><a href="#[33c2a14]">FRAMEWIN__GetBorderSize</a>
 <LI><a href="#[33c08cc]">_GetBorderSize</a>
 <LI><a href="#[6a71b0]">FRAMEWIN_DrawSkinFlex</a>
 <LI><a href="#[33c0854]">_Paint</a>
 <LI><a href="#[33c0944]">_Create</a>
 <LI><a href="#[3426114]">_Paint</a>
 <LI><a href="#[342618c]">_Create</a>
 <LI><a href="#[341d8ac]">_Paint</a>
 <LI><a href="#[341d924]">_Create</a>
 <LI><a href="#[341b50c]">_Paint</a>
 <LI><a href="#[341b584]">_Create</a>
 <LI><a href="#[341a210]">_Paint</a>
 <LI><a href="#[341a288]">_Create</a>
 <LI><a href="#[34cfa04]">_Log2VisBuffered</a>
 <LI><a href="#[2db705c]">GUI_X_ExecIdle</a>
 <LI><a href="#[35c407c]">_GetBorderSize</a>
</UL>
<P>
<H3>
Global Symbols
</H3>
<P><STRONG><a name="[6af52c]"></a>Reset_Handler</STRONG> (Thumb, 0 bytes, Stack size unknown bytes, stm32f10x_startup.o(RESET))
<BR>[Address Reference Count : 1]<UL><LI> stm32f10x_startup.o(RESET)
</UL>
<P><STRONG><a name="[36b16b4]"></a>__main</STRONG> (Thumb, 8 bytes, Stack size 0 bytes, __main.o(!!!main))
<BR><BR>[Calls]<UL><LI><a href="#[36a65fc]">&gt;&gt;</a>&nbsp;&nbsp;&nbsp;__scatterload
<LI><a href="#[36ae798]">&gt;&gt;</a>&nbsp;&nbsp;&nbsp;__rt_entry
</UL>

<P><STRONG><a name="[36a65fc]"></a>__scatterload</STRONG> (Thumb, 0 bytes, Stack size unknown bytes, __scatter.o(!!!scatter))
<BR><BR>[Called By]<UL><LI><a href="#[36b16b4]">&gt;&gt;</a>&nbsp;&nbsp;&nbsp;__main
</UL>

<P><STRONG><a name="[36a65c0]"></a>__scatterload_rt2</STRONG> (Thumb, 44 bytes, Stack size unknown bytes, __scatter.o(!!!scatter), UNUSED)
<BR><BR>[Calls]<UL><LI><a href="#[36ae798]">&gt;&gt;</a>&nbsp;&nbsp;&nbsp;__rt_entry
</UL>

<P><STRONG><a name="[36a6584]"></a>__scatterload_rt2_thumb_only</STRONG> (Thumb, 0 bytes, Stack size unknown bytes, __scatter.o(!!!scatter), UNUSED)

<P><STRONG><a name="[36a6548]"></a>__scatterload_null</STRONG> (Thumb, 0 bytes, Stack size unknown bytes, __scatter.o(!!!scatter), UNUSED)

<P><STRONG><a name="[36a6728]"></a>__decompress</STRONG> (Thumb, 90 bytes, Stack size unknown bytes, __dczerorl2.o(!!dczerorl2), UNUSED)

<P><STRONG><a name="[36a66ec]"></a>__decompress1</STRONG> (Thumb, 0 bytes, Stack size unknown bytes, __dczerorl2.o(!!dczerorl2), UNUSED)

<P><STRONG><a name="[36a63a4]"></a>__scatterload_zeroinit</STRONG> (Thumb, 28 bytes, Stack size unknown bytes, __scatter_zi.o(!!handler_zi), UNUSED)

<P><STRONG><a name="[36a9cd4]"></a>__rt_lib_init</STRONG> (Thumb, 0 bytes, Stack size unknown bytes, libinit.o(.ARM.Collect$$libinit$$00000000))
<BR><BR>[Called By]<UL><LI><a href="#[36ab318]">&gt;&gt;</a>&nbsp;&nbsp;&nbsp;__rt_entry_li
</UL>

<P><STRONG><a name="[36ac8e4]"></a>__rt_lib_init_alloca_1</STRONG> (Thumb, 0 bytes, Stack size unknown bytes, libinit2.o(.ARM.Collect$$libinit$$0000002A))

<P><STRONG><a name="[36ac95c]"></a>__rt_lib_init_argv_1</STRONG> (Thumb, 0 bytes, Stack size unknown bytes, libinit2.o(.ARM.Collect$$libinit$$00000028))

<P><STRONG><a name="[36acd1c]"></a>__rt_lib_init_atexit_1</STRONG> (Thumb, 0 bytes, Stack size unknown bytes, libinit2.o(.ARM.Collect$$libinit$$00000017))

<P><STRONG><a name="[36acbb4]"></a>__rt_lib_init_clock_1</STRONG> (Thumb, 0 bytes, Stack size unknown bytes, libinit2.o(.ARM.Collect$$libinit$$0000001D))

<P><STRONG><a name="[36ac7f4]"></a>__rt_lib_init_cpp_1</STRONG> (Thumb, 0 bytes, Stack size unknown bytes, libinit2.o(.ARM.Collect$$libinit$$0000002E))

<P><STRONG><a name="[36ac86c]"></a>__rt_lib_init_exceptions_1</STRONG> (Thumb, 0 bytes, Stack size unknown bytes, libinit2.o(.ARM.Collect$$libinit$$0000002C))

<P><STRONG><a name="[36acc2c]"></a>__rt_lib_init_fp_trap_1</STRONG> (Thumb, 0 bytes, Stack size unknown bytes, libinit2.o(.ARM.Collect$$libinit$$0000001B))

<P><STRONG><a name="[36acb3c]"></a>__rt_lib_init_getenv_1</STRONG> (Thumb, 0 bytes, Stack size unknown bytes, libinit2.o(.ARM.Collect$$libinit$$0000001F))

<P><STRONG><a name="[36ad118]"></a>__rt_lib_init_heap_1</STRONG> (Thumb, 0 bytes, Stack size unknown bytes, libinit2.o(.ARM.Collect$$libinit$$00000006))

<P><STRONG><a name="[36acf74]"></a>__rt_lib_init_lc_collate_1</STRONG> (Thumb, 0 bytes, Stack size unknown bytes, libinit2.o(.ARM.Collect$$libinit$$0000000D))

<P><STRONG><a name="[36acefc]"></a>__rt_lib_init_lc_ctype_1</STRONG> (Thumb, 0 bytes, Stack size unknown bytes, libinit2.o(.ARM.Collect$$libinit$$0000000F))

<P><STRONG><a name="[36ace84]"></a>__rt_lib_init_lc_monetary_1</STRONG> (Thumb, 0 bytes, Stack size unknown bytes, libinit2.o(.ARM.Collect$$libinit$$00000011))

<P><STRONG><a name="[36ace0c]"></a>__rt_lib_init_lc_numeric_1</STRONG> (Thumb, 0 bytes, Stack size unknown bytes, libinit2.o(.ARM.Collect$$libinit$$00000013))

<P><STRONG><a name="[36acd94]"></a>__rt_lib_init_lc_time_1</STRONG> (Thumb, 0 bytes, Stack size unknown bytes, libinit2.o(.ARM.Collect$$libinit$$00000015))

<P><STRONG><a name="[36ad028]"></a>__rt_lib_init_rand_1</STRONG> (Thumb, 0 bytes, Stack size unknown bytes, libinit2.o(.ARM.Collect$$libinit$$0000000A))

<P><STRONG><a name="[36ac7b8]"></a>__rt_lib_init_return</STRONG> (Thumb, 0 bytes, Stack size unknown bytes, libinit2.o(.ARM.Collect$$libinit$$0000002F))

<P><STRONG><a name="[36acca4]"></a>__rt_lib_init_signal_1</STRONG> (Thumb, 0 bytes, Stack size unknown bytes, libinit2.o(.ARM.Collect$$libinit$$00000019))

<P><STRONG><a name="[36acac4]"></a>__rt_lib_init_stdio_1</STRONG> (Thumb, 0 bytes, Stack size unknown bytes, libinit2.o(.ARM.Collect$$libinit$$00000021))

<P><STRONG><a name="[36ad0a0]"></a>__rt_lib_init_user_alloc_1</STRONG> (Thumb, 0 bytes, Stack size unknown bytes, libinit2.o(.ARM.Collect$$libinit$$00000008))

<P><STRONG><a name="[36a8438]"></a>__rt_lib_shutdown</STRONG> (Thumb, 0 bytes, Stack size unknown bytes, libshutdown.o(.ARM.Collect$$libshutdown$$00000000))
<BR><BR>[Called By]<UL><LI><a href="#[36a8d98]">&gt;&gt;</a>&nbsp;&nbsp;&nbsp;__rt_exit_ls
</UL>

<P><STRONG><a name="[36a7574]"></a>__rt_lib_shutdown_fp_trap_1</STRONG> (Thumb, 0 bytes, Stack size unknown bytes, libshutdown2.o(.ARM.Collect$$libshutdown$$00000006))

<P><STRONG><a name="[36a7394]"></a>__rt_lib_shutdown_heap_1</STRONG> (Thumb, 0 bytes, Stack size unknown bytes, libshutdown2.o(.ARM.Collect$$libshutdown$$0000000E))

<P><STRONG><a name="[36a7358]"></a>__rt_lib_shutdown_return</STRONG> (Thumb, 0 bytes, Stack size unknown bytes, libshutdown2.o(.ARM.Collect$$libshutdown$$0000000F))

<P><STRONG><a name="[36a74c0]"></a>__rt_lib_shutdown_signal_1</STRONG> (Thumb, 0 bytes, Stack size unknown bytes, libshutdown2.o(.ARM.Collect$$libshutdown$$00000009))

<P><STRONG><a name="[36a7628]"></a>__rt_lib_shutdown_stdio_1</STRONG> (Thumb, 0 bytes, Stack size unknown bytes, libshutdown2.o(.ARM.Collect$$libshutdown$$00000003))

<P><STRONG><a name="[36a7448]"></a>__rt_lib_shutdown_user_alloc_1</STRONG> (Thumb, 0 bytes, Stack size unknown bytes, libshutdown2.o(.ARM.Collect$$libshutdown$$0000000B))

<P><STRONG><a name="[36ae798]"></a>__rt_entry</STRONG> (Thumb, 0 bytes, Stack size unknown bytes, rtentry.o(.ARM.Collect$$rtentry$$00000000))
<BR><BR>[Called By]<UL><LI><a href="#[36a65c0]">&gt;&gt;</a>&nbsp;&nbsp;&nbsp;__scatterload_rt2
<LI><a href="#[36b16b4]">&gt;&gt;</a>&nbsp;&nbsp;&nbsp;__main
</UL>

<P><STRONG><a name="[36ab3cc]"></a>__rt_entry_presh_1</STRONG> (Thumb, 0 bytes, Stack size unknown bytes, rtentry2.o(.ARM.Collect$$rtentry$$00000002))

<P><STRONG><a name="[36ab048]"></a>__rt_entry_sh</STRONG> (Thumb, 0 bytes, Stack size unknown bytes, rtentry4.o(.ARM.Collect$$rtentry$$00000004))
<BR><BR>[Stack]<UL><LI>Max Depth = 8 + Unknown Stack Size
<LI>Call Chain = __rt_entry_sh &rArr; __user_setup_stackheap
</UL>
<BR>[Calls]<UL><LI><a href="#[36aa544]">&gt;&gt;</a>&nbsp;&nbsp;&nbsp;__user_setup_stackheap
</UL>

<P><STRONG><a name="[36ab318]"></a>__rt_entry_li</STRONG> (Thumb, 0 bytes, Stack size unknown bytes, rtentry2.o(.ARM.Collect$$rtentry$$0000000A))
<BR><BR>[Calls]<UL><LI><a href="#[36a9cd4]">&gt;&gt;</a>&nbsp;&nbsp;&nbsp;__rt_lib_init
</UL>

<P><STRONG><a name="[36ab354]"></a>__rt_entry_postsh_1</STRONG> (Thumb, 0 bytes, Stack size unknown bytes, rtentry2.o(.ARM.Collect$$rtentry$$00000009))

<P><STRONG><a name="[36ab264]"></a>__rt_entry_main</STRONG> (Thumb, 0 bytes, Stack size unknown bytes, rtentry2.o(.ARM.Collect$$rtentry$$0000000D))
<BR><BR>[Stack]<UL><LI>Max Depth = 160 + Unknown Stack Size
<LI>Call Chain = __rt_entry_main &rArr; main &rArr; BSP_Init &rArr; FSMC_LCD_Init &rArr; GPIO_Init
</UL>
<BR>[Calls]<UL><LI><a href="#[6a7390]">&gt;&gt;</a>&nbsp;&nbsp;&nbsp;main
<LI><a href="#[36aa3dc]">&gt;&gt;</a>&nbsp;&nbsp;&nbsp;exit
</UL>

<P><STRONG><a name="[36ab2a0]"></a>__rt_entry_postli_1</STRONG> (Thumb, 0 bytes, Stack size unknown bytes, rtentry2.o(.ARM.Collect$$rtentry$$0000000C))

<P><STRONG><a name="[36a9644]"></a>__rt_exit</STRONG> (Thumb, 0 bytes, Stack size unknown bytes, rtexit.o(.ARM.Collect$$rtexit$$00000000))
<BR><BR>[Called By]<UL><LI><a href="#[36aa3dc]">&gt;&gt;</a>&nbsp;&nbsp;&nbsp;exit
</UL>

<P><STRONG><a name="[36a8d98]"></a>__rt_exit_ls</STRONG> (Thumb, 0 bytes, Stack size unknown bytes, rtexit2.o(.ARM.Collect$$rtexit$$00000003))
<BR><BR>[Calls]<UL><LI><a href="#[36a8438]">&gt;&gt;</a>&nbsp;&nbsp;&nbsp;__rt_lib_shutdown
</UL>

<P><STRONG><a name="[36a8dd4]"></a>__rt_exit_prels_1</STRONG> (Thumb, 0 bytes, Stack size unknown bytes, rtexit2.o(.ARM.Collect$$rtexit$$00000002))

<P><STRONG><a name="[36a8d5c]"></a>__rt_exit_exit</STRONG> (Thumb, 0 bytes, Stack size unknown bytes, rtexit2.o(.ARM.Collect$$rtexit$$00000004))
<BR><BR>[Calls]<UL><LI><a href="#[36a8870]">&gt;&gt;</a>&nbsp;&nbsp;&nbsp;_sys_exit
</UL>

<P><STRONG><a name="[6af5a4]"></a>__user_initial_stackheap</STRONG> (Thumb, 0 bytes, Stack size unknown bytes, stm32f10x_startup.o(.text))
<BR><BR>[Called By]<UL><LI><a href="#[36aa544]">&gt;&gt;</a>&nbsp;&nbsp;&nbsp;__user_setup_stackheap
</UL>

<P><STRONG><a name="[2db0938]"></a>OS_CPU_SR_Save</STRONG> (Thumb, 0 bytes, Stack size unknown bytes, os_cpu_a.o(.text))
<BR><BR>[Called By]<UL><LI><a href="#[6a6c10]">&gt;&gt;</a>&nbsp;&nbsp;&nbsp;OSTimeSet
<LI><a href="#[6a6c88]">&gt;&gt;</a>&nbsp;&nbsp;&nbsp;OSTaskCreateExt
<LI><a href="#[6a6cc4]">&gt;&gt;</a>&nbsp;&nbsp;&nbsp;OSTaskCreate
<LI><a href="#[6a6d00]">&gt;&gt;</a>&nbsp;&nbsp;&nbsp;OSStatInit
<LI><a href="#[6a6d78]">&gt;&gt;</a>&nbsp;&nbsp;&nbsp;OSSemCreate
<LI><a href="#[6aee24]">&gt;&gt;</a>&nbsp;&nbsp;&nbsp;SysTickHandler
<LI><a href="#[2db09b0]">&gt;&gt;</a>&nbsp;&nbsp;&nbsp;OSTimeTick
<LI><a href="#[2db0a28]">&gt;&gt;</a>&nbsp;&nbsp;&nbsp;OSIntExit
<LI><a href="#[2dbbee0]">&gt;&gt;</a>&nbsp;&nbsp;&nbsp;OSSemPost
<LI><a href="#[2dbbf58]">&gt;&gt;</a>&nbsp;&nbsp;&nbsp;OSSemPend
<LI><a href="#[2dbd434]">&gt;&gt;</a>&nbsp;&nbsp;&nbsp;OSMboxCreate
<LI><a href="#[2dbf9b4]">&gt;&gt;</a>&nbsp;&nbsp;&nbsp;OSTimeDly
<LI><a href="#[2dbf9f0]">&gt;&gt;</a>&nbsp;&nbsp;&nbsp;OSTaskStkChk
<LI><a href="#[2dbfa2c]">&gt;&gt;</a>&nbsp;&nbsp;&nbsp;OSTaskNameSet
<LI><a href="#[2dbfaa4]">&gt;&gt;</a>&nbsp;&nbsp;&nbsp;OS_TaskStat
<LI><a href="#[2dbfae0]">&gt;&gt;</a>&nbsp;&nbsp;&nbsp;OS_TaskIdle
<LI><a href="#[2dbfb1c]">&gt;&gt;</a>&nbsp;&nbsp;&nbsp;OS_TCBInit
<LI><a href="#[2dbfbd0]">&gt;&gt;</a>&nbsp;&nbsp;&nbsp;OS_Sched
</UL>

<P><STRONG><a name="[2db0974]"></a>OS_CPU_SR_Restore</STRONG> (Thumb, 0 bytes, Stack size unknown bytes, os_cpu_a.o(.text))
<BR><BR>[Called By]<UL><LI><a href="#[6a6c10]">&gt;&gt;</a>&nbsp;&nbsp;&nbsp;OSTimeSet
<LI><a href="#[6a6c88]">&gt;&gt;</a>&nbsp;&nbsp;&nbsp;OSTaskCreateExt
<LI><a href="#[6a6cc4]">&gt;&gt;</a>&nbsp;&nbsp;&nbsp;OSTaskCreate
<LI><a href="#[6a6d00]">&gt;&gt;</a>&nbsp;&nbsp;&nbsp;OSStatInit
<LI><a href="#[6a6d78]">&gt;&gt;</a>&nbsp;&nbsp;&nbsp;OSSemCreate
<LI><a href="#[6aee24]">&gt;&gt;</a>&nbsp;&nbsp;&nbsp;SysTickHandler
<LI><a href="#[2db09b0]">&gt;&gt;</a>&nbsp;&nbsp;&nbsp;OSTimeTick
<LI><a href="#[2db0a28]">&gt;&gt;</a>&nbsp;&nbsp;&nbsp;OSIntExit
<LI><a href="#[2dbbee0]">&gt;&gt;</a>&nbsp;&nbsp;&nbsp;OSSemPost
<LI><a href="#[2dbbf58]">&gt;&gt;</a>&nbsp;&nbsp;&nbsp;OSSemPend
<LI><a href="#[2dbd434]">&gt;&gt;</a>&nbsp;&nbsp;&nbsp;OSMboxCreate
<LI><a href="#[2dbf9b4]">&gt;&gt;</a>&nbsp;&nbsp;&nbsp;OSTimeDly
<LI><a href="#[2dbf9f0]">&gt;&gt;</a>&nbsp;&nbsp;&nbsp;OSTaskStkChk
<LI><a href="#[2dbfa2c]">&gt;&gt;</a>&nbsp;&nbsp;&nbsp;OSTaskNameSet
<LI><a href="#[2dbfaa4]">&gt;&gt;</a>&nbsp;&nbsp;&nbsp;OS_TaskStat
<LI><a href="#[2dbfae0]">&gt;&gt;</a>&nbsp;&nbsp;&nbsp;OS_TaskIdle
<LI><a href="#[2dbfb1c]">&gt;&gt;</a>&nbsp;&nbsp;&nbsp;OS_TCBInit
<LI><a href="#[2dbfbd0]">&gt;&gt;</a>&nbsp;&nbsp;&nbsp;OS_Sched
</UL>

<P><STRONG><a name="[2dc3fc8]"></a>OSStartHighRdy</STRONG> (Thumb, 0 bytes, Stack size unknown bytes, os_cpu_a.o(.text))
<BR><BR>[Called By]<UL><LI><a href="#[6a6d3c]">&gt;&gt;</a>&nbsp;&nbsp;&nbsp;OSStart
</UL>

<P><STRONG><a name="[2dc3f8c]"></a>OSCtxSw</STRONG> (Thumb, 0 bytes, Stack size unknown bytes, os_cpu_a.o(.text))
<BR><BR>[Called By]<UL><LI><a href="#[2dbfbd0]">&gt;&gt;</a>&nbsp;&nbsp;&nbsp;OS_Sched
</UL>

<P><STRONG><a name="[2dc3f50]"></a>OSIntCtxSw</STRONG> (Thumb, 0 bytes, Stack size unknown bytes, os_cpu_a.o(.text))
<BR><BR>[Called By]<UL><LI><a href="#[2db0a28]">&gt;&gt;</a>&nbsp;&nbsp;&nbsp;OSIntExit
</UL>

<P><STRONG><a name="[6aefc8]"></a>OSPendSV</STRONG> (Thumb, 0 bytes, Stack size unknown bytes, os_cpu_a.o(.text))
<BR>[Address Reference Count : 1]<UL><LI> stm32f10x_startup.o(RESET)
</UL>
<P><STRONG><a name="[6a71ec]"></a>CPU_IntDis</STRONG> (Thumb, 0 bytes, Stack size unknown bytes, cpu_a.o(.text))
<BR><BR>[Called By]<UL><LI><a href="#[6a7390]">&gt;&gt;</a>&nbsp;&nbsp;&nbsp;main
</UL>

<P><STRONG><a name="[2dc3cf8]"></a>CPU_IntEn</STRONG> (Thumb, 0 bytes, Stack size unknown bytes, cpu_a.o(.text), UNUSED)

<P><STRONG><a name="[2dc3cbc]"></a>CPU_SR_Save</STRONG> (Thumb, 0 bytes, Stack size unknown bytes, cpu_a.o(.text), UNUSED)

<P><STRONG><a name="[2dc3c80]"></a>CPU_SR_Restore</STRONG> (Thumb, 0 bytes, Stack size unknown bytes, cpu_a.o(.text), UNUSED)

<P><STRONG><a name="[36b235c]"></a>memcmp</STRONG> (Thumb, 78 bytes, Stack size 8 bytes, memcmp.o(.text))
<BR><BR>[Stack]<UL><LI>Max Depth = 8<LI>Call Chain = memcmp
</UL>
<BR>[Called By]<UL><LI><a href="#[35ff904]">&gt;&gt;</a>&nbsp;&nbsp;&nbsp;GUI_TOUCH_StoreStateEx
</UL>

<P><STRONG><a name="[36b226c]"></a>strcpy</STRONG> (Thumb, 74 bytes, Stack size 12 bytes, strcpy.o(.text))
<BR><BR>[Stack]<UL><LI>Max Depth = 12<LI>Call Chain = strcpy
</UL>
<BR>[Called By]<UL><LI><a href="#[33cae08]">&gt;&gt;</a>&nbsp;&nbsp;&nbsp;GUI__SetText
</UL>

<P><STRONG><a name="[36b208c]"></a>__aeabi_memcpy</STRONG> (Thumb, 0 bytes, Stack size 0 bytes, rt_memcpy_v6.o(.text))
<BR><BR>[Called By]<UL><LI><a href="#[3383618]">&gt;&gt;</a>&nbsp;&nbsp;&nbsp;_DrawBitmap
<LI><a href="#[33cae08]">&gt;&gt;</a>&nbsp;&nbsp;&nbsp;GUI__SetText
<LI><a href="#[3584f74]">&gt;&gt;</a>&nbsp;&nbsp;&nbsp;_DrawBitmap
<LI><a href="#[36b1ee8]">&gt;&gt;</a>&nbsp;&nbsp;&nbsp;__rt_memmove
</UL>

<P><STRONG><a name="[36b2050]"></a>__rt_memcpy</STRONG> (Thumb, 140 bytes, Stack size 0 bytes, rt_memcpy_v6.o(.text), UNUSED)
<BR><BR>[Calls]<UL><LI><a href="#[36b1c54]">&gt;&gt;</a>&nbsp;&nbsp;&nbsp;__aeabi_memcpy4
</UL>

<P><STRONG><a name="[36b2014]"></a>_memcpy_lastbytes</STRONG> (Thumb, 0 bytes, Stack size unknown bytes, rt_memcpy_v6.o(.text), UNUSED)

<P><STRONG><a name="[36b1f24]"></a>__aeabi_memmove</STRONG> (Thumb, 0 bytes, Stack size 0 bytes, rt_memmove_v6.o(.text))
<BR><BR>[Called By]<UL><LI><a href="#[3274bcc]">&gt;&gt;</a>&nbsp;&nbsp;&nbsp;_RemoveHoles
</UL>

<P><STRONG><a name="[36b1ee8]"></a>__rt_memmove</STRONG> (Thumb, 122 bytes, Stack size 0 bytes, rt_memmove_v6.o(.text), UNUSED)
<BR><BR>[Calls]<UL><LI><a href="#[36b208c]">&gt;&gt;</a>&nbsp;&nbsp;&nbsp;__aeabi_memcpy
</UL>

<P><STRONG><a name="[36b1eac]"></a>__memmove_lastfew</STRONG> (Thumb, 0 bytes, Stack size unknown bytes, rt_memmove_v6.o(.text), UNUSED)

<P><STRONG><a name="[36b1d80]"></a>__aeabi_memset</STRONG> (Thumb, 16 bytes, Stack size 0 bytes, aeabi_memset.o(.text))
<BR><BR>[Calls]<UL><LI><a href="#[36adeec]">&gt;&gt;</a>&nbsp;&nbsp;&nbsp;_memset
</UL>
<BR>[Called By]<UL><LI><a href="#[35813b0]">&gt;&gt;</a>&nbsp;&nbsp;&nbsp;GUI_USAGE_BM_AddHLine
</UL>

<P><STRONG><a name="[36b1c54]"></a>__aeabi_memcpy4</STRONG> (Thumb, 0 bytes, Stack size 8 bytes, rt_memcpy_w.o(.text))
<BR><BR>[Stack]<UL><LI>Max Depth = 8<LI>Call Chain = __aeabi_memcpy4
</UL>
<BR>[Called By]<UL><LI><a href="#[6a70fc]">&gt;&gt;</a>&nbsp;&nbsp;&nbsp;FRAMEWIN_SetSkinFlexProps
<LI><a href="#[6a7174]">&gt;&gt;</a>&nbsp;&nbsp;&nbsp;FRAMEWIN_GetSkinFlexProps
<LI><a href="#[2db9474]">&gt;&gt;</a>&nbsp;&nbsp;&nbsp;GUI_TOUCH_X_MeasureY
<LI><a href="#[2db94b0]">&gt;&gt;</a>&nbsp;&nbsp;&nbsp;GUI_TOUCH_X_MeasureX
<LI><a href="#[304425c]">&gt;&gt;</a>&nbsp;&nbsp;&nbsp;GUIDRV_FlexColor_SetFunc
<LI><a href="#[3044298]">&gt;&gt;</a>&nbsp;&nbsp;&nbsp;GUIDRV_FlexColor_Config
<LI><a href="#[31d2374]">&gt;&gt;</a>&nbsp;&nbsp;&nbsp;GUI_Lock
<LI><a href="#[32702e8]">&gt;&gt;</a>&nbsp;&nbsp;&nbsp;GUITASK_CopyContext
<LI><a href="#[3383708]">&gt;&gt;</a>&nbsp;&nbsp;&nbsp;_DrawBitLine32BPP_DDB
<LI><a href="#[33cb024]">&gt;&gt;</a>&nbsp;&nbsp;&nbsp;BUTTON_CreateUser
<LI><a href="#[3468118]">&gt;&gt;</a>&nbsp;&nbsp;&nbsp;GUI_SaveContext_W
<LI><a href="#[3468154]">&gt;&gt;</a>&nbsp;&nbsp;&nbsp;GUI_RestoreContext
<LI><a href="#[36add48]">&gt;&gt;</a>&nbsp;&nbsp;&nbsp;__rt_memmove_w
<LI><a href="#[36b2050]">&gt;&gt;</a>&nbsp;&nbsp;&nbsp;__rt_memcpy
</UL>

<P><STRONG><a name="[36b1c18]"></a>__aeabi_memcpy8</STRONG> (Thumb, 0 bytes, Stack size 8 bytes, rt_memcpy_w.o(.text), UNUSED)

<P><STRONG><a name="[36b1bdc]"></a>__rt_memcpy_w</STRONG> (Thumb, 100 bytes, Stack size 8 bytes, rt_memcpy_w.o(.text), UNUSED)

<P><STRONG><a name="[36b1ba0]"></a>_memcpy_lastbytes_aligned</STRONG> (Thumb, 0 bytes, Stack size unknown bytes, rt_memcpy_w.o(.text), UNUSED)

<P><STRONG><a name="[36b1ab0]"></a>__aeabi_memclr4</STRONG> (Thumb, 0 bytes, Stack size 4 bytes, rt_memclr_w.o(.text))
<BR><BR>[Stack]<UL><LI>Max Depth = 4<LI>Call Chain = __aeabi_memclr4
</UL>
<BR>[Called By]<UL><LI><a href="#[304434c]">&gt;&gt;</a>&nbsp;&nbsp;&nbsp;LCD_X_Config
<LI><a href="#[32ba048]">&gt;&gt;</a>&nbsp;&nbsp;&nbsp;_FillRect
<LI><a href="#[32ba0c0]">&gt;&gt;</a>&nbsp;&nbsp;&nbsp;_DrawVLine
<LI><a href="#[32ba138]">&gt;&gt;</a>&nbsp;&nbsp;&nbsp;_DrawHLine
<LI><a href="#[32ba1b0]">&gt;&gt;</a>&nbsp;&nbsp;&nbsp;_DrawBitmap
<LI><a href="#[33c9da0]">&gt;&gt;</a>&nbsp;&nbsp;&nbsp;_Create
<LI><a href="#[35812c0]">&gt;&gt;</a>&nbsp;&nbsp;&nbsp;GUI_USAGE_BM_Clear
</UL>

<P><STRONG><a name="[36b1a74]"></a>__aeabi_memclr8</STRONG> (Thumb, 0 bytes, Stack size 4 bytes, rt_memclr_w.o(.text), UNUSED)

<P><STRONG><a name="[36b1a38]"></a>__rt_memclr_w</STRONG> (Thumb, 78 bytes, Stack size 4 bytes, rt_memclr_w.o(.text), UNUSED)

<P><STRONG><a name="[36b19fc]"></a>_memset_w</STRONG> (Thumb, 0 bytes, Stack size unknown bytes, rt_memclr_w.o(.text), UNUSED)
<BR><BR>[Called By]<UL><LI><a href="#[36adf28]">&gt;&gt;</a>&nbsp;&nbsp;&nbsp;__rt_memclr
</UL>

<P><STRONG><a name="[36b181c]"></a>__use_two_region_memory</STRONG> (Thumb, 2 bytes, Stack size 0 bytes, heapauxi.o(.text), UNUSED)

<P><STRONG><a name="[36b17e0]"></a>__rt_heap_escrow$2region</STRONG> (Thumb, 2 bytes, Stack size 0 bytes, heapauxi.o(.text), UNUSED)

<P><STRONG><a name="[36b17a4]"></a>__rt_heap_expand$2region</STRONG> (Thumb, 2 bytes, Stack size 0 bytes, heapauxi.o(.text), UNUSED)

<P><STRONG><a name="[36adf64]"></a>__aeabi_memclr</STRONG> (Thumb, 0 bytes, Stack size 0 bytes, rt_memclr.o(.text), UNUSED)

<P><STRONG><a name="[36adf28]"></a>__rt_memclr</STRONG> (Thumb, 68 bytes, Stack size 0 bytes, rt_memclr.o(.text), UNUSED)
<BR><BR>[Calls]<UL><LI><a href="#[36b19fc]">&gt;&gt;</a>&nbsp;&nbsp;&nbsp;_memset_w
</UL>

<P><STRONG><a name="[36adeec]"></a>_memset</STRONG> (Thumb, 0 bytes, Stack size unknown bytes, rt_memclr.o(.text))
<BR><BR>[Called By]<UL><LI><a href="#[36b1d80]">&gt;&gt;</a>&nbsp;&nbsp;&nbsp;__aeabi_memset
</UL>

<P><STRONG><a name="[36addc0]"></a>__aeabi_memmove4</STRONG> (Thumb, 0 bytes, Stack size 8 bytes, rt_memmove_w.o(.text), UNUSED)

<P><STRONG><a name="[36add84]"></a>__aeabi_memmove8</STRONG> (Thumb, 0 bytes, Stack size 8 bytes, rt_memmove_w.o(.text), UNUSED)

<P><STRONG><a name="[36add48]"></a>__rt_memmove_w</STRONG> (Thumb, 122 bytes, Stack size 8 bytes, rt_memmove_w.o(.text), UNUSED)
<BR><BR>[Calls]<UL><LI><a href="#[36b1c54]">&gt;&gt;</a>&nbsp;&nbsp;&nbsp;__aeabi_memcpy4
</UL>

<P><STRONG><a name="[36add0c]"></a>__memmove_aligned</STRONG> (Thumb, 0 bytes, Stack size unknown bytes, rt_memmove_w.o(.text), UNUSED)

<P><STRONG><a name="[36adcd0]"></a>__memmove_lastfew_aligned</STRONG> (Thumb, 0 bytes, Stack size unknown bytes, rt_memmove_w.o(.text), UNUSED)

<P><STRONG><a name="[36aa6ac]"></a>__user_libspace</STRONG> (Thumb, 8 bytes, Stack size 0 bytes, libspace.o(.text), UNUSED)

<P><STRONG><a name="[36aa670]"></a>__user_perproc_libspace</STRONG> (Thumb, 0 bytes, Stack size 0 bytes, libspace.o(.text))
<BR><BR>[Called By]<UL><LI><a href="#[36aa544]">&gt;&gt;</a>&nbsp;&nbsp;&nbsp;__user_setup_stackheap
</UL>

<P><STRONG><a name="[36aa634]"></a>__user_perthread_libspace</STRONG> (Thumb, 0 bytes, Stack size 0 bytes, libspace.o(.text), UNUSED)

<P><STRONG><a name="[36aa544]"></a>__user_setup_stackheap</STRONG> (Thumb, 74 bytes, Stack size 8 bytes, sys_stackheap_outer.o(.text))
<BR><BR>[Stack]<UL><LI>Max Depth = 8 + Unknown Stack Size
<LI>Call Chain = __user_setup_stackheap
</UL>
<BR>[Calls]<UL><LI><a href="#[6af5a4]">&gt;&gt;</a>&nbsp;&nbsp;&nbsp;__user_initial_stackheap
<LI><a href="#[36aa670]">&gt;&gt;</a>&nbsp;&nbsp;&nbsp;__user_perproc_libspace
</UL>
<BR>[Called By]<UL><LI><a href="#[36ab048]">&gt;&gt;</a>&nbsp;&nbsp;&nbsp;__rt_entry_sh
</UL>

<P><STRONG><a name="[36aa3dc]"></a>exit</STRONG> (Thumb, 12 bytes, Stack size 0 bytes, exit.o(.text))
<BR><BR>[Calls]<UL><LI><a href="#[36a9644]">&gt;&gt;</a>&nbsp;&nbsp;&nbsp;__rt_exit
</UL>
<BR>[Called By]<UL><LI><a href="#[36ab264]">&gt;&gt;</a>&nbsp;&nbsp;&nbsp;__rt_entry_main
</UL>

<P><STRONG><a name="[36a8fb4]"></a>__I$use$semihosting</STRONG> (Thumb, 0 bytes, Stack size 0 bytes, use_no_semi.o(.text))
<BR>[Address Reference Count : 1]<UL><LI> sys_exit.o(.text)
</UL>
<P><STRONG><a name="[36a8f78]"></a>__use_no_semihosting_swi</STRONG> (Thumb, 2 bytes, Stack size 0 bytes, use_no_semi.o(.text), UNUSED)

<P><STRONG><a name="[36a8870]"></a>_sys_exit</STRONG> (Thumb, 16 bytes, Stack size 0 bytes, sys_exit.o(.text))
<BR><BR>[Called By]<UL><LI><a href="#[36a8d5c]">&gt;&gt;</a>&nbsp;&nbsp;&nbsp;__rt_exit_exit
</UL>

<P><STRONG><a name="[6af4f0]"></a>ADC_IRQHandler</STRONG> (Thumb, 2 bytes, Stack size 0 bytes, stm32f10x_it.o(i.ADC_IRQHandler))
<BR>[Address Reference Count : 1]<UL><LI> stm32f10x_startup.o(RESET)
</UL>
<P><STRONG><a name="[6a74f8]"></a>App_TCBInitHook</STRONG> (Thumb, 2 bytes, Stack size 0 bytes, app.o(i.App_TCBInitHook))
<BR><BR>[Called By]<UL><LI><a href="#[2dc4784]">&gt;&gt;</a>&nbsp;&nbsp;&nbsp;OSTCBInitHook
</UL>

<P><STRONG><a name="[6a74bc]"></a>App_TaskCreateHook</STRONG> (Thumb, 2 bytes, Stack size 0 bytes, app.o(i.App_TaskCreateHook))
<BR><BR>[Called By]<UL><LI><a href="#[2dc4748]">&gt;&gt;</a>&nbsp;&nbsp;&nbsp;OSTaskCreateHook
</UL>

<P><STRONG><a name="[6a7444]"></a>App_TaskIdleHook</STRONG> (Thumb, 2 bytes, Stack size 0 bytes, app.o(i.App_TaskIdleHook))
<BR><BR>[Called By]<UL><LI><a href="#[2dc46d0]">&gt;&gt;</a>&nbsp;&nbsp;&nbsp;OSTaskIdleHook
</UL>

<P><STRONG><a name="[6a7408]"></a>App_TaskStatHook</STRONG> (Thumb, 2 bytes, Stack size 0 bytes, app.o(i.App_TaskStatHook))
<BR><BR>[Called By]<UL><LI><a href="#[2dc4694]">&gt;&gt;</a>&nbsp;&nbsp;&nbsp;OSTaskStatHook
</UL>

<P><STRONG><a name="[6a73cc]"></a>App_TaskSwHook</STRONG> (Thumb, 2 bytes, Stack size 0 bytes, app.o(i.App_TaskSwHook))
<BR><BR>[Called By]<UL><LI><a href="#[2dc461c]">&gt;&gt;</a>&nbsp;&nbsp;&nbsp;OSTaskSwHook
</UL>

<P><STRONG><a name="[6a7354]"></a>BSP_Init</STRONG> (Thumb, 22 bytes, Stack size 8 bytes, bsp.o(i.BSP_Init))
<BR><BR>[Stack]<UL><LI>Max Depth = 152<LI>Call Chain = BSP_Init &rArr; FSMC_LCD_Init &rArr; GPIO_Init
</UL>
<BR>[Calls]<UL><LI><a href="#[2daeebc]">&gt;&gt;</a>&nbsp;&nbsp;&nbsp;FSMC_LCD_Init
<LI><a href="#[2daeef8]">&gt;&gt;</a>&nbsp;&nbsp;&nbsp;tp_Config
<LI><a href="#[2daf024]">&gt;&gt;</a>&nbsp;&nbsp;&nbsp;RCC_Configuration
<LI><a href="#[2daf060]">&gt;&gt;</a>&nbsp;&nbsp;&nbsp;GPIO_Configuration
</UL>
<BR>[Called By]<UL><LI><a href="#[6a7390]">&gt;&gt;</a>&nbsp;&nbsp;&nbsp;main
</UL>

<P><STRONG><a name="[31d63e8]"></a>BUTTON_Callback</STRONG> (Thumb, 212 bytes, Stack size 16 bytes, button.o(i.BUTTON_Callback))
<BR><BR>[Stack]<UL><LI>Max Depth = 288 + Unknown Stack Size
<LI>Call Chain = BUTTON_Callback &rArr; WIDGET_HandleActive &rArr; WM__UpdateChildPositions &rArr; WM_ResizeWindow &rArr;  WM__UpdateChildPositions (Cycle)
</UL>
<BR>[Calls]<UL><LI><a href="#[6a6a30]">&gt;&gt;</a>&nbsp;&nbsp;&nbsp;WM_DefaultProc
<LI><a href="#[3273a38]">&gt;&gt;</a>&nbsp;&nbsp;&nbsp;GUI_ALLOC_UnlockH
<LI><a href="#[3273aec]">&gt;&gt;</a>&nbsp;&nbsp;&nbsp;GUI_ALLOC_LockH
<LI><a href="#[3273c90]">&gt;&gt;</a>&nbsp;&nbsp;&nbsp;GUI_ALLOC_FreePtrArray
<LI><a href="#[3273ccc]">&gt;&gt;</a>&nbsp;&nbsp;&nbsp;GUI_ALLOC_FreePtr
<LI><a href="#[33cad90]">&gt;&gt;</a>&nbsp;&nbsp;&nbsp;WIDGET_HandleActive
<LI><a href="#[33caf70]">&gt;&gt;</a>&nbsp;&nbsp;&nbsp;BUTTON_SetPressed
<LI><a href="#[33cb894]">&gt;&gt;</a>&nbsp;&nbsp;&nbsp;_OnButtonReleased
<LI><a href="#[33cb90c]">&gt;&gt;</a>&nbsp;&nbsp;&nbsp;_OnButtonPressed
</UL>
<BR>[Address Reference Count : 1]<UL><LI> button.o(i.BUTTON_CreateUser)
</UL>
<P><STRONG><a name="[6a7318]"></a>BUTTON_CreateAsChild</STRONG> (Thumb, 26 bytes, Stack size 40 bytes, button_create.o(i.BUTTON_CreateAsChild))
<BR><BR>[Stack]<UL><LI>Max Depth = 360 + Unknown Stack Size
<LI>Call Chain = BUTTON_CreateAsChild &rArr; BUTTON_CreateEx &rArr; BUTTON_CreateUser &rArr; WM_CreateWindowAsChild &rArr; WM_InvalidateWindow &rArr; WM_InvalidateRect &rArr; WM__InvalidateRectEx &rArr; WM__InvalidateRect &rArr;  WM__InvalidateRect (Cycle)
</UL>
<BR>[Calls]<UL><LI><a href="#[31d63ac]">&gt;&gt;</a>&nbsp;&nbsp;&nbsp;BUTTON_CreateEx
</UL>
<BR>[Called By]<UL><LI><a href="#[6acd90]">&gt;&gt;</a>&nbsp;&nbsp;&nbsp;AppTaskUserIF
</UL>

<P><STRONG><a name="[31d63ac]"></a>BUTTON_CreateEx</STRONG> (Thumb, 28 bytes, Stack size 40 bytes, button.o(i.BUTTON_CreateEx))
<BR><BR>[Stack]<UL><LI>Max Depth = 320 + Unknown Stack Size
<LI>Call Chain = BUTTON_CreateEx &rArr; BUTTON_CreateUser &rArr; WM_CreateWindowAsChild &rArr; WM_InvalidateWindow &rArr; WM_InvalidateRect &rArr; WM__InvalidateRectEx &rArr; WM__InvalidateRect &rArr;  WM__InvalidateRect (Cycle)
</UL>
<BR>[Calls]<UL><LI><a href="#[33cb024]">&gt;&gt;</a>&nbsp;&nbsp;&nbsp;BUTTON_CreateUser
</UL>
<BR>[Called By]<UL><LI><a href="#[6a7318]">&gt;&gt;</a>&nbsp;&nbsp;&nbsp;BUTTON_CreateAsChild
</UL>

<P><STRONG><a name="[33cb024]"></a>BUTTON_CreateUser</STRONG> (Thumb, 110 bytes, Stack size 56 bytes, button.o(i.BUTTON_CreateUser))
<BR><BR>[Stack]<UL><LI>Max Depth = 280 + Unknown Stack Size
<LI>Call Chain = BUTTON_CreateUser &rArr; WM_CreateWindowAsChild &rArr; WM_InvalidateWindow &rArr; WM_InvalidateRect &rArr; WM__InvalidateRectEx &rArr; WM__InvalidateRect &rArr;  WM__InvalidateRect (Cycle)
</UL>
<BR>[Calls]<UL><LI><a href="#[30b5e7c]">&gt;&gt;</a>&nbsp;&nbsp;&nbsp;WM_CreateWindowAsChild
<LI><a href="#[31d2338]">&gt;&gt;</a>&nbsp;&nbsp;&nbsp;GUI_Unlock
<LI><a href="#[31d2374]">&gt;&gt;</a>&nbsp;&nbsp;&nbsp;GUI_Lock
<LI><a href="#[3273a38]">&gt;&gt;</a>&nbsp;&nbsp;&nbsp;GUI_ALLOC_UnlockH
<LI><a href="#[3273aec]">&gt;&gt;</a>&nbsp;&nbsp;&nbsp;GUI_ALLOC_LockH
<LI><a href="#[33cacdc]">&gt;&gt;</a>&nbsp;&nbsp;&nbsp;WIDGET__Init
<LI><a href="#[36b1c54]">&gt;&gt;</a>&nbsp;&nbsp;&nbsp;__aeabi_memcpy4
</UL>
<BR>[Called By]<UL><LI><a href="#[31d63ac]">&gt;&gt;</a>&nbsp;&nbsp;&nbsp;BUTTON_CreateEx
</UL>

<P><STRONG><a name="[6a72dc]"></a>BUTTON_DrawSkinFlex</STRONG> (Thumb, 518 bytes, Stack size 48 bytes, button_skinflex.o(i.BUTTON_DrawSkinFlex))
<BR><BR>[Stack]<UL><LI>Max Depth = 280 + Unknown Stack Size
<LI>Call Chain = BUTTON_DrawSkinFlex &rArr; GUI_DrawGradientV &rArr; _DrawGradient &rArr; GUI_GetColor &rArr; GUI_Lock &rArr; GUI_X_Lock &rArr; OSSemPend &rArr; OS_Sched
</UL>
<BR>[Calls]<UL><LI><a href="#[3038e98]">&gt;&gt;</a>&nbsp;&nbsp;&nbsp;WM_SetHasTrans
<LI><a href="#[303c930]">&gt;&gt;</a>&nbsp;&nbsp;&nbsp;GUI_FillRect
<LI><a href="#[303c9a8]">&gt;&gt;</a>&nbsp;&nbsp;&nbsp;GUI_DrawHLine
<LI><a href="#[303fe28]">&gt;&gt;</a>&nbsp;&nbsp;&nbsp;GUI_SetTextMode
<LI><a href="#[303fe64]">&gt;&gt;</a>&nbsp;&nbsp;&nbsp;GUI_SetFont
<LI><a href="#[303fea0]">&gt;&gt;</a>&nbsp;&nbsp;&nbsp;GUI_SetColor
<LI><a href="#[304029c]">&gt;&gt;</a>&nbsp;&nbsp;&nbsp;GUI_DrawGradientV
<LI><a href="#[3117e74]">&gt;&gt;</a>&nbsp;&nbsp;&nbsp;GUI_DispStringInRect
<LI><a href="#[31d6244]">&gt;&gt;</a>&nbsp;&nbsp;&nbsp;GUI_DrawVLine
<LI><a href="#[31d6280]">&gt;&gt;</a>&nbsp;&nbsp;&nbsp;GUI_DrawRect
<LI><a href="#[326a258]">&gt;&gt;</a>&nbsp;&nbsp;&nbsp;GUI_GetClientRect
<LI><a href="#[3273a38]">&gt;&gt;</a>&nbsp;&nbsp;&nbsp;GUI_ALLOC_UnlockH
<LI><a href="#[3273aec]">&gt;&gt;</a>&nbsp;&nbsp;&nbsp;GUI_ALLOC_LockH
<LI><a href="#[33c91ac]">&gt;&gt;</a>&nbsp;&nbsp;&nbsp;WM__IsEnabled
<LI><a href="#[33c91e8]">&gt;&gt;</a>&nbsp;&nbsp;&nbsp;GUI__DrawTwinArc4
<LI><a href="#[33c9224]">&gt;&gt;</a>&nbsp;&nbsp;&nbsp;GUI_DRAW__Draw
</UL>
<BR>[Address Reference Count : 1]<UL><LI> app.o(i.AppTaskUserIF)
</UL>
<P><STRONG><a name="[6a72a0]"></a>BUTTON_SetDefaultSkin</STRONG> (Thumb, 16 bytes, Stack size 0 bytes, button_skin.o(i.BUTTON_SetDefaultSkin))
<BR><BR>[Called By]<UL><LI><a href="#[6acd90]">&gt;&gt;</a>&nbsp;&nbsp;&nbsp;AppTaskUserIF
</UL>

<P><STRONG><a name="[33caf70]"></a>BUTTON_SetPressed</STRONG> (Thumb, 18 bytes, Stack size 0 bytes, button.o(i.BUTTON_SetPressed))
<BR><BR>[Stack]<UL><LI>Max Depth = 200 + Unknown Stack Size
<LI>Call Chain = BUTTON_SetPressed &rArr; WIDGET_OrState &rArr; WM_InvalidateWindow &rArr; WM_InvalidateRect &rArr; WM__InvalidateRectEx &rArr; WM__InvalidateRect &rArr;  WM__InvalidateRect (Cycle)
</UL>
<BR>[Calls]<UL><LI><a href="#[33cad54]">&gt;&gt;</a>&nbsp;&nbsp;&nbsp;WIDGET_OrState
<LI><a href="#[33cadcc]">&gt;&gt;</a>&nbsp;&nbsp;&nbsp;WIDGET_AndState
</UL>
<BR>[Called By]<UL><LI><a href="#[31d63e8]">&gt;&gt;</a>&nbsp;&nbsp;&nbsp;BUTTON_Callback
</UL>

<P><STRONG><a name="[6a7264]"></a>BUTTON_SetReactOnLevel</STRONG> (Thumb, 12 bytes, Stack size 0 bytes, button.o(i.BUTTON_SetReactOnLevel))
<BR><BR>[Called By]<UL><LI><a href="#[6acd90]">&gt;&gt;</a>&nbsp;&nbsp;&nbsp;AppTaskUserIF
</UL>

<P><STRONG><a name="[6a7228]"></a>BUTTON_SetText</STRONG> (Thumb, 68 bytes, Stack size 24 bytes, button.o(i.BUTTON_SetText))
<BR><BR>[Stack]<UL><LI>Max Depth = 208 + Unknown Stack Size
<LI>Call Chain = BUTTON_SetText &rArr; WM_InvalidateWindow &rArr; WM_InvalidateRect &rArr; WM__InvalidateRectEx &rArr; WM__InvalidateRect &rArr;  WM__InvalidateRect (Cycle)
</UL>
<BR>[Calls]<UL><LI><a href="#[303f93c]">&gt;&gt;</a>&nbsp;&nbsp;&nbsp;WM_InvalidateWindow
<LI><a href="#[31d2338]">&gt;&gt;</a>&nbsp;&nbsp;&nbsp;GUI_Unlock
<LI><a href="#[31d2374]">&gt;&gt;</a>&nbsp;&nbsp;&nbsp;GUI_Lock
<LI><a href="#[3273a38]">&gt;&gt;</a>&nbsp;&nbsp;&nbsp;GUI_ALLOC_UnlockH
<LI><a href="#[3273aec]">&gt;&gt;</a>&nbsp;&nbsp;&nbsp;GUI_ALLOC_LockH
<LI><a href="#[33cae08]">&gt;&gt;</a>&nbsp;&nbsp;&nbsp;GUI__SetText
</UL>
<BR>[Called By]<UL><LI><a href="#[6acca0]">&gt;&gt;</a>&nbsp;&nbsp;&nbsp;_cbBk
<LI><a href="#[6acd90]">&gt;&gt;</a>&nbsp;&nbsp;&nbsp;AppTaskUserIF
</UL>

<P><STRONG><a name="[6af4b4]"></a>CAN_RX1_IRQHandler</STRONG> (Thumb, 2 bytes, Stack size 0 bytes, stm32f10x_it.o(i.CAN_RX1_IRQHandler))
<BR>[Address Reference Count : 1]<UL><LI> stm32f10x_startup.o(RESET)
</UL>
<P><STRONG><a name="[6af478]"></a>CAN_SCE_IRQHandler</STRONG> (Thumb, 2 bytes, Stack size 0 bytes, stm32f10x_it.o(i.CAN_SCE_IRQHandler))
<BR>[Address Reference Count : 1]<UL><LI> stm32f10x_startup.o(RESET)
</UL>
<P><STRONG><a name="[6af43c]"></a>DMAChannel1_IRQHandler</STRONG> (Thumb, 2 bytes, Stack size 0 bytes, stm32f10x_it.o(i.DMAChannel1_IRQHandler))
<BR>[Address Reference Count : 1]<UL><LI> stm32f10x_startup.o(RESET)
</UL>
<P><STRONG><a name="[6af400]"></a>DMAChannel2_IRQHandler</STRONG> (Thumb, 2 bytes, Stack size 0 bytes, stm32f10x_it.o(i.DMAChannel2_IRQHandler))
<BR>[Address Reference Count : 1]<UL><LI> stm32f10x_startup.o(RESET)
</UL>
<P><STRONG><a name="[6af3c4]"></a>DMAChannel3_IRQHandler</STRONG> (Thumb, 2 bytes, Stack size 0 bytes, stm32f10x_it.o(i.DMAChannel3_IRQHandler))
<BR>[Address Reference Count : 1]<UL><LI> stm32f10x_startup.o(RESET)
</UL>
<P><STRONG><a name="[6af388]"></a>DMAChannel4_IRQHandler</STRONG> (Thumb, 2 bytes, Stack size 0 bytes, stm32f10x_it.o(i.DMAChannel4_IRQHandler))
<BR>[Address Reference Count : 1]<UL><LI> stm32f10x_startup.o(RESET)
</UL>
<P><STRONG><a name="[6af34c]"></a>DMAChannel5_IRQHandler</STRONG> (Thumb, 2 bytes, Stack size 0 bytes, stm32f10x_it.o(i.DMAChannel5_IRQHandler))
<BR>[Address Reference Count : 1]<UL><LI> stm32f10x_startup.o(RESET)
</UL>
<P><STRONG><a name="[6af310]"></a>DMAChannel6_IRQHandler</STRONG> (Thumb, 2 bytes, Stack size 0 bytes, stm32f10x_it.o(i.DMAChannel6_IRQHandler))
<BR>[Address Reference Count : 1]<UL><LI> stm32f10x_startup.o(RESET)
</UL>
<P><STRONG><a name="[6af2d4]"></a>DMAChannel7_IRQHandler</STRONG> (Thumb, 2 bytes, Stack size 0 bytes, stm32f10x_it.o(i.DMAChannel7_IRQHandler))
<BR>[Address Reference Count : 1]<UL><LI> stm32f10x_startup.o(RESET)
</UL>
<P><STRONG><a name="[30444f0]"></a>Delay</STRONG> (Thumb, 10 bytes, Stack size 0 bytes, lcdconf.o(i.Delay))
<BR><BR>[Called By]<UL><LI><a href="#[3044748]">&gt;&gt;</a>&nbsp;&nbsp;&nbsp;_InitController
</UL>

<P><STRONG><a name="[6af298]"></a>EXTI0_IRQHandler</STRONG> (Thumb, 2 bytes, Stack size 0 bytes, stm32f10x_it.o(i.EXTI0_IRQHandler))
<BR>[Address Reference Count : 1]<UL><LI> stm32f10x_startup.o(RESET)
</UL>
<P><STRONG><a name="[6af25c]"></a>EXTI15_10_IRQHandler</STRONG> (Thumb, 2 bytes, Stack size 0 bytes, stm32f10x_it.o(i.EXTI15_10_IRQHandler))
<BR>[Address Reference Count : 1]<UL><LI> stm32f10x_startup.o(RESET)
</UL>
<P><STRONG><a name="[6af220]"></a>EXTI1_IRQHandler</STRONG> (Thumb, 2 bytes, Stack size 0 bytes, stm32f10x_it.o(i.EXTI1_IRQHandler))
<BR>[Address Reference Count : 1]<UL><LI> stm32f10x_startup.o(RESET)
</UL>
<P><STRONG><a name="[6af1e4]"></a>EXTI2_IRQHandler</STRONG> (Thumb, 2 bytes, Stack size 0 bytes, stm32f10x_it.o(i.EXTI2_IRQHandler))
<BR>[Address Reference Count : 1]<UL><LI> stm32f10x_startup.o(RESET)
</UL>
<P><STRONG><a name="[6af1a8]"></a>EXTI3_IRQHandler</STRONG> (Thumb, 2 bytes, Stack size 0 bytes, stm32f10x_it.o(i.EXTI3_IRQHandler))
<BR>[Address Reference Count : 1]<UL><LI> stm32f10x_startup.o(RESET)
</UL>
<P><STRONG><a name="[6af16c]"></a>EXTI4_IRQHandler</STRONG> (Thumb, 2 bytes, Stack size 0 bytes, stm32f10x_it.o(i.EXTI4_IRQHandler))
<BR>[Address Reference Count : 1]<UL><LI> stm32f10x_startup.o(RESET)
</UL>
<P><STRONG><a name="[6af130]"></a>EXTI9_5_IRQHandler</STRONG> (Thumb, 2 bytes, Stack size 0 bytes, stm32f10x_it.o(i.EXTI9_5_IRQHandler))
<BR>[Address Reference Count : 1]<UL><LI> stm32f10x_startup.o(RESET)
</UL>
<P><STRONG><a name="[6af0f4]"></a>FLASH_IRQHandler</STRONG> (Thumb, 2 bytes, Stack size 0 bytes, stm32f10x_it.o(i.FLASH_IRQHandler))
<BR>[Address Reference Count : 1]<UL><LI> stm32f10x_startup.o(RESET)
</UL>
<P><STRONG><a name="[6a71b0]"></a>FRAMEWIN_DrawSkinFlex</STRONG> (Thumb, 860 bytes, Stack size 80 bytes, framewin_skinflex.o(i.FRAMEWIN_DrawSkinFlex))
<BR><BR>[Stack]<UL><LI>Max Depth = 312 + Unknown Stack Size
<LI>Call Chain = FRAMEWIN_DrawSkinFlex &rArr; GUI_DrawGradientV &rArr; _DrawGradient &rArr; GUI_GetColor &rArr; GUI_Lock &rArr; GUI_X_Lock &rArr; OSSemPend &rArr; OS_Sched
</UL>
<BR>[Calls]<UL><LI><a href="#[3038e98]">&gt;&gt;</a>&nbsp;&nbsp;&nbsp;WM_SetHasTrans
<LI><a href="#[303c930]">&gt;&gt;</a>&nbsp;&nbsp;&nbsp;GUI_FillRect
<LI><a href="#[303c9a8]">&gt;&gt;</a>&nbsp;&nbsp;&nbsp;GUI_DrawHLine
<LI><a href="#[303fe28]">&gt;&gt;</a>&nbsp;&nbsp;&nbsp;GUI_SetTextMode
<LI><a href="#[303fe64]">&gt;&gt;</a>&nbsp;&nbsp;&nbsp;GUI_SetFont
<LI><a href="#[303fea0]">&gt;&gt;</a>&nbsp;&nbsp;&nbsp;GUI_SetColor
<LI><a href="#[304029c]">&gt;&gt;</a>&nbsp;&nbsp;&nbsp;GUI_DrawGradientV
<LI><a href="#[3117e74]">&gt;&gt;</a>&nbsp;&nbsp;&nbsp;GUI_DispStringInRect
<LI><a href="#[31d6244]">&gt;&gt;</a>&nbsp;&nbsp;&nbsp;GUI_DrawVLine
<LI><a href="#[3273a38]">&gt;&gt;</a>&nbsp;&nbsp;&nbsp;GUI_ALLOC_UnlockH
<LI><a href="#[3273aec]">&gt;&gt;</a>&nbsp;&nbsp;&nbsp;GUI_ALLOC_LockH
<LI><a href="#[33bfdc8]">&gt;&gt;</a>&nbsp;&nbsp;&nbsp;GUI__DrawTwinArc2
<LI><a href="#[33bfe04]">&gt;&gt;</a>&nbsp;&nbsp;&nbsp;GUI_FillRectEx
<LI><a href="#[33bfe40]">&gt;&gt;</a>&nbsp;&nbsp;&nbsp;GUI_DrawPixel
<LI><a href="#[33bfe7c]">&gt;&gt;</a>&nbsp;&nbsp;&nbsp;FRAMEWIN_GetActive
</UL>
<BR>[Called By]<UL><LI><a href="#[6accdc]">&gt;&gt;</a>&nbsp;&nbsp;&nbsp;_FRAMEWIN_DrawSkinFlex
</UL>
<BR>[Address Reference Count : 1]<UL><LI> framewin_skin.o(.data)
</UL>
<P><STRONG><a name="[33bfe7c]"></a>FRAMEWIN_GetActive</STRONG> (Thumb, 42 bytes, Stack size 16 bytes, framewin_get.o(i.FRAMEWIN_GetActive))
<BR><BR>[Stack]<UL><LI>Max Depth = 88 + Unknown Stack Size
<LI>Call Chain = FRAMEWIN_GetActive &rArr; GUI_Lock &rArr; GUI_X_Lock &rArr; OSSemPend &rArr; OS_Sched
</UL>
<BR>[Calls]<UL><LI><a href="#[31d2338]">&gt;&gt;</a>&nbsp;&nbsp;&nbsp;GUI_Unlock
<LI><a href="#[31d2374]">&gt;&gt;</a>&nbsp;&nbsp;&nbsp;GUI_Lock
<LI><a href="#[3273a38]">&gt;&gt;</a>&nbsp;&nbsp;&nbsp;GUI_ALLOC_UnlockH
<LI><a href="#[3273aec]">&gt;&gt;</a>&nbsp;&nbsp;&nbsp;GUI_ALLOC_LockH
</UL>
<BR>[Called By]<UL><LI><a href="#[6a71b0]">&gt;&gt;</a>&nbsp;&nbsp;&nbsp;FRAMEWIN_DrawSkinFlex
</UL>

<P><STRONG><a name="[6a7174]"></a>FRAMEWIN_GetSkinFlexProps</STRONG> (Thumb, 18 bytes, Stack size 0 bytes, framewin_skinflex.o(i.FRAMEWIN_GetSkinFlexProps))
<BR><BR>[Stack]<UL><LI>Max Depth = 8<LI>Call Chain = FRAMEWIN_GetSkinFlexProps &rArr; __aeabi_memcpy4
</UL>
<BR>[Calls]<UL><LI><a href="#[36b1c54]">&gt;&gt;</a>&nbsp;&nbsp;&nbsp;__aeabi_memcpy4
</UL>
<BR>[Called By]<UL><LI><a href="#[6acd90]">&gt;&gt;</a>&nbsp;&nbsp;&nbsp;AppTaskUserIF
</UL>

<P><STRONG><a name="[35c3c08]"></a>FRAMEWIN_OwnerDraw</STRONG> (Thumb, 168 bytes, Stack size 48 bytes, framewin_skinclassic.o(i.FRAMEWIN_OwnerDraw))
<BR><BR>[Stack]<UL><LI>Max Depth = 296 + Unknown Stack Size
<LI>Call Chain = FRAMEWIN_OwnerDraw &rArr; WIDGET__FillStringInRect &rArr; GUI_DispStringAt &rArr; GUI_DispString &rArr; GUI__DispLine &rArr; WM__InitIVRSearch &rArr; WM__GetNextIVR &rArr; _FindNext_IVR &rArr; _Findx0 &rArr;  _Findx0 (Cycle)
</UL>
<BR>[Calls]<UL><LI><a href="#[303fe64]">&gt;&gt;</a>&nbsp;&nbsp;&nbsp;GUI_SetFont
<LI><a href="#[3270144]">&gt;&gt;</a>&nbsp;&nbsp;&nbsp;LCD_SetColor
<LI><a href="#[3270180]">&gt;&gt;</a>&nbsp;&nbsp;&nbsp;LCD_SetBkColor
<LI><a href="#[3273a38]">&gt;&gt;</a>&nbsp;&nbsp;&nbsp;GUI_ALLOC_UnlockH
<LI><a href="#[3273aec]">&gt;&gt;</a>&nbsp;&nbsp;&nbsp;GUI_ALLOC_LockH
<LI><a href="#[33c3dc4]">&gt;&gt;</a>&nbsp;&nbsp;&nbsp;WIDGET__FillStringInRect
<LI><a href="#[33c3ef0]">&gt;&gt;</a>&nbsp;&nbsp;&nbsp;GUI__CalcTextRect
</UL>
<BR>[Address Reference Count : 1]<UL><LI> framewin_skinclassic.o(i._Create)
</UL>
<P><STRONG><a name="[6a7138]"></a>FRAMEWIN_SetDefaultSkin</STRONG> (Thumb, 26 bytes, Stack size 0 bytes, framewin_skin.o(i.FRAMEWIN_SetDefaultSkin))
<BR><BR>[Called By]<UL><LI><a href="#[6acd90]">&gt;&gt;</a>&nbsp;&nbsp;&nbsp;AppTaskUserIF
</UL>

<P><STRONG><a name="[35c3b54]"></a>FRAMEWIN_SetOwnerDraw</STRONG> (Thumb, 38 bytes, Stack size 16 bytes, framewin_setownerdraw.o(i.FRAMEWIN_SetOwnerDraw))
<BR><BR>[Stack]<UL><LI>Max Depth = 200 + Unknown Stack Size
<LI>Call Chain = FRAMEWIN_SetOwnerDraw &rArr; WM_InvalidateWindow &rArr; WM_InvalidateRect &rArr; WM__InvalidateRectEx &rArr; WM__InvalidateRect &rArr;  WM__InvalidateRect (Cycle)
</UL>
<BR>[Calls]<UL><LI><a href="#[303f93c]">&gt;&gt;</a>&nbsp;&nbsp;&nbsp;WM_InvalidateWindow
<LI><a href="#[31d2338]">&gt;&gt;</a>&nbsp;&nbsp;&nbsp;GUI_Unlock
<LI><a href="#[31d2374]">&gt;&gt;</a>&nbsp;&nbsp;&nbsp;GUI_Lock
<LI><a href="#[3273a38]">&gt;&gt;</a>&nbsp;&nbsp;&nbsp;GUI_ALLOC_UnlockH
<LI><a href="#[3273aec]">&gt;&gt;</a>&nbsp;&nbsp;&nbsp;GUI_ALLOC_LockH
</UL>
<BR>[Called By]<UL><LI><a href="#[35c40f4]">&gt;&gt;</a>&nbsp;&nbsp;&nbsp;_Create
</UL>

<P><STRONG><a name="[6a70fc]"></a>FRAMEWIN_SetSkinFlexProps</STRONG> (Thumb, 76 bytes, Stack size 16 bytes, framewin_skinflex.o(i.FRAMEWIN_SetSkinFlexProps))
<BR><BR>[Stack]<UL><LI>Max Depth = 24<LI>Call Chain = FRAMEWIN_SetSkinFlexProps &rArr; __aeabi_memcpy4
</UL>
<BR>[Calls]<UL><LI><a href="#[36b1c54]">&gt;&gt;</a>&nbsp;&nbsp;&nbsp;__aeabi_memcpy4
</UL>
<BR>[Called By]<UL><LI><a href="#[6acd90]">&gt;&gt;</a>&nbsp;&nbsp;&nbsp;AppTaskUserIF
</UL>

<P><STRONG><a name="[6a70c0]"></a>FRAMEWIN_SetTextAlign</STRONG> (Thumb, 50 bytes, Stack size 16 bytes, framewin.o(i.FRAMEWIN_SetTextAlign))
<BR><BR>[Stack]<UL><LI>Max Depth = 200 + Unknown Stack Size
<LI>Call Chain = FRAMEWIN_SetTextAlign &rArr; WM_InvalidateWindow &rArr; WM_InvalidateRect &rArr; WM__InvalidateRectEx &rArr; WM__InvalidateRect &rArr;  WM__InvalidateRect (Cycle)
</UL>
<BR>[Calls]<UL><LI><a href="#[303f93c]">&gt;&gt;</a>&nbsp;&nbsp;&nbsp;WM_InvalidateWindow
<LI><a href="#[31d2338]">&gt;&gt;</a>&nbsp;&nbsp;&nbsp;GUI_Unlock
<LI><a href="#[31d2374]">&gt;&gt;</a>&nbsp;&nbsp;&nbsp;GUI_Lock
<LI><a href="#[3273a38]">&gt;&gt;</a>&nbsp;&nbsp;&nbsp;GUI_ALLOC_UnlockH
<LI><a href="#[3273aec]">&gt;&gt;</a>&nbsp;&nbsp;&nbsp;GUI_ALLOC_LockH
</UL>
<BR>[Called By]<UL><LI><a href="#[6accdc]">&gt;&gt;</a>&nbsp;&nbsp;&nbsp;_FRAMEWIN_DrawSkinFlex
</UL>

<P><STRONG><a name="[6a7084]"></a>FRAMEWIN_SetTextColor</STRONG> (Thumb, 52 bytes, Stack size 16 bytes, framewin_setcolors.o(i.FRAMEWIN_SetTextColor))
<BR><BR>[Stack]<UL><LI>Max Depth = 200 + Unknown Stack Size
<LI>Call Chain = FRAMEWIN_SetTextColor &rArr; WM_InvalidateWindow &rArr; WM_InvalidateRect &rArr; WM__InvalidateRectEx &rArr; WM__InvalidateRect &rArr;  WM__InvalidateRect (Cycle)
</UL>
<BR>[Calls]<UL><LI><a href="#[303f93c]">&gt;&gt;</a>&nbsp;&nbsp;&nbsp;WM_InvalidateWindow
<LI><a href="#[31d2338]">&gt;&gt;</a>&nbsp;&nbsp;&nbsp;GUI_Unlock
<LI><a href="#[31d2374]">&gt;&gt;</a>&nbsp;&nbsp;&nbsp;GUI_Lock
<LI><a href="#[3273a38]">&gt;&gt;</a>&nbsp;&nbsp;&nbsp;GUI_ALLOC_UnlockH
<LI><a href="#[3273aec]">&gt;&gt;</a>&nbsp;&nbsp;&nbsp;GUI_ALLOC_LockH
</UL>
<BR>[Called By]<UL><LI><a href="#[6accdc]">&gt;&gt;</a>&nbsp;&nbsp;&nbsp;_FRAMEWIN_DrawSkinFlex
</UL>

<P><STRONG><a name="[33c2a8c]"></a>FRAMEWIN__CalcPositions</STRONG> (Thumb, 206 bytes, Stack size 64 bytes, framewin.o(i.FRAMEWIN__CalcPositions))
<BR><BR>[Stack]<UL><LI>Max Depth = 176 + Unknown Stack Size
<LI>Call Chain = FRAMEWIN__CalcPositions &rArr; FRAMEWIN__GetTitleLimits &rArr; WM_GetNextSibling &rArr; GUI_Lock &rArr; GUI_X_Lock &rArr; OSSemPend &rArr; OS_Sched
</UL>
<BR>[Calls]<UL><LI><a href="#[303f9b4]">&gt;&gt;</a>&nbsp;&nbsp;&nbsp;WM_GetWindowSizeY
<LI><a href="#[3273a38]">&gt;&gt;</a>&nbsp;&nbsp;&nbsp;GUI_ALLOC_UnlockH
<LI><a href="#[3273aec]">&gt;&gt;</a>&nbsp;&nbsp;&nbsp;GUI_ALLOC_LockH
<LI><a href="#[33c2780]">&gt;&gt;</a>&nbsp;&nbsp;&nbsp;WM__GetWindowSizeY
<LI><a href="#[33c27bc]">&gt;&gt;</a>&nbsp;&nbsp;&nbsp;WM__GetWindowSizeX
<LI><a href="#[33c29d8]">&gt;&gt;</a>&nbsp;&nbsp;&nbsp;FRAMEWIN__GetTitleLimits
<LI><a href="#[33c2a50]">&gt;&gt;</a>&nbsp;&nbsp;&nbsp;FRAMEWIN__CalcTitleHeight
</UL>
<BR>[Called By]<UL><LI><a href="#[35c4004]">&gt;&gt;</a>&nbsp;&nbsp;&nbsp;_Paint
</UL>

<P><STRONG><a name="[33c2a50]"></a>FRAMEWIN__CalcTitleHeight</STRONG> (Thumb, 30 bytes, Stack size 8 bytes, framewin.o(i.FRAMEWIN__CalcTitleHeight))
<BR><BR>[Stack]<UL><LI>Max Depth = 8<LI>Call Chain = FRAMEWIN__CalcTitleHeight
</UL>
<BR>[Calls]<UL><LI><a href="#[33c8090]">&gt;&gt;</a>&nbsp;&nbsp;&nbsp;GUI_GetYSizeOfFont
</UL>
<BR>[Called By]<UL><LI><a href="#[33c0854]">&gt;&gt;</a>&nbsp;&nbsp;&nbsp;_Paint
<LI><a href="#[33c2a8c]">&gt;&gt;</a>&nbsp;&nbsp;&nbsp;FRAMEWIN__CalcPositions
</UL>

<P><STRONG><a name="[33c2a14]"></a>FRAMEWIN__GetBorderSize</STRONG> (Thumb, 64 bytes, Stack size 48 bytes, framewin.o(i.FRAMEWIN__GetBorderSize))
<BR><BR>[Stack]<UL><LI>Max Depth = 48<LI>Call Chain = FRAMEWIN__GetBorderSize
</UL>
<BR>[Calls]<UL><LI><a href="#[3273a38]">&gt;&gt;</a>&nbsp;&nbsp;&nbsp;GUI_ALLOC_UnlockH
<LI><a href="#[3273aec]">&gt;&gt;</a>&nbsp;&nbsp;&nbsp;GUI_ALLOC_LockH
</UL>
<BR>[Address Reference Count : 1]<UL><LI> framewin.o(.data)
</UL>
<P><STRONG><a name="[33c29d8]"></a>FRAMEWIN__GetTitleLimits</STRONG> (Thumb, 128 bytes, Stack size 32 bytes, framewin.o(i.FRAMEWIN__GetTitleLimits))
<BR><BR>[Stack]<UL><LI>Max Depth = 112 + Unknown Stack Size
<LI>Call Chain = FRAMEWIN__GetTitleLimits &rArr; WM_GetNextSibling &rArr; GUI_Lock &rArr; GUI_X_Lock &rArr; OSSemPend &rArr; OS_Sched
</UL>
<BR>[Calls]<UL><LI><a href="#[3273a38]">&gt;&gt;</a>&nbsp;&nbsp;&nbsp;GUI_ALLOC_UnlockH
<LI><a href="#[3273aec]">&gt;&gt;</a>&nbsp;&nbsp;&nbsp;GUI_ALLOC_LockH
<LI><a href="#[33cd1a8]">&gt;&gt;</a>&nbsp;&nbsp;&nbsp;WM_GetNextSibling
<LI><a href="#[33cd1e4]">&gt;&gt;</a>&nbsp;&nbsp;&nbsp;WM_GetFirstChild
</UL>
<BR>[Called By]<UL><LI><a href="#[33c0854]">&gt;&gt;</a>&nbsp;&nbsp;&nbsp;_Paint
<LI><a href="#[33c2a8c]">&gt;&gt;</a>&nbsp;&nbsp;&nbsp;FRAMEWIN__CalcPositions
</UL>

<P><STRONG><a name="[2daeebc]"></a>FSMC_LCD_Init</STRONG> (Thumb, 224 bytes, Stack size 120 bytes, lcdconf.o(i.FSMC_LCD_Init))
<BR><BR>[Stack]<UL><LI>Max Depth = 144<LI>Call Chain = FSMC_LCD_Init &rArr; GPIO_Init
</UL>
<BR>[Calls]<UL><LI><a href="#[6a700c]">&gt;&gt;</a>&nbsp;&nbsp;&nbsp;GPIO_SetBits
<LI><a href="#[2da7248]">&gt;&gt;</a>&nbsp;&nbsp;&nbsp;RCC_AHBPeriphClockCmd
<LI><a href="#[2dac2ac]">&gt;&gt;</a>&nbsp;&nbsp;&nbsp;FSMC_NORSRAMInit
<LI><a href="#[2dac324]">&gt;&gt;</a>&nbsp;&nbsp;&nbsp;FSMC_NORSRAMCmd
<LI><a href="#[2daee44]">&gt;&gt;</a>&nbsp;&nbsp;&nbsp;RCC_APB2PeriphClockCmd
<LI><a href="#[2daee80]">&gt;&gt;</a>&nbsp;&nbsp;&nbsp;GPIO_Init
</UL>
<BR>[Called By]<UL><LI><a href="#[6a7354]">&gt;&gt;</a>&nbsp;&nbsp;&nbsp;BSP_Init
</UL>

<P><STRONG><a name="[2dac324]"></a>FSMC_NORSRAMCmd</STRONG> (Thumb, 30 bytes, Stack size 0 bytes, stm32f10x_fsmc.o(i.FSMC_NORSRAMCmd))
<BR><BR>[Called By]<UL><LI><a href="#[2daeebc]">&gt;&gt;</a>&nbsp;&nbsp;&nbsp;FSMC_LCD_Init
</UL>

<P><STRONG><a name="[2dac2ac]"></a>FSMC_NORSRAMInit</STRONG> (Thumb, 192 bytes, Stack size 12 bytes, stm32f10x_fsmc.o(i.FSMC_NORSRAMInit))
<BR><BR>[Stack]<UL><LI>Max Depth = 12<LI>Call Chain = FSMC_NORSRAMInit
</UL>
<BR>[Called By]<UL><LI><a href="#[2daeebc]">&gt;&gt;</a>&nbsp;&nbsp;&nbsp;FSMC_LCD_Init
</UL>

<P><STRONG><a name="[31d1924]"></a>GL_DrawBitmap</STRONG> (Thumb, 136 bytes, Stack size 48 bytes, gui_drawbitmap.o(i.GL_DrawBitmap))
<BR><BR>[Stack]<UL><LI>Max Depth = 152 + Unknown Stack Size
<LI>Call Chain = GL_DrawBitmap &rArr; LCD_DrawBitmap &rArr; LCD_FillRect
</UL>
<BR>[Calls]<UL><LI><a href="#[3269cf4]">&gt;&gt;</a>&nbsp;&nbsp;&nbsp;LCD_GetpPalConvTable
<LI><a href="#[3269d30]">&gt;&gt;</a>&nbsp;&nbsp;&nbsp;GUI_SetDrawMode
<LI><a href="#[327246c]">&gt;&gt;</a>&nbsp;&nbsp;&nbsp;LCD_DrawBitmap
</UL>
<BR>[Called By]<UL><LI><a href="#[3040314]">&gt;&gt;</a>&nbsp;&nbsp;&nbsp;GUI_DrawBitmap
</UL>

<P><STRONG><a name="[31cf944]"></a>GL_DrawLine</STRONG> (Thumb, 16 bytes, Stack size 16 bytes, gui_drawline.o(i.GL_DrawLine))
<BR><BR>[Stack]<UL><LI>Max Depth = 168<LI>Call Chain = GL_DrawLine &rArr; GL_DrawLineEx &rArr; GL_DrawLine1Ex &rArr; GL_DrawPoint &rArr; GL_FillCircle
</UL>
<BR>[Calls]<UL><LI><a href="#[34cc0d4]">&gt;&gt;</a>&nbsp;&nbsp;&nbsp;GL_DrawLineEx
</UL>
<BR>[Called By]<UL><LI><a href="#[3427fc8]">&gt;&gt;</a>&nbsp;&nbsp;&nbsp;GUI_DrawLine
</UL>

<P><STRONG><a name="[34cc110]"></a>GL_DrawLine1Ex</STRONG> (Thumb, 452 bytes, Stack size 64 bytes, gui_drawline.o(i.GL_DrawLine1Ex))
<BR><BR>[Stack]<UL><LI>Max Depth = 104<LI>Call Chain = GL_DrawLine1Ex &rArr; GL_DrawPoint &rArr; GL_FillCircle
</UL>
<BR>[Calls]<UL><LI><a href="#[3275694]">&gt;&gt;</a>&nbsp;&nbsp;&nbsp;LCD_DrawVLine
<LI><a href="#[34cbf30]">&gt;&gt;</a>&nbsp;&nbsp;&nbsp;GL_DrawPoint
<LI><a href="#[34cc7dc]">&gt;&gt;</a>&nbsp;&nbsp;&nbsp;_SetLineColor
<LI><a href="#[34ccb60]">&gt;&gt;</a>&nbsp;&nbsp;&nbsp;Abs
</UL>
<BR>[Called By]<UL><LI><a href="#[34cc0d4]">&gt;&gt;</a>&nbsp;&nbsp;&nbsp;GL_DrawLineEx
</UL>

<P><STRONG><a name="[34cc0d4]"></a>GL_DrawLineEx</STRONG> (Thumb, 260 bytes, Stack size 48 bytes, gui_drawline.o(i.GL_DrawLineEx))
<BR><BR>[Stack]<UL><LI>Max Depth = 152<LI>Call Chain = GL_DrawLineEx &rArr; GL_DrawLine1Ex &rArr; GL_DrawPoint &rArr; GL_FillCircle
</UL>
<BR>[Calls]<UL><LI><a href="#[31cf458]">&gt;&gt;</a>&nbsp;&nbsp;&nbsp;GL_FillPolygon
<LI><a href="#[34cbf6c]">&gt;&gt;</a>&nbsp;&nbsp;&nbsp;GUI_sin
<LI><a href="#[34cbfa8]">&gt;&gt;</a>&nbsp;&nbsp;&nbsp;GUI_cos
<LI><a href="#[34cc110]">&gt;&gt;</a>&nbsp;&nbsp;&nbsp;GL_DrawLine1Ex
<LI><a href="#[34cc764]">&gt;&gt;</a>&nbsp;&nbsp;&nbsp;_atan2
<LI><a href="#[34cc854]">&gt;&gt;</a>&nbsp;&nbsp;&nbsp;_DrawLineEnd
</UL>
<BR>[Called By]<UL><LI><a href="#[31cf944]">&gt;&gt;</a>&nbsp;&nbsp;&nbsp;GL_DrawLine
</UL>

<P><STRONG><a name="[34cbf30]"></a>GL_DrawPoint</STRONG> (Thumb, 26 bytes, Stack size 0 bytes, gui_drawpoint.o(i.GL_DrawPoint))
<BR><BR>[Stack]<UL><LI>Max Depth = 40<LI>Call Chain = GL_DrawPoint &rArr; GL_FillCircle
</UL>
<BR>[Calls]<UL><LI><a href="#[327156c]">&gt;&gt;</a>&nbsp;&nbsp;&nbsp;GL_FillCircle
</UL>
<BR>[Called By]<UL><LI><a href="#[34cc110]">&gt;&gt;</a>&nbsp;&nbsp;&nbsp;GL_DrawLine1Ex
<LI><a href="#[34cc854]">&gt;&gt;</a>&nbsp;&nbsp;&nbsp;_DrawLineEnd
</UL>

<P><STRONG><a name="[327156c]"></a>GL_FillCircle</STRONG> (Thumb, 176 bytes, Stack size 40 bytes, gui_circ.o(i.GL_FillCircle))
<BR><BR>[Stack]<UL><LI>Max Depth = 40<LI>Call Chain = GL_FillCircle
</UL>
<BR>[Called By]<UL><LI><a href="#[34cbf30]">&gt;&gt;</a>&nbsp;&nbsp;&nbsp;GL_DrawPoint
</UL>

<P><STRONG><a name="[31cf458]"></a>GL_FillPolygon</STRONG> (Thumb, 466 bytes, Stack size 64 bytes, gui_fillpolygon.o(i.GL_FillPolygon))
<BR><BR>[Stack]<UL><LI>Max Depth = 76<LI>Call Chain = GL_FillPolygon &rArr; _Add
</UL>
<BR>[Calls]<UL><LI><a href="#[34cb8dc]">&gt;&gt;</a>&nbsp;&nbsp;&nbsp;_Add
</UL>
<BR>[Called By]<UL><LI><a href="#[34cc0d4]">&gt;&gt;</a>&nbsp;&nbsp;&nbsp;GL_DrawLineEx
</UL>

<P><STRONG><a name="[3465724]"></a>GL_SetDefault</STRONG> (Thumb, 58 bytes, Stack size 8 bytes, gui_setdefault.o(i.GL_SetDefault))
<BR><BR>[Stack]<UL><LI>Max Depth = 96 + Unknown Stack Size
<LI>Call Chain = GL_SetDefault &rArr; GUI_SetTextAlign &rArr; GUI_Lock &rArr; GUI_X_Lock &rArr; OSSemPend &rArr; OS_Sched
</UL>
<BR>[Calls]<UL><LI><a href="#[6a6ea4]">&gt;&gt;</a>&nbsp;&nbsp;&nbsp;GUI_SetBkColor
<LI><a href="#[303c750]">&gt;&gt;</a>&nbsp;&nbsp;&nbsp;GUI_SetTextAlign
<LI><a href="#[303fe28]">&gt;&gt;</a>&nbsp;&nbsp;&nbsp;GUI_SetTextMode
<LI><a href="#[303fe64]">&gt;&gt;</a>&nbsp;&nbsp;&nbsp;GUI_SetFont
<LI><a href="#[303fea0]">&gt;&gt;</a>&nbsp;&nbsp;&nbsp;GUI_SetColor
<LI><a href="#[3117b2c]">&gt;&gt;</a>&nbsp;&nbsp;&nbsp;GUI_SetPenSize
<LI><a href="#[3269d30]">&gt;&gt;</a>&nbsp;&nbsp;&nbsp;GUI_SetDrawMode
<LI><a href="#[3427f50]">&gt;&gt;</a>&nbsp;&nbsp;&nbsp;GUI_SetLineStyle
</UL>
<BR>[Called By]<UL><LI><a href="#[3465b5c]">&gt;&gt;</a>&nbsp;&nbsp;&nbsp;WM_SetDefault
</UL>

<P><STRONG><a name="[2daf060]"></a>GPIO_Configuration</STRONG> (Thumb, 38 bytes, Stack size 8 bytes, bsp.o(i.GPIO_Configuration))
<BR><BR>[Stack]<UL><LI>Max Depth = 32<LI>Call Chain = GPIO_Configuration &rArr; GPIO_Init
</UL>
<BR>[Calls]<UL><LI><a href="#[2daee44]">&gt;&gt;</a>&nbsp;&nbsp;&nbsp;RCC_APB2PeriphClockCmd
<LI><a href="#[2daee80]">&gt;&gt;</a>&nbsp;&nbsp;&nbsp;GPIO_Init
</UL>
<BR>[Called By]<UL><LI><a href="#[6a7354]">&gt;&gt;</a>&nbsp;&nbsp;&nbsp;BSP_Init
</UL>

<P><STRONG><a name="[2daee80]"></a>GPIO_Init</STRONG> (Thumb, 164 bytes, Stack size 24 bytes, stm32f10x_gpio.o(i.GPIO_Init))
<BR><BR>[Stack]<UL><LI>Max Depth = 24<LI>Call Chain = GPIO_Init
</UL>
<BR>[Called By]<UL><LI><a href="#[2daeebc]">&gt;&gt;</a>&nbsp;&nbsp;&nbsp;FSMC_LCD_Init
<LI><a href="#[2daeef8]">&gt;&gt;</a>&nbsp;&nbsp;&nbsp;tp_Config
<LI><a href="#[2daf060]">&gt;&gt;</a>&nbsp;&nbsp;&nbsp;GPIO_Configuration
</UL>

<P><STRONG><a name="[6a7048]"></a>GPIO_ResetBits</STRONG> (Thumb, 4 bytes, Stack size 0 bytes, stm32f10x_gpio.o(i.GPIO_ResetBits))
<BR><BR>[Called By]<UL><LI><a href="#[6acd18]">&gt;&gt;</a>&nbsp;&nbsp;&nbsp;App_TaskStart
<LI><a href="#[2daef34]">&gt;&gt;</a>&nbsp;&nbsp;&nbsp;TPReadY
<LI><a href="#[2daef70]">&gt;&gt;</a>&nbsp;&nbsp;&nbsp;TPReadX
<LI><a href="#[3044748]">&gt;&gt;</a>&nbsp;&nbsp;&nbsp;_InitController
</UL>

<P><STRONG><a name="[6a700c]"></a>GPIO_SetBits</STRONG> (Thumb, 4 bytes, Stack size 0 bytes, stm32f10x_gpio.o(i.GPIO_SetBits))
<BR><BR>[Called By]<UL><LI><a href="#[6acd18]">&gt;&gt;</a>&nbsp;&nbsp;&nbsp;App_TaskStart
<LI><a href="#[2daeebc]">&gt;&gt;</a>&nbsp;&nbsp;&nbsp;FSMC_LCD_Init
<LI><a href="#[2daeef8]">&gt;&gt;</a>&nbsp;&nbsp;&nbsp;tp_Config
<LI><a href="#[2daef34]">&gt;&gt;</a>&nbsp;&nbsp;&nbsp;TPReadY
<LI><a href="#[2daef70]">&gt;&gt;</a>&nbsp;&nbsp;&nbsp;TPReadX
<LI><a href="#[3044748]">&gt;&gt;</a>&nbsp;&nbsp;&nbsp;_InitController
</UL>

<P><STRONG><a name="[3044298]"></a>GUIDRV_FlexColor_Config</STRONG> (Thumb, 96 bytes, Stack size 80 bytes, guidrv_flexcolor.o(i.GUIDRV_FlexColor_Config))
<BR><BR>[Stack]<UL><LI>Max Depth = 192<LI>Call Chain = GUIDRV_FlexColor_Config &rArr; GUIDRV_FlexColor__InitOnce &rArr; GUI_ALLOC_GetFixedBlock &rArr; _RemoveHoles &rArr; _AddFreeMemory &rArr; _RemoveFreeMemory
</UL>
<BR>[Calls]<UL><LI><a href="#[3386a5c]">&gt;&gt;</a>&nbsp;&nbsp;&nbsp;GUIDRV_FlexColor__InitOnce
<LI><a href="#[36b1c54]">&gt;&gt;</a>&nbsp;&nbsp;&nbsp;__aeabi_memcpy4
</UL>
<BR>[Called By]<UL><LI><a href="#[304434c]">&gt;&gt;</a>&nbsp;&nbsp;&nbsp;LCD_X_Config
</UL>

<P><STRONG><a name="[304425c]"></a>GUIDRV_FlexColor_SetFunc</STRONG> (Thumb, 50 bytes, Stack size 24 bytes, guidrv_flexcolor.o(i.GUIDRV_FlexColor_SetFunc))
<BR><BR>[Stack]<UL><LI>Max Depth = 136<LI>Call Chain = GUIDRV_FlexColor_SetFunc &rArr; GUIDRV_FlexColor__InitOnce &rArr; GUI_ALLOC_GetFixedBlock &rArr; _RemoveHoles &rArr; _AddFreeMemory &rArr; _RemoveFreeMemory
</UL>
<BR>[Calls]<UL><LI><a href="#[3386a5c]">&gt;&gt;</a>&nbsp;&nbsp;&nbsp;GUIDRV_FlexColor__InitOnce
<LI><a href="#[36b1c54]">&gt;&gt;</a>&nbsp;&nbsp;&nbsp;__aeabi_memcpy4
</UL>
<BR>[Called By]<UL><LI><a href="#[304434c]">&gt;&gt;</a>&nbsp;&nbsp;&nbsp;LCD_X_Config
</UL>

<P><STRONG><a name="[3044220]"></a>GUIDRV_FlexColor_SetFunc66708</STRONG> (Thumb, 52 bytes, Stack size 8 bytes, guidrv_flexcolor_func66708.o(i.GUIDRV_FlexColor_SetFunc66708))
<BR><BR>[Stack]<UL><LI>Max Depth = 120<LI>Call Chain = GUIDRV_FlexColor_SetFunc66708 &rArr; GUIDRV_FlexColor__InitOnce &rArr; GUI_ALLOC_GetFixedBlock &rArr; _RemoveHoles &rArr; _AddFreeMemory &rArr; _RemoveFreeMemory
</UL>
<BR>[Calls]<UL><LI><a href="#[3386a5c]">&gt;&gt;</a>&nbsp;&nbsp;&nbsp;GUIDRV_FlexColor__InitOnce
</UL>
<BR>[Address Reference Count : 1]<UL><LI> lcdconf.o(i.LCD_X_Config)
</UL>
<P><STRONG><a name="[30441e4]"></a>GUIDRV_FlexColor_SetMode16bppC0B16</STRONG> (Thumb, 64 bytes, Stack size 8 bytes, guidrv_flexcolor_16bpp_c0b16.o(i.GUIDRV_FlexColor_SetMode16bppC0B16))
<BR><BR>[Stack]<UL><LI>Max Depth = 120<LI>Call Chain = GUIDRV_FlexColor_SetMode16bppC0B16 &rArr; GUIDRV_FlexColor__InitOnce &rArr; GUI_ALLOC_GetFixedBlock &rArr; _RemoveHoles &rArr; _AddFreeMemory &rArr; _RemoveFreeMemory
</UL>
<BR>[Calls]<UL><LI><a href="#[3386a5c]">&gt;&gt;</a>&nbsp;&nbsp;&nbsp;GUIDRV_FlexColor__InitOnce
</UL>
<BR>[Address Reference Count : 1]<UL><LI> lcdconf.o(i.LCD_X_Config)
</UL>
<P><STRONG><a name="[3386ad4]"></a>GUIDRV_FlexColor__GetPixelIndexNoCache</STRONG> (Thumb, 148 bytes, Stack size 24 bytes, guidrv_flexcolor.o(i.GUIDRV_FlexColor__GetPixelIndexNoCache))
<BR><BR>[Stack]<UL><LI>Max Depth = 24<LI>Call Chain = GUIDRV_FlexColor__GetPixelIndexNoCache
</UL>
<BR>[Address Reference Count : 1]<UL><LI> guidrv_flexcolor_16bpp_c0b16.o(i.GUIDRV_FlexColor_SetMode16bppC0B16)
</UL>
<P><STRONG><a name="[3386a5c]"></a>GUIDRV_FlexColor__InitOnce</STRONG> (Thumb, 46 bytes, Stack size 16 bytes, guidrv_flexcolor.o(i.GUIDRV_FlexColor__InitOnce))
<BR><BR>[Stack]<UL><LI>Max Depth = 112<LI>Call Chain = GUIDRV_FlexColor__InitOnce &rArr; GUI_ALLOC_GetFixedBlock &rArr; _RemoveHoles &rArr; _AddFreeMemory &rArr; _RemoveFreeMemory
</UL>
<BR>[Calls]<UL><LI><a href="#[31cfe30]">&gt;&gt;</a>&nbsp;&nbsp;&nbsp;GUI__memset
<LI><a href="#[31cfea8]">&gt;&gt;</a>&nbsp;&nbsp;&nbsp;GUI_ALLOC_GetFixedBlock
</UL>
<BR>[Called By]<UL><LI><a href="#[30441e4]">&gt;&gt;</a>&nbsp;&nbsp;&nbsp;GUIDRV_FlexColor_SetMode16bppC0B16
<LI><a href="#[3044220]">&gt;&gt;</a>&nbsp;&nbsp;&nbsp;GUIDRV_FlexColor_SetFunc66708
<LI><a href="#[304425c]">&gt;&gt;</a>&nbsp;&nbsp;&nbsp;GUIDRV_FlexColor_SetFunc
<LI><a href="#[3044298]">&gt;&gt;</a>&nbsp;&nbsp;&nbsp;GUIDRV_FlexColor_Config
<LI><a href="#[338849c]">&gt;&gt;</a>&nbsp;&nbsp;&nbsp;_GetDevFunc_SetVSize
<LI><a href="#[3388514]">&gt;&gt;</a>&nbsp;&nbsp;&nbsp;_GetDevFunc_SetSize
<LI><a href="#[338858c]">&gt;&gt;</a>&nbsp;&nbsp;&nbsp;_GetDevFunc_Init
</UL>

<P><STRONG><a name="[3386930]"></a>GUIDRV_FlexColor__SetPixelIndexNoCache</STRONG> (Thumb, 154 bytes, Stack size 32 bytes, guidrv_flexcolor.o(i.GUIDRV_FlexColor__SetPixelIndexNoCache))
<BR><BR>[Stack]<UL><LI>Max Depth = 32<LI>Call Chain = GUIDRV_FlexColor__SetPixelIndexNoCache
</UL>
<BR>[Address Reference Count : 1]<UL><LI> guidrv_flexcolor_16bpp_c0b16.o(i.GUIDRV_FlexColor_SetMode16bppC0B16)
</UL>
<P><STRONG><a name="[3508e5c]"></a>GUIMONO_DispChar</STRONG> (Thumb, 298 bytes, Stack size 104 bytes, gui_charm.o(i.GUIMONO_DispChar))
<BR><BR>[Stack]<UL><LI>Max Depth = 208<LI>Call Chain = GUIMONO_DispChar &rArr; LCD_DrawBitmap &rArr; LCD_FillRect
</UL>
<BR>[Calls]<UL><LI><a href="#[31d1780]">&gt;&gt;</a>&nbsp;&nbsp;&nbsp;LCD_SetDrawMode
<LI><a href="#[3272430]">&gt;&gt;</a>&nbsp;&nbsp;&nbsp;LCD_FillRect
<LI><a href="#[327246c]">&gt;&gt;</a>&nbsp;&nbsp;&nbsp;LCD_DrawBitmap
</UL>
<BR>[Address Reference Count : 1]<UL><LI> f6x8.o(.constdata)
</UL>
<P><STRONG><a name="[3508e20]"></a>GUIMONO_GetCharDistX</STRONG> (Thumb, 16 bytes, Stack size 0 bytes, gui_charm.o(i.GUIMONO_GetCharDistX))
<BR>[Address Reference Count : 1]<UL><LI> f6x8.o(.constdata)
</UL>
<P><STRONG><a name="[3508de4]"></a>GUIMONO_GetFontInfo</STRONG> (Thumb, 6 bytes, Stack size 0 bytes, gui_charm.o(i.GUIMONO_GetFontInfo))
<BR>[Address Reference Count : 1]<UL><LI> f6x8.o(.constdata)
</UL>
<P><STRONG><a name="[3508da8]"></a>GUIMONO_IsInFont</STRONG> (Thumb, 56 bytes, Stack size 0 bytes, gui_charm.o(i.GUIMONO_IsInFont))
<BR>[Address Reference Count : 1]<UL><LI> f6x8.o(.constdata)
</UL>
<P><STRONG><a name="[30bb1b0]"></a>GUIPROP_DispChar</STRONG> (Thumb, 186 bytes, Stack size 56 bytes, gui_charp.o(i.GUIPROP_DispChar))
<BR><BR>[Stack]<UL><LI>Max Depth = 160 + Unknown Stack Size
<LI>Call Chain = GUIPROP_DispChar &rArr; LCD_DrawBitmap &rArr; LCD_FillRect
</UL>
<BR>[Calls]<UL><LI><a href="#[303fea0]">&gt;&gt;</a>&nbsp;&nbsp;&nbsp;GUI_SetColor
<LI><a href="#[30b56c0]">&gt;&gt;</a>&nbsp;&nbsp;&nbsp;GUI_GetColor
<LI><a href="#[30b56fc]">&gt;&gt;</a>&nbsp;&nbsp;&nbsp;GUI_GetBkColor
<LI><a href="#[31d1780]">&gt;&gt;</a>&nbsp;&nbsp;&nbsp;LCD_SetDrawMode
<LI><a href="#[31d18e8]">&gt;&gt;</a>&nbsp;&nbsp;&nbsp;GUIPROP__FindChar
<LI><a href="#[3272430]">&gt;&gt;</a>&nbsp;&nbsp;&nbsp;LCD_FillRect
<LI><a href="#[327246c]">&gt;&gt;</a>&nbsp;&nbsp;&nbsp;LCD_DrawBitmap
</UL>
<BR>[Address Reference Count : 2]<UL><LI> f08_1.o(.constdata)
<LI> f13_1.o(.constdata)
</UL>
<P><STRONG><a name="[30bb084]"></a>GUIPROP_GetCharDistX</STRONG> (Thumb, 56 bytes, Stack size 12 bytes, gui_charp.o(i.GUIPROP_GetCharDistX))
<BR><BR>[Stack]<UL><LI>Max Depth = 12<LI>Call Chain = GUIPROP_GetCharDistX
</UL>
<BR>[Calls]<UL><LI><a href="#[31d18e8]">&gt;&gt;</a>&nbsp;&nbsp;&nbsp;GUIPROP__FindChar
</UL>
<BR>[Address Reference Count : 2]<UL><LI> f08_1.o(.constdata)
<LI> f13_1.o(.constdata)
</UL>
<P><STRONG><a name="[30bb048]"></a>GUIPROP_GetFontInfo</STRONG> (Thumb, 6 bytes, Stack size 0 bytes, gui_charp.o(i.GUIPROP_GetFontInfo))
<BR>[Address Reference Count : 2]<UL><LI> f08_1.o(.constdata)
<LI> f13_1.o(.constdata)
</UL>
<P><STRONG><a name="[30bb00c]"></a>GUIPROP_IsInFont</STRONG> (Thumb, 16 bytes, Stack size 4 bytes, gui_charp.o(i.GUIPROP_IsInFont))
<BR><BR>[Stack]<UL><LI>Max Depth = 4<LI>Call Chain = GUIPROP_IsInFont
</UL>
<BR>[Calls]<UL><LI><a href="#[31d18e8]">&gt;&gt;</a>&nbsp;&nbsp;&nbsp;GUIPROP__FindChar
</UL>
<BR>[Address Reference Count : 2]<UL><LI> f08_1.o(.constdata)
<LI> f13_1.o(.constdata)
</UL>
<P><STRONG><a name="[31d18e8]"></a>GUIPROP__FindChar</STRONG> (Thumb, 22 bytes, Stack size 0 bytes, gui_charp.o(i.GUIPROP__FindChar))
<BR><BR>[Called By]<UL><LI><a href="#[30bb00c]">&gt;&gt;</a>&nbsp;&nbsp;&nbsp;GUIPROP_IsInFont
<LI><a href="#[30bb084]">&gt;&gt;</a>&nbsp;&nbsp;&nbsp;GUIPROP_GetCharDistX
<LI><a href="#[30bb1b0]">&gt;&gt;</a>&nbsp;&nbsp;&nbsp;GUIPROP_DispChar
</UL>

<P><STRONG><a name="[32702e8]"></a>GUITASK_CopyContext</STRONG> (Thumb, 54 bytes, Stack size 24 bytes, gui_task.o(i.GUITASK_CopyContext))
<BR><BR>[Stack]<UL><LI>Max Depth = 32<LI>Call Chain = GUITASK_CopyContext &rArr; __aeabi_memcpy4
</UL>
<BR>[Calls]<UL><LI><a href="#[36b1c54]">&gt;&gt;</a>&nbsp;&nbsp;&nbsp;__aeabi_memcpy4
</UL>
<BR>[Called By]<UL><LI><a href="#[6a6ee0]">&gt;&gt;</a>&nbsp;&nbsp;&nbsp;GUI_Init
</UL>

<P><STRONG><a name="[32702ac]"></a>GUITASK_Init</STRONG> (Thumb, 60 bytes, Stack size 16 bytes, gui_task.o(i.GUITASK_Init))
<BR><BR>[Stack]<UL><LI>Max Depth = 112 + Unknown Stack Size
<LI>Call Chain = GUITASK_Init &rArr; GUI_ALLOC_GetFixedBlock &rArr; _RemoveHoles &rArr; _AddFreeMemory &rArr; _RemoveFreeMemory
</UL>
<BR>[Calls]<UL><LI><a href="#[2db6f30]">&gt;&gt;</a>&nbsp;&nbsp;&nbsp;GUI_X_InitOS
<LI><a href="#[31cfe30]">&gt;&gt;</a>&nbsp;&nbsp;&nbsp;GUI__memset
<LI><a href="#[31cfe6c]">&gt;&gt;</a>&nbsp;&nbsp;&nbsp;GUI__RegisterExit
<LI><a href="#[31cfea8]">&gt;&gt;</a>&nbsp;&nbsp;&nbsp;GUI_ALLOC_GetFixedBlock
</UL>
<BR>[Called By]<UL><LI><a href="#[6a6ee0]">&gt;&gt;</a>&nbsp;&nbsp;&nbsp;GUI_Init
</UL>

[...]
<LI><a href="#[3273aec]">&gt;&gt;</a>&nbsp;&nbsp;&nbsp;GUI_ALLOC_LockH
<LI><a href="#[33c80cc]">&gt;&gt;</a>&nbsp;&nbsp;&nbsp;GUI_DrawFocusRect
<LI><a href="#[33c91ac]">&gt;&gt;</a>&nbsp;&nbsp;&nbsp;WM__IsEnabled
<LI><a href="#[33c9224]">&gt;&gt;</a>&nbsp;&nbsp;&nbsp;GUI_DRAW__Draw
<LI><a href="#[3427f14]">&gt;&gt;</a>&nbsp;&nbsp;&nbsp;GUI__ReduceRect
</UL>
<BR>[Address Reference Count : 1]<UL><LI> button_skinclassic.o(.constdata)
</UL>
<P><STRONG><a name="[35c40f4]"></a>_Create</STRONG> (Thumb, 6 bytes, Stack size 0 bytes, framewin_skinclassic.o(i._Create))
<BR><BR>[Stack]<UL><LI>Max Depth = 200 + Unknown Stack Size
<LI>Call Chain = _Create &rArr; FRAMEWIN_SetOwnerDraw &rArr; WM_InvalidateWindow &rArr; WM_InvalidateRect &rArr; WM__InvalidateRectEx &rArr; WM__InvalidateRect &rArr;  WM__InvalidateRect (Cycle)
</UL>
<BR>[Calls]<UL><LI><a href="#[35c3b54]">&gt;&gt;</a>&nbsp;&nbsp;&nbsp;FRAMEWIN_SetOwnerDraw
</UL>
<BR>[Address Reference Count : 1]<UL><LI> framewin_skinclassic.o(.constdata)
</UL>
<P><STRONG><a name="[35c407c]"></a>_GetBorderSize</STRONG> (Thumb, 18 bytes, Stack size 8 bytes, framewin_skinclassic.o(i._GetBorderSize))
<BR><BR>[Stack]<UL><LI>Max Depth = 8<LI>Call Chain = _GetBorderSize
</UL>
<BR>[Calls]<UL><LI><a href="#[3273a38]">&gt;&gt;</a>&nbsp;&nbsp;&nbsp;GUI_ALLOC_UnlockH
<LI><a href="#[3273aec]">&gt;&gt;</a>&nbsp;&nbsp;&nbsp;GUI_ALLOC_LockH
</UL>
<BR>[Address Reference Count : 1]<UL><LI> framewin_skinclassic.o(.data)
</UL>
<P><STRONG><a name="[35c4004]"></a>_Paint</STRONG> (Thumb, 264 bytes, Stack size 96 bytes, framewin_skinclassic.o(i._Paint))
<BR><BR>[Stack]<UL><LI>Max Depth = 304 + Unknown Stack Size
<LI>Call Chain = _Paint &rArr; WIDGET_EFFECT_3D_DrawUp &rArr; _DrawUpRect &rArr; GUI_DrawHLine &rArr; WM__InitIVRSearch &rArr; WM__GetNextIVR &rArr; _FindNext_IVR &rArr; _Findx0 &rArr;  _Findx0 (Cycle)
</UL>
<BR>[Calls]<UL><LI><a href="#[303c930]">&gt;&gt;</a>&nbsp;&nbsp;&nbsp;GUI_FillRect
<LI><a href="#[303f9b4]">&gt;&gt;</a>&nbsp;&nbsp;&nbsp;WM_GetWindowSizeY
<LI><a href="#[303f9f0]">&gt;&gt;</a>&nbsp;&nbsp;&nbsp;WM_GetWindowSizeX
<LI><a href="#[31d2248]">&gt;&gt;</a>&nbsp;&nbsp;&nbsp;WM__InitIVRSearch
<LI><a href="#[31d22fc]">&gt;&gt;</a>&nbsp;&nbsp;&nbsp;WM__GetNextIVR
<LI><a href="#[326a1a4]">&gt;&gt;</a>&nbsp;&nbsp;&nbsp;WM_SetUserClipRect
<LI><a href="#[3270144]">&gt;&gt;</a>&nbsp;&nbsp;&nbsp;LCD_SetColor
<LI><a href="#[3273a38]">&gt;&gt;</a>&nbsp;&nbsp;&nbsp;GUI_ALLOC_UnlockH
<LI><a href="#[3273aec]">&gt;&gt;</a>&nbsp;&nbsp;&nbsp;GUI_ALLOC_LockH
<LI><a href="#[33c2a8c]">&gt;&gt;</a>&nbsp;&nbsp;&nbsp;FRAMEWIN__CalcPositions
<LI><a href="#[35c3b18]">&gt;&gt;</a>&nbsp;&nbsp;&nbsp;WIDGET_EFFECT_3D_DrawUp
</UL>
<BR>[Address Reference Count : 1]<UL><LI> framewin_skinclassic.o(.constdata)
</UL>
<P><STRONG><a name="[35bf090]"></a>_Create</STRONG> (Thumb, 2 bytes, Stack size 0 bytes, progbar_skinclassic.o(i._Create))
<BR>[Address Reference Count : 1]<UL><LI> progbar_skinclassic.o(.constdata)
</UL>
<P><STRONG><a name="[35bf018]"></a>_DrawPart</STRONG> (Thumb, 56 bytes, Stack size 24 bytes, progbar_skinclassic.o(i._DrawPart))
<BR><BR>[Stack]<UL><LI>Max Depth = 224 + Unknown Stack Size
<LI>Call Chain = _DrawPart &rArr; GUI_DispString &rArr; GUI__DispLine &rArr; WM__InitIVRSearch &rArr; WM__GetNextIVR &rArr; _FindNext_IVR &rArr; _Findx0 &rArr;  _Findx0 (Cycle)
</UL>
<BR>[Calls]<UL><LI><a href="#[6a6f94]">&gt;&gt;</a>&nbsp;&nbsp;&nbsp;GUI_Clear
<LI><a href="#[303c87c]">&gt;&gt;</a>&nbsp;&nbsp;&nbsp;GUI_GotoXY
<LI><a href="#[31d62bc]">&gt;&gt;</a>&nbsp;&nbsp;&nbsp;GUI_DispString
<LI><a href="#[3270144]">&gt;&gt;</a>&nbsp;&nbsp;&nbsp;LCD_SetColor
<LI><a href="#[3270180]">&gt;&gt;</a>&nbsp;&nbsp;&nbsp;LCD_SetBkColor
</UL>
<BR>[Called By]<UL><LI><a href="#[35befa0]">&gt;&gt;</a>&nbsp;&nbsp;&nbsp;_Paint
</UL>

<P><STRONG><a name="[35befa0]"></a>_Paint</STRONG> (Thumb, 256 bytes, Stack size 56 bytes, progbar_skinclassic.o(i._Paint))
<BR><BR>[Stack]<UL><LI>Max Depth = 280 + Unknown Stack Size
<LI>Call Chain = _Paint &rArr; _DrawPart &rArr; GUI_DispString &rArr; GUI__DispLine &rArr; WM__InitIVRSearch &rArr; WM__GetNextIVR &rArr; _FindNext_IVR &rArr; _Findx0 &rArr;  _Findx0 (Cycle)
</UL>
<BR>[Calls]<UL><LI><a href="#[303fe28]">&gt;&gt;</a>&nbsp;&nbsp;&nbsp;GUI_SetTextMode
<LI><a href="#[303fe64]">&gt;&gt;</a>&nbsp;&nbsp;&nbsp;GUI_SetFont
<LI><a href="#[326a1a4]">&gt;&gt;</a>&nbsp;&nbsp;&nbsp;WM_SetUserClipRect
<LI><a href="#[3273a38]">&gt;&gt;</a>&nbsp;&nbsp;&nbsp;GUI_ALLOC_UnlockH
<LI><a href="#[3273aec]">&gt;&gt;</a>&nbsp;&nbsp;&nbsp;GUI_ALLOC_LockH
<LI><a href="#[33c8054]">&gt;&gt;</a>&nbsp;&nbsp;&nbsp;WM_GetClientRect
<LI><a href="#[341eb6c]">&gt;&gt;</a>&nbsp;&nbsp;&nbsp;PROGBAR__Value2Pos
<LI><a href="#[341eba8]">&gt;&gt;</a>&nbsp;&nbsp;&nbsp;PROGBAR__GetTextRect
<LI><a href="#[341ebe4]">&gt;&gt;</a>&nbsp;&nbsp;&nbsp;PROGBAR__GetTextLocked
<LI><a href="#[3427e9c]">&gt;&gt;</a>&nbsp;&nbsp;&nbsp;WIDGET__EFFECT_DrawDownRect
<LI><a href="#[3427f14]">&gt;&gt;</a>&nbsp;&nbsp;&nbsp;GUI__ReduceRect
<LI><a href="#[35bf018]">&gt;&gt;</a>&nbsp;&nbsp;&nbsp;_DrawPart
</UL>
<BR>[Address Reference Count : 1]<UL><LI> progbar_skinclassic.o(.constdata)
</UL>
<P><STRONG><a name="[35b9f00]"></a>_DrawDown</STRONG> (Thumb, 16 bytes, Stack size 16 bytes, widget_effect_3d.o(i._DrawDown))
<BR><BR>[Stack]<UL><LI>Max Depth = 208 + Unknown Stack Size
<LI>Call Chain = _DrawDown &rArr; _DrawDownRect &rArr; GUI_DrawHLine &rArr; WM__InitIVRSearch &rArr; WM__GetNextIVR &rArr; _FindNext_IVR &rArr; _Findx0 &rArr;  _Findx0 (Cycle)
</UL>
<BR>[Calls]<UL><LI><a href="#[33c8054]">&gt;&gt;</a>&nbsp;&nbsp;&nbsp;WM_GetClientRect
<LI><a href="#[35b9e88]">&gt;&gt;</a>&nbsp;&nbsp;&nbsp;_DrawDownRect
</UL>
<BR>[Address Reference Count : 1]<UL><LI> widget_effect_3d.o(.constdata)
</UL>
<P><STRONG><a name="[35b9e88]"></a>_DrawDownRect</STRONG> (Thumb, 144 bytes, Stack size 24 bytes, widget_effect_3d.o(i._DrawDownRect))
<BR><BR>[Stack]<UL><LI>Max Depth = 192 + Unknown Stack Size
<LI>Call Chain = _DrawDownRect &rArr; GUI_DrawHLine &rArr; WM__InitIVRSearch &rArr; WM__GetNextIVR &rArr; _FindNext_IVR &rArr; _Findx0 &rArr;  _Findx0 (Cycle)
</UL>
<BR>[Calls]<UL><LI><a href="#[303c9a8]">&gt;&gt;</a>&nbsp;&nbsp;&nbsp;GUI_DrawHLine
<LI><a href="#[31d6244]">&gt;&gt;</a>&nbsp;&nbsp;&nbsp;GUI_DrawVLine
<LI><a href="#[3270144]">&gt;&gt;</a>&nbsp;&nbsp;&nbsp;LCD_SetColor
</UL>
<BR>[Called By]<UL><LI><a href="#[35b9f00]">&gt;&gt;</a>&nbsp;&nbsp;&nbsp;_DrawDown
</UL>
<BR>[Address Reference Count : 1]<UL><LI> widget_effect_3d.o(.constdata)
</UL>
<P><STRONG><a name="[35b9e10]"></a>_DrawUpRect</STRONG> (Thumb, 100 bytes, Stack size 24 bytes, widget_effect_3d.o(i._DrawUpRect))
<BR><BR>[Stack]<UL><LI>Max Depth = 192 + Unknown Stack Size
<LI>Call Chain = _DrawUpRect &rArr; GUI_DrawHLine &rArr; WM__InitIVRSearch &rArr; WM__GetNextIVR &rArr; _FindNext_IVR &rArr; _Findx0 &rArr;  _Findx0 (Cycle)
</UL>
<BR>[Calls]<UL><LI><a href="#[303c9a8]">&gt;&gt;</a>&nbsp;&nbsp;&nbsp;GUI_DrawHLine
<LI><a href="#[31d6244]">&gt;&gt;</a>&nbsp;&nbsp;&nbsp;GUI_DrawVLine
<LI><a href="#[31d6280]">&gt;&gt;</a>&nbsp;&nbsp;&nbsp;GUI_DrawRect
<LI><a href="#[3270144]">&gt;&gt;</a>&nbsp;&nbsp;&nbsp;LCD_SetColor
</UL>
<BR>[Called By]<UL><LI><a href="#[35c3b18]">&gt;&gt;</a>&nbsp;&nbsp;&nbsp;WIDGET_EFFECT_3D_DrawUp
</UL>
<BR>[Address Reference Count : 1]<UL><LI> widget_effect_3d.o(.constdata)
</UL>
<P><STRONG><a name="[35b68dc]"></a>_cbInvalidateOne</STRONG> (Thumb, 4 bytes, Stack size 0 bytes, wm_bringtotop.o(i._cbInvalidateOne))
<BR><BR>[Stack]<UL><LI>Max Depth = 184 + Unknown Stack Size
<LI>Call Chain = _cbInvalidateOne &rArr; WM_InvalidateWindow &rArr; WM_InvalidateRect &rArr; WM__InvalidateRectEx &rArr; WM__InvalidateRect &rArr;  WM__InvalidateRect (Cycle)
</UL>
<BR>[Calls]<UL><LI><a href="#[303f93c]">&gt;&gt;</a>&nbsp;&nbsp;&nbsp;WM_InvalidateWindow
</UL>
<BR>[Address Reference Count : 1]<UL><LI> wm_bringtotop.o(i.WM_BringToTop)
</UL>
<P><STRONG><a name="[360717c]"></a>_GetDialogItem</STRONG> (Thumb, 80 bytes, Stack size 24 bytes, wm_getscrollbar.o(i._GetDialogItem))
<BR><BR>[Stack]<UL><LI>Max Depth = 136 + Unknown Stack Size
 + In Cycle
<LI>Call Chain = _GetDialogItem &rArr;  _GetDialogItem (Cycle)
</UL>
<BR>[Calls]<UL><LI><a href="#[6a69b8]">&gt;&gt;</a>&nbsp;&nbsp;&nbsp;WM_GetId
<LI><a href="#[32739fc]">&gt;&gt;</a>&nbsp;&nbsp;&nbsp;GUI_ALLOC_h2p
<LI><a href="#[360717c]">&gt;&gt;</a>&nbsp;&nbsp;&nbsp;_GetDialogItem
</UL>
<BR>[Called By]<UL><LI><a href="#[3427cf8]">&gt;&gt;</a>&nbsp;&nbsp;&nbsp;WM_GetScrollbarV
<LI><a href="#[3427d34]">&gt;&gt;</a>&nbsp;&nbsp;&nbsp;WM_GetScrollbarH
<LI><a href="#[360717c]">&gt;&gt;</a>&nbsp;&nbsp;&nbsp;_GetDialogItem
</UL>

<P><STRONG><a name="[3605c64]"></a>_MoveDescendents</STRONG> (Thumb, 68 bytes, Stack size 24 bytes, wm_move.o(i._MoveDescendents))
<BR><BR>[Stack]<UL><LI>Max Depth = 64 + In Cycle
<LI>Call Chain = _MoveDescendents &rArr;  _MoveDescendents (Cycle)
</UL>
<BR>[Calls]<UL><LI><a href="#[3117ba4]">&gt;&gt;</a>&nbsp;&nbsp;&nbsp;GUI_MoveRect
<LI><a href="#[32739fc]">&gt;&gt;</a>&nbsp;&nbsp;&nbsp;GUI_ALLOC_h2p
<LI><a href="#[3465760]">&gt;&gt;</a>&nbsp;&nbsp;&nbsp;WM__SendMsgNoData
<LI><a href="#[3605c64]">&gt;&gt;</a>&nbsp;&nbsp;&nbsp;_MoveDescendents
</UL>
<BR>[Called By]<UL><LI><a href="#[360591c]">&gt;&gt;</a>&nbsp;&nbsp;&nbsp;WM__MoveWindow
<LI><a href="#[3605c64]">&gt;&gt;</a>&nbsp;&nbsp;&nbsp;_MoveDescendents
</UL>

<P><STRONG><a name="[36043c8]"></a>WM__ReleaseCapture</STRONG> (Thumb, 26 bytes, Stack size 24 bytes, wm_setcapture.o(i.WM__ReleaseCapture))
<BR><BR>[Stack]<UL><LI>Max Depth = 40<LI>Call Chain = WM__ReleaseCapture &rArr; WM__SendMessage &rArr;  WM_DefaultProc (Cycle)
</UL>
<BR>[Calls]<UL><LI><a href="#[33c26cc]">&gt;&gt;</a>&nbsp;&nbsp;&nbsp;WM__SendMessage
</UL>
<BR>[Called By]<UL><LI><a href="#[34619f8]">&gt;&gt;</a>&nbsp;&nbsp;&nbsp;WM_ReleaseCapture
</UL>

<P><STRONG><a name="[3602208]"></a>_OnExit</STRONG> (Thumb, 36 bytes, Stack size 8 bytes, gui__alpha.o(i._OnExit))
<BR><BR>[Stack]<UL><LI>Max Depth = 8<LI>Call Chain = _OnExit
</UL>
<BR>[Calls]<UL><LI><a href="#[31cfee4]">&gt;&gt;</a>&nbsp;&nbsp;&nbsp;GUI_ALLOC_FreeFixedBlock
</UL>
<BR>[Address Reference Count : 1]<UL><LI> gui__alpha.o(i.GUI__GetAlphaBuffer)
</UL>
<P><STRONG><a name="[35ff670]"></a>_Color2Index_0</STRONG> (Thumb, 84 bytes, Stack size 32 bytes, guicc_0.o(i._Color2Index_0))
<BR><BR>[Stack]<UL><LI>Max Depth = 48<LI>Call Chain = _Color2Index_0 &rArr; LCD_GetNumColors &rArr; _GetDevProp
</UL>
<BR>[Calls]<UL><LI><a href="#[32b4af8]">&gt;&gt;</a>&nbsp;&nbsp;&nbsp;LCD_GetPalette
<LI><a href="#[32b4b70]">&gt;&gt;</a>&nbsp;&nbsp;&nbsp;LCD_GetNumColors
<LI><a href="#[35ff1c0]">&gt;&gt;</a>&nbsp;&nbsp;&nbsp;GUI_CalcColorDist
</UL>
<BR>[Address Reference Count : 1]<UL><LI> guicc_0.o(.constdata)
</UL>
<P><STRONG><a name="[35ff5f8]"></a>_GetIndexMask_0</STRONG> (Thumb, 82 bytes, Stack size 8 bytes, guicc_0.o(i._GetIndexMask_0))
<BR><BR>[Stack]<UL><LI>Max Depth = 24<LI>Call Chain = _GetIndexMask_0 &rArr; LCD_GetNumColors &rArr; _GetDevProp
</UL>
<BR>[Calls]<UL><LI><a href="#[32b4b70]">&gt;&gt;</a>&nbsp;&nbsp;&nbsp;LCD_GetNumColors
</UL>
<BR>[Address Reference Count : 1]<UL><LI> guicc_0.o(.constdata)
</UL>
<P><STRONG><a name="[35ff580]"></a>_Index2Color_0</STRONG> (Thumb, 32 bytes, Stack size 16 bytes, guicc_0.o(i._Index2Color_0))
<BR><BR>[Stack]<UL><LI>Max Depth = 32<LI>Call Chain = _Index2Color_0 &rArr; LCD_GetNumColors &rArr; _GetDevProp
</UL>
<BR>[Calls]<UL><LI><a href="#[32b4af8]">&gt;&gt;</a>&nbsp;&nbsp;&nbsp;LCD_GetPalette
<LI><a href="#[32b4b70]">&gt;&gt;</a>&nbsp;&nbsp;&nbsp;LCD_GetNumColors
</UL>
<BR>[Address Reference Count : 1]<UL><LI> guicc_0.o(.constdata)
</UL>
<P><STRONG><a name="[366d050]"></a>_Create</STRONG> (Thumb, 2 bytes, Stack size 0 bytes, header_skinclassic.o(i._Create))
<BR>[Address Reference Count : 1]<UL><LI> header_skinclassic.o(.constdata)
</UL>
<P><STRONG><a name="[366cfd8]"></a>_DrawTriangle</STRONG> (Thumb, 36 bytes, Stack size 24 bytes, header_skinclassic.o(i._DrawTriangle))
<BR><BR>[Stack]<UL><LI>Max Depth = 192 + Unknown Stack Size
<LI>Call Chain = _DrawTriangle &rArr; GUI_DrawHLine &rArr; WM__InitIVRSearch &rArr; WM__GetNextIVR &rArr; _FindNext_IVR &rArr; _Findx0 &rArr;  _Findx0 (Cycle)
</UL>
<BR>[Calls]<UL><LI><a href="#[303c9a8]">&gt;&gt;</a>&nbsp;&nbsp;&nbsp;GUI_DrawHLine
</UL>
<BR>[Called By]<UL><LI><a href="#[366cf60]">&gt;&gt;</a>&nbsp;&nbsp;&nbsp;_Paint
</UL>

<P><STRONG><a name="[366cf60]"></a>_Paint</STRONG> (Thumb, 600 bytes, Stack size 72 bytes, header_skinclassic.o(i._Paint))
<BR><BR>[Stack]<UL><LI>Max Depth = 264 + Unknown Stack Size
<LI>Call Chain = _Paint &rArr; _DrawTriangle &rArr; GUI_DrawHLine &rArr; WM__InitIVRSearch &rArr; WM__GetNextIVR &rArr; _FindNext_IVR &rArr; _Findx0 &rArr;  _Findx0 (Cycle)
</UL>
<BR>[Calls]<UL><LI><a href="#[6a6f94]">&gt;&gt;</a>&nbsp;&nbsp;&nbsp;GUI_Clear
<LI><a href="#[303fe28]">&gt;&gt;</a>&nbsp;&nbsp;&nbsp;GUI_SetTextMode
<LI><a href="#[303fe64]">&gt;&gt;</a>&nbsp;&nbsp;&nbsp;GUI_SetFont
<LI><a href="#[3117e74]">&gt;&gt;</a>&nbsp;&nbsp;&nbsp;GUI_DispStringInRect
<LI><a href="#[326a1a4]">&gt;&gt;</a>&nbsp;&nbsp;&nbsp;WM_SetUserClipRect
<LI><a href="#[326a258]">&gt;&gt;</a>&nbsp;&nbsp;&nbsp;GUI_GetClientRect
<LI><a href="#[3270144]">&gt;&gt;</a>&nbsp;&nbsp;&nbsp;LCD_SetColor
<LI><a href="#[3270180]">&gt;&gt;</a>&nbsp;&nbsp;&nbsp;LCD_SetBkColor
<LI><a href="#[3273a38]">&gt;&gt;</a>&nbsp;&nbsp;&nbsp;GUI_ALLOC_UnlockH
<LI><a href="#[3273aec]">&gt;&gt;</a>&nbsp;&nbsp;&nbsp;GUI_ALLOC_LockH
<LI><a href="#[33c9224]">&gt;&gt;</a>&nbsp;&nbsp;&nbsp;GUI_DRAW__Draw
<LI><a href="#[3425214]">&gt;&gt;</a>&nbsp;&nbsp;&nbsp;GUI_DRAW__GetYSize
<LI><a href="#[3425250]">&gt;&gt;</a>&nbsp;&nbsp;&nbsp;GUI_DRAW__GetXSize
<LI><a href="#[3425d90]">&gt;&gt;</a>&nbsp;&nbsp;&nbsp;GUI_ARRAY_GetpItemLocked
<LI><a href="#[3428040]">&gt;&gt;</a>&nbsp;&nbsp;&nbsp;GUI_ARRAY_GetNumItems
<LI><a href="#[3468d0c]">&gt;&gt;</a>&nbsp;&nbsp;&nbsp;WIDGET__EFFECT_DrawUpRect
<LI><a href="#[366cfd8]">&gt;&gt;</a>&nbsp;&nbsp;&nbsp;_DrawTriangle
</UL>
<BR>[Address Reference Count : 1]<UL><LI> header_skinclassic.o(.constdata)
</UL>
<P><STRONG><a name="[3667218]"></a>_CalcPositions</STRONG> (Thumb, 300 bytes, Stack size 48 bytes, scrollbar_skinclassic.o(i._CalcPositions))
<BR><BR>[Stack]<UL><LI>Max Depth = 200 + Unknown Stack Size
<LI>Call Chain = _CalcPositions &rArr; WM_GetScrollbarV &rArr; _GetDialogItem &rArr;  _GetDialogItem (Cycle)
</UL>
<BR>[Calls]<UL><LI><a href="#[3117ba4]">&gt;&gt;</a>&nbsp;&nbsp;&nbsp;GUI_MoveRect
<LI><a href="#[3273a38]">&gt;&gt;</a>&nbsp;&nbsp;&nbsp;GUI_ALLOC_UnlockH
<LI><a href="#[3273aec]">&gt;&gt;</a>&nbsp;&nbsp;&nbsp;GUI_ALLOC_LockH
<LI><a href="#[33cc230]">&gt;&gt;</a>&nbsp;&nbsp;&nbsp;GUI__DivideRound32
<LI><a href="#[33cd16c]">&gt;&gt;</a>&nbsp;&nbsp;&nbsp;WM_GetWindowRectEx
<LI><a href="#[341b110]">&gt;&gt;</a>&nbsp;&nbsp;&nbsp;SCROLLBAR__Rect2VRect
<LI><a href="#[3427cf8]">&gt;&gt;</a>&nbsp;&nbsp;&nbsp;WM_GetScrollbarV
<LI><a href="#[3427d34]">&gt;&gt;</a>&nbsp;&nbsp;&nbsp;WM_GetScrollbarH
<LI><a href="#[3468be0]">&gt;&gt;</a>&nbsp;&nbsp;&nbsp;WIDGET__GetYSize
<LI><a href="#[3468c1c]">&gt;&gt;</a>&nbsp;&nbsp;&nbsp;WIDGET__GetXSize
</UL>
<BR>[Address Reference Count : 1]<UL><LI> scrollbar_skinclassic.o(i._Create)
</UL>
<P><STRONG><a name="[36671a0]"></a>_Create</STRONG> (Thumb, 26 bytes, Stack size 8 bytes, scrollbar_skinclassic.o(i._Create))
<BR><BR>[Stack]<UL><LI>Max Depth = 208 + Unknown Stack Size
<LI>Call Chain = _Create &rArr; WM_SetHasTrans &rArr; WM_InvalidateWindow &rArr; WM_InvalidateRect &rArr; WM__InvalidateRectEx &rArr; WM__InvalidateRect &rArr;  WM__InvalidateRect (Cycle)
</UL>
<BR>[Calls]<UL><LI><a href="#[3038e98]">&gt;&gt;</a>&nbsp;&nbsp;&nbsp;WM_SetHasTrans
<LI><a href="#[3273a38]">&gt;&gt;</a>&nbsp;&nbsp;&nbsp;GUI_ALLOC_UnlockH
<LI><a href="#[3273aec]">&gt;&gt;</a>&nbsp;&nbsp;&nbsp;GUI_ALLOC_LockH
</UL>
<BR>[Address Reference Count : 1]<UL><LI> scrollbar_skinclassic.o(.constdata)
</UL>
<P><STRONG><a name="[3667128]"></a>_Paint</STRONG> (Thumb, 356 bytes, Stack size 72 bytes, scrollbar_skinclassic.o(i._Paint))
<BR><BR>[Stack]<UL><LI>Max Depth = 264 + Unknown Stack Size
<LI>Call Chain = _Paint &rArr; WIDGET__DrawTriangle &rArr; GUI_DrawHLine &rArr; WM__InitIVRSearch &rArr; WM__GetNextIVR &rArr; _FindNext_IVR &rArr; _Findx0 &rArr;  _Findx0 (Cycle)
</UL>
<BR>[Calls]<UL><LI><a href="#[3270144]">&gt;&gt;</a>&nbsp;&nbsp;&nbsp;LCD_SetColor
<LI><a href="#[3273a38]">&gt;&gt;</a>&nbsp;&nbsp;&nbsp;GUI_ALLOC_UnlockH
<LI><a href="#[3273aec]">&gt;&gt;</a>&nbsp;&nbsp;&nbsp;GUI_ALLOC_LockH
<LI><a href="#[341a5d0]">&gt;&gt;</a>&nbsp;&nbsp;&nbsp;WIDGET__DrawTriangle
<LI><a href="#[3425cdc]">&gt;&gt;</a>&nbsp;&nbsp;&nbsp;WIDGET__GetClientRect
<LI><a href="#[3468cd0]">&gt;&gt;</a>&nbsp;&nbsp;&nbsp;WIDGET__FillRectEx
<LI><a href="#[3468d0c]">&gt;&gt;</a>&nbsp;&nbsp;&nbsp;WIDGET__EFFECT_DrawUpRect
</UL>
<BR>[Address Reference Count : 1]<UL><LI> scrollbar_skinclassic.o(.constdata)
</UL>
<P><STRONG><a name="[3666b10]"></a>_Create</STRONG> (Thumb, 2 bytes, Stack size 0 bytes, slider_skinclassic.o(i._Create))
<BR>[Address Reference Count : 1]<UL><LI> slider_skinclassic.o(.constdata)
</UL>
<P><STRONG><a name="[3666a98]"></a>_Paint</STRONG> (Thumb, 304 bytes, Stack size 64 bytes, slider_skinclassic.o(i._Paint))
<BR><BR>[Stack]<UL><LI>Max Depth = 256 + Unknown Stack Size
<LI>Call Chain = _Paint &rArr; WIDGET__DrawVLine &rArr; GUI_DrawHLine &rArr; WM__InitIVRSearch &rArr; WM__GetNextIVR &rArr; _FindNext_IVR &rArr; _Findx0 &rArr;  _Findx0 (Cycle)
</UL>
<BR>[Calls]<UL><LI><a href="#[6a6f94]">&gt;&gt;</a>&nbsp;&nbsp;&nbsp;GUI_Clear
<LI><a href="#[3270144]">&gt;&gt;</a>&nbsp;&nbsp;&nbsp;LCD_SetColor
<LI><a href="#[3270180]">&gt;&gt;</a>&nbsp;&nbsp;&nbsp;LCD_SetBkColor
<LI><a href="#[3273a38]">&gt;&gt;</a>&nbsp;&nbsp;&nbsp;GUI_ALLOC_UnlockH
<LI><a href="#[3273aec]">&gt;&gt;</a>&nbsp;&nbsp;&nbsp;GUI_ALLOC_LockH
<LI><a href="#[3425cdc]">&gt;&gt;</a>&nbsp;&nbsp;&nbsp;WIDGET__GetClientRect
<LI><a href="#[3427e9c]">&gt;&gt;</a>&nbsp;&nbsp;&nbsp;WIDGET__EFFECT_DrawDownRect
<LI><a href="#[3427f14]">&gt;&gt;</a>&nbsp;&nbsp;&nbsp;GUI__ReduceRect
<LI><a href="#[3468cd0]">&gt;&gt;</a>&nbsp;&nbsp;&nbsp;WIDGET__FillRectEx
<LI><a href="#[3468d0c]">&gt;&gt;</a>&nbsp;&nbsp;&nbsp;WIDGET__EFFECT_DrawUpRect
<LI><a href="#[3468d48]">&gt;&gt;</a>&nbsp;&nbsp;&nbsp;WIDGET__DrawVLine
<LI><a href="#[3468dc0]">&gt;&gt;</a>&nbsp;&nbsp;&nbsp;WIDGET__DrawFocusRect
<LI><a href="#[34d8bcc]">&gt;&gt;</a>&nbsp;&nbsp;&nbsp;WM_GetHasTrans
</UL>
<BR>[Address Reference Count : 1]<UL><LI> slider_skinclassic.o(.constdata)
</UL>
<P><STRONG><a name="[3663d5c]"></a>_Screen2hWin</STRONG> (Thumb, 78 bytes, Stack size 32 bytes, wm_screen2win.o(i._Screen2hWin))
<BR><BR>[Stack]<UL><LI>Max Depth = 32 + In Cycle
<LI>Call Chain = _Screen2hWin &rArr;  _Screen2hWin (Cycle)
</UL>
<BR>[Calls]<UL><LI><a href="#[32739fc]">&gt;&gt;</a>&nbsp;&nbsp;&nbsp;GUI_ALLOC_h2p
<LI><a href="#[366399c]">&gt;&gt;</a>&nbsp;&nbsp;&nbsp;WM__IsInWindow
<LI><a href="#[3663d5c]">&gt;&gt;</a>&nbsp;&nbsp;&nbsp;_Screen2hWin
</UL>
<BR>[Called By]<UL><LI><a href="#[3663ce4]">&gt;&gt;</a>&nbsp;&nbsp;&nbsp;_Screen2hWinStop
<LI><a href="#[3663d5c]">&gt;&gt;</a>&nbsp;&nbsp;&nbsp;_Screen2hWin
</UL>

<P><STRONG><a name="[3663ce4]"></a>_Screen2hWinStop</STRONG> (Thumb, 14 bytes, Stack size 0 bytes, wm_screen2win.o(i._Screen2hWinStop))
<BR><BR>[Stack]<UL><LI>Max Depth = 32<LI>Call Chain = _Screen2hWinStop &rArr; _Screen2hWin &rArr;  _Screen2hWin (Cycle)
</UL>
<BR>[Calls]<UL><LI><a href="#[3663d5c]">&gt;&gt;</a>&nbsp;&nbsp;&nbsp;_Screen2hWin
</UL>
<BR>[Called By]<UL><LI><a href="#[3602514]">&gt;&gt;</a>&nbsp;&nbsp;&nbsp;WM_Screen2hWin
</UL>
<P>
<H3>
Undefined Global Symbols
</H3><HR></body></html>
