<!doctype html public "-//w3c//dtd html 4.0 transitional//en">
<html><head>
<title>Static Call Graph - [..\ObjFlash\STM32-FD-emWin.axf]</title></head>
<body><HR>
<H1>Static Call Graph for image ..\ObjFlash\STM32-FD-emWin.axf</H1><HR>
<BR><P>#&#060CALLGRAPH&#062# ARM Linker, RVCT4.0 [Build 524]: Last Updated: Tue Apr 01 10:49:36 2014
<BR><P>
<H3>Maximum Stack Usage =        736 bytes + Unknown(Functions without stacksize, Cycles, Untraceable Function Pointers)</H3><H3>
Call chain for Maximum Stack Depth:</H3>
_cbBk_PWM_CFG &rArr; InitDialog &rArr; FRAMEWIN_AddMinButton &rArr; FRAMEWIN_AddButton &rArr; BUTTON_CreateAsChild &rArr; BUTTON_CreateEx &rArr; BUTTON_CreateUser &rArr; WM_CreateWindowAsChild &rArr; WM_InvalidateWindow &rArr; WM_InvalidateRect &rArr; WM__InvalidateDrawAndDescs &rArr;  WM__InvalidateDrawAndDescs (Cycle)
<P>
<H3>
Functions with no stack information
</H3><UL>
 <LI><a href="#[6af52c]">Reset_Handler</a>
 <LI><a href="#[6af5a4]">__user_initial_stackheap</a>
 <LI><a href="#[312909c]">OS_CPU_SR_Save</a>
 <LI><a href="#[31290d8]">OS_CPU_SR_Restore</a>
 <LI><a href="#[30d9e5c]">OSStartHighRdy</a>
 <LI><a href="#[30d9e20]">OSCtxSw</a>
 <LI><a href="#[30d9de4]">OSIntCtxSw</a>
 <LI><a href="#[6aefc8]">OSPendSV</a>
 <LI><a href="#[6a5f2c]">CPU_IntDis</a>
 <LI><a href="#[30d9b8c]">CPU_IntEn</a>
 <LI><a href="#[30d9b50]">CPU_SR_Save</a>
 <LI><a href="#[30d9b14]">CPU_SR_Restore</a>
 <LI><a href="#[6af7c0]">NMIException</a>
 <LI><a href="#[6af784]">HardFaultException</a>
 <LI><a href="#[6af748]">MemManageException</a>
 <LI><a href="#[6af70c]">BusFaultException</a>
 <LI><a href="#[6af6d0]">UsageFaultException</a>
 <LI><a href="#[6af694]">DebugMonitor</a>
 <LI><a href="#[6af658]">SVCHandler</a>
</UL>
</UL>
<P>
<H3>
Mutually Recursive functions
</H3> <LI><a href="#[382fa20]">WM__InvalidateRect</a>&nbsp;&nbsp;&nbsp;&rArr;&nbsp;&nbsp;&nbsp;<a href="#[382fa20]">WM__InvalidateRect</a><BR>
 <LI><a href="#[382fc78]">WM_InvalidateWindowAndDescsEx</a>&nbsp;&nbsp;&nbsp;&rArr;&nbsp;&nbsp;&nbsp;<a href="#[382fc78]">WM_InvalidateWindowAndDescsEx</a><BR>
 <LI><a href="#[3831424]">_Findy1</a>&nbsp;&nbsp;&nbsp;&rArr;&nbsp;&nbsp;&nbsp;<a href="#[3831424]">_Findy1</a><BR>
 <LI><a href="#[383149c]">_Findx1</a>&nbsp;&nbsp;&nbsp;&rArr;&nbsp;&nbsp;&nbsp;<a href="#[383149c]">_Findx1</a><BR>
 <LI><a href="#[3831514]">_Findx0</a>&nbsp;&nbsp;&nbsp;&rArr;&nbsp;&nbsp;&nbsp;<a href="#[3831514]">_Findx0</a><BR>
 <LI><a href="#[374a00c]">GUI_MEMDEV_Draw</a>&nbsp;&nbsp;&nbsp;&rArr;&nbsp;&nbsp;&nbsp;<a href="#[34099ec]">GUI_MEMDEV_Delete</a><BR>
 <LI><a href="#[382fa98]">WM__InvalidateDrawAndDescs</a>&nbsp;&nbsp;&nbsp;&rArr;&nbsp;&nbsp;&nbsp;<a href="#[382fa98]">WM__InvalidateDrawAndDescs</a><BR>
 <LI><a href="#[3782930]">WM__SendMessage</a>&nbsp;&nbsp;&nbsp;&rArr;&nbsp;&nbsp;&nbsp;<a href="#[6a52c0]">WM_DefaultProc</a><BR>
 <LI><a href="#[3a3f660]">WM__ForEachDesc</a>&nbsp;&nbsp;&nbsp;&rArr;&nbsp;&nbsp;&nbsp;<a href="#[3a3f660]">WM__ForEachDesc</a><BR>
 <LI><a href="#[3829738]">WM_ResizeWindow</a>&nbsp;&nbsp;&nbsp;&rArr;&nbsp;&nbsp;&nbsp;<a href="#[3832b1c]">WM__UpdateChildPositions</a><BR>
 <LI><a href="#[39d1858]">_MoveDescendents</a>&nbsp;&nbsp;&nbsp;&rArr;&nbsp;&nbsp;&nbsp;<a href="#[39d1858]">_MoveDescendents</a><BR>
 <LI><a href="#[383167c]">_DeleteAllChildren</a>&nbsp;&nbsp;&nbsp;&rArr;&nbsp;&nbsp;&nbsp;<a href="#[3409488]">WM_DeleteWindow</a><BR>
 <LI><a href="#[3a3e364]">_Screen2hWin</a>&nbsp;&nbsp;&nbsp;&rArr;&nbsp;&nbsp;&nbsp;<a href="#[3a3e364]">_Screen2hWin</a><BR>
 <LI><a href="#[6af7c0]">NMIException</a>&nbsp;&nbsp;&nbsp;&rArr;&nbsp;&nbsp;&nbsp;<a href="#[6af7c0]">NMIException</a><BR>
 <LI><a href="#[6af784]">HardFaultException</a>&nbsp;&nbsp;&nbsp;&rArr;&nbsp;&nbsp;&nbsp;<a href="#[6af784]">HardFaultException</a><BR>
 <LI><a href="#[6af748]">MemManageException</a>&nbsp;&nbsp;&nbsp;&rArr;&nbsp;&nbsp;&nbsp;<a href="#[6af748]">MemManageException</a><BR>
 <LI><a href="#[6af70c]">BusFaultException</a>&nbsp;&nbsp;&nbsp;&rArr;&nbsp;&nbsp;&nbsp;<a href="#[6af70c]">BusFaultException</a><BR>
 <LI><a href="#[6af6d0]">UsageFaultException</a>&nbsp;&nbsp;&nbsp;&rArr;&nbsp;&nbsp;&nbsp;<a href="#[6af6d0]">UsageFaultException</a><BR>
 <LI><a href="#[6af694]">DebugMonitor</a>&nbsp;&nbsp;&nbsp;&rArr;&nbsp;&nbsp;&nbsp;<a href="#[6af694]">DebugMonitor</a><BR>
 <LI><a href="#[6af658]">SVCHandler</a>&nbsp;&nbsp;&nbsp;&rArr;&nbsp;&nbsp;&nbsp;<a href="#[6af658]">SVCHandler</a><BR>
 <LI><a href="#[38a043c]">WM_InvalidateWindowAndDescs</a>&nbsp;&nbsp;&nbsp;&rArr;&nbsp;&nbsp;&nbsp;<a href="#[38a043c]">WM_InvalidateWindowAndDescs</a><BR>
 <LI><a href="#[382deb4]">_GetDialogItem</a>&nbsp;&nbsp;&nbsp;&rArr;&nbsp;&nbsp;&nbsp;<a href="#[382deb4]">_GetDialogItem</a><BR>
 <LI><a href="#[38311cc]">_PaintTransChildren</a>&nbsp;&nbsp;&nbsp;&rArr;&nbsp;&nbsp;&nbsp;<a href="#[38311cc]">_PaintTransChildren</a><BR>
 <LI><a href="#[39d3130]">_GetDialogItem</a>&nbsp;&nbsp;&nbsp;&rArr;&nbsp;&nbsp;&nbsp;<a href="#[39d3130]">_GetDialogItem</a><BR>
</UL>
<P>
<H3>
Function Pointers
</H3><UL>
 <LI><a href="#[6a6274]">LED_LED1_ON</a>
 <LI><a href="#[6a61fc]">PWM_PB8_CH2_ON</a>
 <LI><a href="#[6a6184]">PWM_PB9_CH3_ON</a>
 <LI><a href="#[6a62b0]">LED_LED1_OFF</a>
 <LI><a href="#[6a6238]">PWM_PB8_CH2_OFF</a>
 <LI><a href="#[6a61c0]">PWM_PB9_CH3_OFF</a>
 <LI><a href="#[3745944]">_OnTouchDefault</a>
 <LI><a href="#[378a928]">_Paint</a>
 <LI><a href="#[378a9a0]">_Create</a>
 <LI><a href="#[3782c78]">FRAMEWIN__GetBorderSize</a>
 <LI><a href="#[377f960]">_GetBorderSize</a>
 <LI><a href="#[6a5c98]">FRAMEWIN_DrawSkinFlex</a>
 <LI><a href="#[377f8e8]">_Paint</a>
 <LI><a href="#[377f9d8]">_Create</a>
 <LI><a href="#[37fa1e4]">_Paint</a>
 <LI><a href="#[37fa25c]">_Create</a>
 <LI><a href="#[37f197c]">_Paint</a>
 <LI><a href="#[37f19f4]">_Create</a>
 <LI><a href="#[37ef5dc]">_Paint</a>
 <LI><a href="#[37ef654]">_Create</a>
 <LI><a href="#[37ed1c4]">_Paint</a>
 <LI><a href="#[37ed23c]">_Create</a>
 <LI><a href="#[389c224]">_GetCursorPosX</a>
 <LI><a href="#[389c29c]">_GetCursorPosChar</a>
 <LI><a href="#[389c314]">_GetCursorCharacter</a>
 <LI><a href="#[3897b20]">_Log2VisBuffered</a>
 <LI><a href="#[33c7950]">GUI_X_ExecIdle</a>
 <LI><a href="#[398b964]">_GetBorderSize</a>
 <LI><a href="#[6af52c]">Reset_Handler</a>
 <LI><a href="#[6af7c0]">NMIException</a>
 <LI><a href="#[6af784]">HardFaultException</a>
 <LI><a href="#[6af748]">MemManageException</a>
 <LI><a href="#[6af70c]">BusFaultException</a>
 <LI><a href="#[6af6d0]">UsageFaultException</a>
 <LI><a href="#[6af658]">SVCHandler</a>
 <LI><a href="#[6af694]">DebugMonitor</a>
 <LI><a href="#[6aefc8]">OSPendSV</a>
 <LI><a href="#[6aee24]">SysTickHandler</a>
 <LI><a href="#[6aeaa0]">WWDG_IRQHandler</a>
 <LI><a href="#[6aef8c]">PVD_IRQHandler</a>
 <LI><a href="#[6aede8]">TAMPER_IRQHandler</a>
 <LI><a href="#[6aeed8]">RTC_IRQHandler</a>
 <LI><a href="#[6af0f4]">FLASH_IRQHandler</a>
 <LI><a href="#[6aef50]">RCC_IRQHandler</a>
 <LI><a href="#[6af298]">EXTI0_IRQHandler</a>
 <LI><a href="#[6af220]">EXTI1_IRQHandler</a>
 <LI><a href="#[6af1e4]">EXTI2_IRQHandler</a>
 <LI><a href="#[6af1a8]">EXTI3_IRQHandler</a>
 <LI><a href="#[6af16c]">EXTI4_IRQHandler</a>
 <LI><a href="#[6af43c]">DMAChannel1_IRQHandler</a>
 <LI><a href="#[6af400]">DMAChannel2_IRQHandler</a>
 <LI><a href="#[6af3c4]">DMAChannel3_IRQHandler</a>
 <LI><a href="#[6af388]">DMAChannel4_IRQHandler</a>
 <LI><a href="#[6af34c]">DMAChannel5_IRQHandler</a>
 <LI><a href="#[6af310]">DMAChannel6_IRQHandler</a>
 <LI><a href="#[6af2d4]">DMAChannel7_IRQHandler</a>
 <LI><a href="#[6af4f0]">ADC_IRQHandler</a>
 <LI><a href="#[6aeb18]">USB_HP_CAN_TX_IRQHandler</a>
 <LI><a href="#[6aeadc]">USB_LP_CAN_RX0_IRQHandler</a>
 <LI><a href="#[6af4b4]">CAN_RX1_IRQHandler</a>
 <LI><a href="#[6af478]">CAN_SCE_IRQHandler</a>
 <LI><a href="#[6af130]">EXTI9_5_IRQHandler</a>
 <LI><a href="#[6aedac]">TIM1_BRK_IRQHandler</a>
 <LI><a href="#[6aecf8]">TIM1_UP_IRQHandler</a>
 <LI><a href="#[6aed34]">TIM1_TRG_COM_IRQHandler</a>
 <LI><a href="#[6aed70]">TIM1_CC_IRQHandler</a>
 <LI><a href="#[6aecbc]">TIM2_IRQHandler</a>
 <LI><a href="#[6aec80]">TIM3_IRQHandler</a>
 <LI><a href="#[6aec44]">TIM4_IRQHandler</a>
 <LI><a href="#[6af07c]">I2C1_EV_IRQHandler</a>
 <LI><a href="#[6af0b8]">I2C1_ER_IRQHandler</a>
 <LI><a href="#[6af004]">I2C2_EV_IRQHandler</a>
 <LI><a href="#[6af040]">I2C2_ER_IRQHandler</a>
 <LI><a href="#[6aee9c]">SPI1_IRQHandler</a>
 <LI><a href="#[6aee60]">SPI2_IRQHandler</a>
 <LI><a href="#[6aec08]">USART1_IRQHandler</a>
 <LI><a href="#[6aebcc]">USART2_IRQHandler</a>
 <LI><a href="#[6aeb90]">USART3_IRQHandler</a>
 <LI><a href="#[6af25c]">EXTI15_10_IRQHandler</a>
 <LI><a href="#[6aef14]">RTCAlarm_IRQHandler</a>
 <LI><a href="#[6aeb54]">USBWakeUp_IRQHandler</a>
 <LI><a href="#[3b42b54]">__main</a>
 <LI><a href="#[30da4b0]">OSTaskSwHook</a>
 <LI><a href="#[312918c]">OSIntExit</a>
 <LI><a href="#[3b3b0fc]">_get_lc_ctype</a>
 <LI><a href="#[3b39b6c]">__I$use$semihosting</a>
 <LI><a href="#[6abecc]">_cbBk</a>
 <LI><a href="#[6abf08]">_FRAMEWIN_DrawSkinFlex</a>
 <LI><a href="#[6a5554]">PROGBAR_DrawSkinFlex</a>
 <LI><a href="#[6a601c]">BUTTON_DrawSkinFlex</a>
 <LI><a href="#[6a54dc]">SCROLLBAR_DrawSkinFlex</a>
 <LI><a href="#[6a5428]">SLIDER_DrawSkinFlex</a>
 <LI><a href="#[6a57e8]">HEADER_DrawSkinFlex</a>
 <LI><a href="#[6abe90]">_cbBk_PWM_CFG</a>
 <LI><a href="#[6abfbc]">AppTaskUserIF</a>
 <LI><a href="#[6abff8]">AppTaskKbd</a>
 <LI><a href="#[3596fac]">BUTTON_Callback</a>
 <LI><a href="#[37458cc]">_OnTouchReactOnLevel</a>
 <LI><a href="#[37459bc]">_OnPidStateChange</a>
 <LI><a href="#[3785054]">EDIT_Callback</a>
 <LI><a href="#[37843e8]">_AddKeyDec</a>
 <LI><a href="#[3784028]">_UpdateBuffer</a>
 <LI><a href="#[37826d8]">_Draw</a>
 <LI><a href="#[3782660]">_cbClose</a>
 <LI><a href="#[37820fc]">_Draw</a>
 <LI><a href="#[3781f94]">_cbMax</a>
 <LI><a href="#[37819f4]">_Draw</a>
 <LI><a href="#[378188c]">_cbMin</a>
 <LI><a href="#[3782ed0]">FRAMEWIN_Callback</a>
 <LI><a href="#[378368c]">FRAMEWIN__cbClient</a>
 <LI><a href="#[374d6e4]">_SetPhysRAMAddr</a>
 <LI><a href="#[374d66c]">_SetRect</a>
 <LI><a href="#[374d75c]">_SetOrientation</a>
 <LI><a href="#[374d84c]">_ReadPixel_16bpp_B8</a>
 <LI><a href="#[374d8c4]">_ReadPixel_16bpp_B16</a>
 <LI><a href="#[374d7d4]">_SetInterface</a>
 <LI><a href="#[374e0bc]">_DrawBitmap</a>
 <LI><a href="#[374e044]">_FillRect</a>
 <LI><a href="#[374e6d4]">GUIDRV_FlexColor__GetPixelIndexNoCache</a>
 <LI><a href="#[374e530]">GUIDRV_FlexColor__SetPixelIndexNoCache</a>
 <LI><a href="#[374dfcc]">_ReadData</a>
 <LI><a href="#[374df54]">_WriteData</a>
 <LI><a href="#[38eb6c4]">_OnExit</a>
 <LI><a href="#[364e858]">_OnExit</a>
 <LI><a href="#[358e7f8]">LCD_DrawVLine</a>
 <LI><a href="#[358e834]">LCD_DrawHLine</a>
 <LI><a href="#[36480c0]">LCD_Index2Color_8888</a>
 <LI><a href="#[368dcbc]">WM_HandlePID</a>
 <LI><a href="#[364f80c]">_OnExit</a>
 <LI><a href="#[36480c0]">LCD_Index2Color_8888</a>
 <LI><a href="#[36864f8]">LCD_Index2Color_888</a>
 <LI><a href="#[39cddfc]">_OnExit</a>
 <LI><a href="#[33c621c]">LCD_WR_REG</a>
 <LI><a href="#[33c6294]">LCD_WR_Data</a>
 <LI><a href="#[33c6258]">LCD_WR_M_Data</a>
 <LI><a href="#[33c6348]">LCD_RD_M_Data</a>
 <LI><a href="#[33c6078]">GUIDRV_FlexColor_SetMode16bppC0B16</a>
 <LI><a href="#[33c60b4]">GUIDRV_FlexColor_SetFunc66708</a>
 <LI><a href="#[33d03d4]">OS_TaskIdle</a>
 <LI><a href="#[33d0398]">OS_TaskStat</a>
 <LI><a href="#[37eee20]">_DrawBackgroundV</a>
 <LI><a href="#[34051f8]">GUI_DrawGradientH</a>
 <LI><a href="#[37eecb8]">_DrawGraspV</a>
 <LI><a href="#[37eee98]">_DrawBackgroundH</a>
 <LI><a href="#[3409c44]">GUI_DrawGradientV</a>
 <LI><a href="#[37eed30]">_DrawGraspH</a>
 <LI><a href="#[37edbd8]">SLIDER_Callback</a>
 <LI><a href="#[397e890]">_cbInvalidateOne</a>
 <LI><a href="#[3831064]">cbBackWin</a>
 <LI><a href="#[3831334]">_OnExit</a>
 <LI><a href="#[38310dc]">_cbPaintMemDev</a>
 <LI><a href="#[37ef6cc]">_CalcPositions</a>
 <LI><a href="#[398b4f0]">FRAMEWIN_OwnerDraw</a>
 <LI><a href="#[3a40e0c]">_CalcPositions</a>
 <LI><a href="#[375009c]">_GetDevFunc_SetVSize</a>
 <LI><a href="#[3750114]">_GetDevFunc_SetSize</a>
 <LI><a href="#[375018c]">_GetDevFunc_Init</a>
 <LI><a href="#[374a624]">GUI_MEMDEV__WriteToActiveAlpha</a>
 <LI><a href="#[374c730]">GUI_MEMDEV__WriteToActiveOpaque</a>
 <LI><a href="#[358de20]">_OnExit</a>
 <LI><a href="#[382f7c8]">GUI_MEMDEV_Paint1Static</a>
 <LI><a href="#[382f930]">WM__Paint1</a>
 <LI><a href="#[374d5f4]">_SetReg_B16</a>
 <LI><a href="#[374d504]">_WritePara_B16</a>
 <LI><a href="#[374d57c]">_SetReg_B8</a>
 <LI><a href="#[374d48c]">_WritePara_B8</a>
 <LI><a href="#[6abf44]">App_TaskStart</a>
 <LI><a href="#[6a5cd4]">FRAMEWIN_CreateIndirect</a>
 <LI><a href="#[6a6058]">BUTTON_CreateIndirect</a>
 <LI><a href="#[6a6058]">BUTTON_CreateIndirect</a>
 <LI><a href="#[6a5eb4]">EDIT_CreateIndirect</a>
 <LI><a href="#[6a5eb4]">EDIT_CreateIndirect</a>
 <LI><a href="#[6a6058]">BUTTON_CreateIndirect</a>
 <LI><a href="#[6a6058]">BUTTON_CreateIndirect</a>
 <LI><a href="#[6a5eb4]">EDIT_CreateIndirect</a>
 <LI><a href="#[6a6058]">BUTTON_CreateIndirect</a>
 <LI><a href="#[6a6058]">BUTTON_CreateIndirect</a>
 <LI><a href="#[6a6058]">BUTTON_CreateIndirect</a>
 <LI><a href="#[6a6058]">BUTTON_CreateIndirect</a>
 <LI><a href="#[6a6058]">BUTTON_CreateIndirect</a>
 <LI><a href="#[6a6058]">BUTTON_CreateIndirect</a>
 <LI><a href="#[6a6058]">BUTTON_CreateIndirect</a>
 <LI><a href="#[6a6058]">BUTTON_CreateIndirect</a>
 <LI><a href="#[6a6058]">BUTTON_CreateIndirect</a>
 <LI><a href="#[6a6058]">BUTTON_CreateIndirect</a>
 <LI><a href="#[6a6058]">BUTTON_CreateIndirect</a>
 <LI><a href="#[6a6058]">BUTTON_CreateIndirect</a>
 <LI><a href="#[6a5464]">SLIDER_CreateIndirect</a>
 <LI><a href="#[358fd88]">_Color2Index_565</a>
 <LI><a href="#[358f89c]">LCD_Index2Color_565</a>
 <LI><a href="#[358fd10]">_GetIndexMask_565</a>
 <LI><a href="#[358fe00]">_Color2IndexBulk</a>
 <LI><a href="#[358fc98]">_Index2ColorBulk</a>
 <LI><a href="#[358e834]">LCD_DrawHLine</a>
 <LI><a href="#[364edbc]">LCD_DrawPixel</a>
 <LI><a href="#[3689db0]">_DrawBitmap</a>
 <LI><a href="#[3689d38]">_DrawHLine</a>
 <LI><a href="#[3689cc0]">_DrawVLine</a>
 <LI><a href="#[3689c48]">_FillRect</a>
 <LI><a href="#[3689900]">_GetPixelIndex</a>
 <LI><a href="#[36895b8]">_SetPixelIndex</a>
 <LI><a href="#[36892e8]">_XorPixel</a>
 <LI><a href="#[3689630]">_SetOrg</a>
 <LI><a href="#[36899f0]">_GetDevFunc</a>
 <LI><a href="#[3689978]">_GetDevProp</a>
 <LI><a href="#[3689a68]">_GetDevData</a>
 <LI><a href="#[3689888]">_GetRect</a>
 <LI><a href="#[3686264]">_Color2Index_8888</a>
 <LI><a href="#[36480c0]">LCD_Index2Color_8888</a>
 <LI><a href="#[36861ec]">_GetIndexMask_8888</a>
 <LI><a href="#[36862dc]">_Color2IndexBulk</a>
 <LI><a href="#[3686174]">_Index2ColorBulk</a>
 <LI><a href="#[375045c]">_DrawBitmap</a>
 <LI><a href="#[37503e4]">_DrawHLine</a>
 <LI><a href="#[375036c]">_DrawVLine</a>
 <LI><a href="#[37502f4]">_FillRect</a>
 <LI><a href="#[374ffac]">_GetPixelIndex</a>
 <LI><a href="#[374f6c4]">_SetPixelIndex</a>
 <LI><a href="#[374f64c]">_XorPixel</a>
 <LI><a href="#[374f73c]">_SetOrg</a>
 <LI><a href="#[3750204]">_GetDevFunc</a>
 <LI><a href="#[3750024]">_GetDevProp</a>
 <LI><a href="#[375027c]">_GetDevData</a>
 <LI><a href="#[374ff34]">_GetRect</a>
 <LI><a href="#[374febc]">_Log2PhysX_X0Y0S0</a>
 <LI><a href="#[374fcdc]">_Log2PhysX_X1Y0S0</a>
 <LI><a href="#[374fdcc]">_Log2PhysX_X0Y1S0</a>
 <LI><a href="#[374fbec]">_Log2PhysX_X1Y1S0</a>
 <LI><a href="#[374fe44]">_Log2PhysX_X0Y0S1</a>
 <LI><a href="#[374fc64]">_Log2PhysX_X1Y0S1</a>
 <LI><a href="#[374fd54]">_Log2PhysX_X0Y1S1</a>
 <LI><a href="#[374fb74]">_Log2PhysX_X1Y1S1</a>
 <LI><a href="#[374fafc]">_Log2PhysY_X0Y0S0</a>
 <LI><a href="#[374f91c]">_Log2PhysY_X1Y0S0</a>
 <LI><a href="#[374fa0c]">_Log2PhysY_X0Y1S0</a>
 <LI><a href="#[374f82c]">_Log2PhysY_X1Y1S0</a>
 <LI><a href="#[374fa84]">_Log2PhysY_X0Y0S1</a>
 <LI><a href="#[374f8a4]">_Log2PhysY_X1Y0S1</a>
 <LI><a href="#[374f994]">_Log2PhysY_X0Y1S1</a>
 <LI><a href="#[374f7b4]">_Log2PhysY_X1Y1S1</a>
 <LI><a href="#[374b218]">_DrawBitmap</a>
 <LI><a href="#[374b1a0]">_DrawHLine</a>
 <LI><a href="#[374b128]">_DrawVLine</a>
 <LI><a href="#[374b0b0]">_FillRect</a>
 <LI><a href="#[374aed0]">_GetPixelIndex</a>
 <LI><a href="#[374ad68]">_SetPixelIndex</a>
 <LI><a href="#[374ac78]">_XorPixel</a>
 <LI><a href="#[374ade0]">_SetOrg</a>
 <LI><a href="#[374afc0]">_GetDevFunc</a>
 <LI><a href="#[374af48]">_GetDevProp</a>
 <LI><a href="#[374b038]">_GetDevData</a>
 <LI><a href="#[374ae58]">_GetRect</a>
 <LI><a href="#[38e94c8]">_GetCharCode</a>
 <LI><a href="#[38e9450]">_GetCharSize</a>
 <LI><a href="#[38e95b8]">_CalcSizeOfChar</a>
 <LI><a href="#[38e9540]">_Encode</a>
 <LI><a href="#[38e6e58]">_SetColor</a>
 <LI><a href="#[38e6ed0]">_SetBkColor</a>
 <LI><a href="#[38e6de0]">_SetDrawMode</a>
 <LI><a href="#[38e3f78]">GUIMONO_DispChar</a>
 <LI><a href="#[38e3f3c]">GUIMONO_GetCharDistX</a>
 <LI><a href="#[38e3f00]">GUIMONO_GetFontInfo</a>
 <LI><a href="#[38e3ec4]">GUIMONO_IsInFont</a>
 <LI><a href="#[347bc48]">GUIPROP_DispChar</a>
 <LI><a href="#[347bb1c]">GUIPROP_GetCharDistX</a>
 <LI><a href="#[347bae0]">GUIPROP_GetFontInfo</a>
 <LI><a href="#[347baa4]">GUIPROP_IsInFont</a>
 <LI><a href="#[347bc48]">GUIPROP_DispChar</a>
 <LI><a href="#[347bb1c]">GUIPROP_GetCharDistX</a>
 <LI><a href="#[347bae0]">GUIPROP_GetFontInfo</a>
 <LI><a href="#[347baa4]">GUIPROP_IsInFont</a>
 <LI><a href="#[3957090]">_DrawBitmap</a>
 <LI><a href="#[3957018]">_DrawHLine</a>
 <LI><a href="#[3956fa0]">_DrawVLine</a>
 <LI><a href="#[3956f28]">_FillRect</a>
 <LI><a href="#[3956d48]">_GetPixelIndex</a>
 <LI><a href="#[3956be0]">_SetPixelIndex</a>
 <LI><a href="#[3956af0]">_XorPixel</a>
 <LI><a href="#[3956c58]">_SetOrg</a>
 <LI><a href="#[3956e38]">_GetDevFunc</a>
 <LI><a href="#[3956dc0]">_GetDevProp</a>
 <LI><a href="#[3956eb0]">_GetDevData</a>
 <LI><a href="#[3956cd0]">_GetRect</a>
 <LI><a href="#[3953454]">GUI_USAGE_BM_AddPixel</a>
 <LI><a href="#[39534cc]">GUI_USAGE_BM_AddHLine</a>
 <LI><a href="#[39533dc]">GUI_USAGE_BM_Clear</a>
 <LI><a href="#[39532b0]">_GUI_USAGE_BM_Delete</a>
 <LI><a href="#[3953328]">GUI_USAGE_BM_GetNextDirty</a>
 <LI><a href="#[3951834]">_Paint</a>
 <LI><a href="#[39518ac]">_Create</a>
 <LI><a href="#[398b8ec]">_Paint</a>
 <LI><a href="#[398b9dc]">_Create</a>
 <LI><a href="#[3986888]">_Paint</a>
 <LI><a href="#[3986978]">_Create</a>
 <LI><a href="#[3983c78]">_Paint</a>
 <LI><a href="#[3983cf0]">_Create</a>
 <LI><a href="#[398b400]">WIDGET_EFFECT_3D_DrawUp</a>
 <LI><a href="#[3981dc4]">_DrawUpRect</a>
 <LI><a href="#[3981eb4]">_DrawDown</a>
 <LI><a href="#[3981e3c]">_DrawDownRect</a>
 <LI><a href="#[39cb264]">_Color2Index_0</a>
 <LI><a href="#[39cb174]">_Index2Color_0</a>
 <LI><a href="#[39cb1ec]">_GetIndexMask_0</a>
 <LI><a href="#[3a472d4]">_Draw</a>
 <LI><a href="#[3a4725c]">_GetXSize</a>
 <LI><a href="#[3a471e4]">_GetYSize</a>
 <LI><a href="#[3a46b54]">_Paint</a>
 <LI><a href="#[3a46c44]">_Create</a>
 <LI><a href="#[3a40d1c]">_Paint</a>
 <LI><a href="#[3a40d94]">_Create</a>
 <LI><a href="#[6a6274]">LED_LED1_ON</a>
 <LI><a href="#[6a61fc]">PWM_PB8_CH2_ON</a>
 <LI><a href="#[6a6184]">PWM_PB9_CH3_ON</a>
 <LI><a href="#[6a62b0]">LED_LED1_OFF</a>
 <LI><a href="#[6a6238]">PWM_PB8_CH2_OFF</a>
 <LI><a href="#[6a61c0]">PWM_PB9_CH3_OFF</a>
 <LI><a href="#[3745944]">_OnTouchDefault</a>
 <LI><a href="#[378a928]">_Paint</a>
 <LI><a href="#[378a9a0]">_Create</a>
 <LI><a href="#[3782c78]">FRAMEWIN__GetBorderSize</a>
 <LI><a href="#[377f960]">_GetBorderSize</a>
 <LI><a href="#[6a5c98]">FRAMEWIN_DrawSkinFlex</a>
 <LI><a href="#[377f8e8]">_Paint</a>
 <LI><a href="#[377f9d8]">_Create</a>
 <LI><a href="#[37fa1e4]">_Paint</a>
 <LI><a href="#[37fa25c]">_Create</a>
 <LI><a href="#[37f197c]">_Paint</a>
 <LI><a href="#[37f19f4]">_Create</a>
 <LI><a href="#[37ef5dc]">_Paint</a>
 <LI><a href="#[37ef654]">_Create</a>
 <LI><a href="#[37ed1c4]">_Paint</a>
 <LI><a href="#[37ed23c]">_Create</a>
 <LI><a href="#[389c224]">_GetCursorPosX</a>
 <LI><a href="#[389c29c]">_GetCursorPosChar</a>
 <LI><a href="#[389c314]">_GetCursorCharacter</a>
 <LI><a href="#[3897b20]">_Log2VisBuffered</a>
 <LI><a href="#[33c7950]">GUI_X_ExecIdle</a>
 <LI><a href="#[398b964]">_GetBorderSize</a>
</UL>
<P>
<H3>
Global Symbols
</H3>
<P><STRONG><a name="[6af52c]"></a>Reset_Handler</STRONG> (Thumb, 0 bytes, Stack size unknown bytes, stm32f10x_startup.o(RESET))
<BR>[Address Reference Count : 1]<UL><LI> stm32f10x_startup.o(RESET)
</UL>
<P><STRONG><a name="[3b42b54]"></a>__main</STRONG> (Thumb, 8 bytes, Stack size 0 bytes, __main.o(!!!main))
<BR><BR>[Calls]<UL><LI><a href="#[3b371b4]">&gt;&gt;</a>&nbsp;&nbsp;&nbsp;__scatterload
<LI><a href="#[3b3fc38]">&gt;&gt;</a>&nbsp;&nbsp;&nbsp;__rt_entry
</UL>

<P><STRONG><a name="[3b371b4]"></a>__scatterload</STRONG> (Thumb, 0 bytes, Stack size unknown bytes, __scatter.o(!!!scatter))
<BR><BR>[Called By]<UL><LI><a href="#[3b42b54]">&gt;&gt;</a>&nbsp;&nbsp;&nbsp;__main
</UL>

<P><STRONG><a name="[3b37178]"></a>__scatterload_rt2</STRONG> (Thumb, 44 bytes, Stack size unknown bytes, __scatter.o(!!!scatter), UNUSED)
<BR><BR>[Calls]<UL><LI><a href="#[3b3fc38]">&gt;&gt;</a>&nbsp;&nbsp;&nbsp;__rt_entry
</UL>

<P><STRONG><a name="[3b3713c]"></a>__scatterload_rt2_thumb_only</STRONG> (Thumb, 0 bytes, Stack size unknown bytes, __scatter.o(!!!scatter), UNUSED)

<P><STRONG><a name="[3b37100]"></a>__scatterload_null</STRONG> (Thumb, 0 bytes, Stack size unknown bytes, __scatter.o(!!!scatter), UNUSED)

<P><STRONG><a name="[3b372e0]"></a>__decompress</STRONG> (Thumb, 90 bytes, Stack size unknown bytes, __dczerorl2.o(!!dczerorl2), UNUSED)

<P><STRONG><a name="[3b372a4]"></a>__decompress1</STRONG> (Thumb, 0 bytes, Stack size unknown bytes, __dczerorl2.o(!!dczerorl2), UNUSED)

<P><STRONG><a name="[3b36f5c]"></a>__scatterload_zeroinit</STRONG> (Thumb, 28 bytes, Stack size unknown bytes, __scatter_zi.o(!!handler_zi), UNUSED)

<P><STRONG><a name="[3b3a88c]"></a>__rt_lib_init</STRONG> (Thumb, 0 bytes, Stack size unknown bytes, libinit.o(.ARM.Collect$$libinit$$00000000))
<BR><BR>[Called By]<UL><LI><a href="#[3b3c0ec]">&gt;&gt;</a>&nbsp;&nbsp;&nbsp;__rt_entry_li
</UL>

<P><STRONG><a name="[3b3e108]"></a>__rt_lib_init_heap_1</STRONG> (Thumb, 0 bytes, Stack size unknown bytes, libinit2.o(.ARM.Collect$$libinit$$00000006))

<P><STRONG><a name="[3b3dfdc]"></a>__rt_lib_init_lc_common</STRONG> (Thumb, 0 bytes, Stack size unknown bytes, libinit2.o(.ARM.Collect$$libinit$$0000000B))
<BR><BR>[Calls]<UL><LI><a href="#[3b3b3cc]">&gt;&gt;</a>&nbsp;&nbsp;&nbsp;__rt_locale
</UL>

<P><STRONG><a name="[3b3e018]"></a>__rt_lib_init_rand_1</STRONG> (Thumb, 0 bytes, Stack size unknown bytes, libinit2.o(.ARM.Collect$$libinit$$0000000A))

<P><STRONG><a name="[3b3e090]"></a>__rt_lib_init_user_alloc_1</STRONG> (Thumb, 0 bytes, Stack size unknown bytes, libinit2.o(.ARM.Collect$$libinit$$00000008))

<P><STRONG><a name="[3b3df64]"></a>__rt_lib_init_lc_collate_1</STRONG> (Thumb, 0 bytes, Stack size unknown bytes, libinit2.o(.ARM.Collect$$libinit$$0000000D))

<P><STRONG><a name="[3b3df28]"></a>__rt_lib_init_lc_ctype_2</STRONG> (Thumb, 0 bytes, Stack size unknown bytes, libinit2.o(.ARM.Collect$$libinit$$0000000E))
<BR><BR>[Stack]<UL><LI>Max Depth = 8 + Unknown Stack Size
<LI>Call Chain = __rt_lib_init_lc_ctype_2 &rArr; _get_lc_ctype
</UL>
<BR>[Calls]<UL><LI><a href="#[3b3b0fc]">&gt;&gt;</a>&nbsp;&nbsp;&nbsp;_get_lc_ctype
</UL>

<P><STRONG><a name="[3b3d8d4]"></a>__rt_lib_init_alloca_1</STRONG> (Thumb, 0 bytes, Stack size unknown bytes, libinit2.o(.ARM.Collect$$libinit$$0000002A))

<P><STRONG><a name="[3b3d94c]"></a>__rt_lib_init_argv_1</STRONG> (Thumb, 0 bytes, Stack size unknown bytes, libinit2.o(.ARM.Collect$$libinit$$00000028))

<P><STRONG><a name="[3b3dd0c]"></a>__rt_lib_init_atexit_1</STRONG> (Thumb, 0 bytes, Stack size unknown bytes, libinit2.o(.ARM.Collect$$libinit$$00000017))

<P><STRONG><a name="[3b3dba4]"></a>__rt_lib_init_clock_1</STRONG> (Thumb, 0 bytes, Stack size unknown bytes, libinit2.o(.ARM.Collect$$libinit$$0000001D))

<P><STRONG><a name="[3b3d7e4]"></a>__rt_lib_init_cpp_1</STRONG> (Thumb, 0 bytes, Stack size unknown bytes, libinit2.o(.ARM.Collect$$libinit$$0000002E))

<P><STRONG><a name="[3b3d85c]"></a>__rt_lib_init_exceptions_1</STRONG> (Thumb, 0 bytes, Stack size unknown bytes, libinit2.o(.ARM.Collect$$libinit$$0000002C))

<P><STRONG><a name="[3b3dc1c]"></a>__rt_lib_init_fp_trap_1</STRONG> (Thumb, 0 bytes, Stack size unknown bytes, libinit2.o(.ARM.Collect$$libinit$$0000001B))

<P><STRONG><a name="[3b3db2c]"></a>__rt_lib_init_getenv_1</STRONG> (Thumb, 0 bytes, Stack size unknown bytes, libinit2.o(.ARM.Collect$$libinit$$0000001F))

<P><STRONG><a name="[3b3deec]"></a>__rt_lib_init_lc_ctype_1</STRONG> (Thumb, 0 bytes, Stack size unknown bytes, libinit2.o(.ARM.Collect$$libinit$$0000000F))

<P><STRONG><a name="[3b3de74]"></a>__rt_lib_init_lc_monetary_1</STRONG> (Thumb, 0 bytes, Stack size unknown bytes, libinit2.o(.ARM.Collect$$libinit$$00000011))

<P><STRONG><a name="[3b3ddfc]"></a>__rt_lib_init_lc_numeric_1</STRONG> (Thumb, 0 bytes, Stack size unknown bytes, libinit2.o(.ARM.Collect$$libinit$$00000013))

<P><STRONG><a name="[3b3dd84]"></a>__rt_lib_init_lc_time_1</STRONG> (Thumb, 0 bytes, Stack size unknown bytes, libinit2.o(.ARM.Collect$$libinit$$00000015))

<P><STRONG><a name="[3b3d7a8]"></a>__rt_lib_init_return</STRONG> (Thumb, 0 bytes, Stack size unknown bytes, libinit2.o(.ARM.Collect$$libinit$$0000002F))

<P><STRONG><a name="[3b3dc94]"></a>__rt_lib_init_signal_1</STRONG> (Thumb, 0 bytes, Stack size unknown bytes, libinit2.o(.ARM.Collect$$libinit$$00000019))

<P><STRONG><a name="[3b3dab4]"></a>__rt_lib_init_stdio_1</STRONG> (Thumb, 0 bytes, Stack size unknown bytes, libinit2.o(.ARM.Collect$$libinit$$00000021))

<P><STRONG><a name="[3b38ff0]"></a>__rt_lib_shutdown</STRONG> (Thumb, 0 bytes, Stack size unknown bytes, libshutdown.o(.ARM.Collect$$libshutdown$$00000000))
<BR><BR>[Called By]<UL><LI><a href="#[3b39950]">&gt;&gt;</a>&nbsp;&nbsp;&nbsp;__rt_exit_ls
</UL>

<P><STRONG><a name="[3b3812c]"></a>__rt_lib_shutdown_fp_trap_1</STRONG> (Thumb, 0 bytes, Stack size unknown bytes, libshutdown2.o(.ARM.Collect$$libshutdown$$00000006))

<P><STRONG><a name="[3b37f4c]"></a>__rt_lib_shutdown_heap_1</STRONG> (Thumb, 0 bytes, Stack size unknown bytes, libshutdown2.o(.ARM.Collect$$libshutdown$$0000000E))

<P><STRONG><a name="[3b37f10]"></a>__rt_lib_shutdown_return</STRONG> (Thumb, 0 bytes, Stack size unknown bytes, libshutdown2.o(.ARM.Collect$$libshutdown$$0000000F))

<P><STRONG><a name="[3b38078]"></a>__rt_lib_shutdown_signal_1</STRONG> (Thumb, 0 bytes, Stack size unknown bytes, libshutdown2.o(.ARM.Collect$$libshutdown$$00000009))

<P><STRONG><a name="[3b381e0]"></a>__rt_lib_shutdown_stdio_1</STRONG> (Thumb, 0 bytes, Stack size unknown bytes, libshutdown2.o(.ARM.Collect$$libshutdown$$00000003))

<P><STRONG><a name="[3b38000]"></a>__rt_lib_shutdown_user_alloc_1</STRONG> (Thumb, 0 bytes, Stack size unknown bytes, libshutdown2.o(.ARM.Collect$$libshutdown$$0000000B))

<P><STRONG><a name="[3b3fc38]"></a>__rt_entry</STRONG> (Thumb, 0 bytes, Stack size unknown bytes, rtentry.o(.ARM.Collect$$rtentry$$00000000))
<BR><BR>[Called By]<UL><LI><a href="#[3b37178]">&gt;&gt;</a>&nbsp;&nbsp;&nbsp;__scatterload_rt2
<LI><a href="#[3b42b54]">&gt;&gt;</a>&nbsp;&nbsp;&nbsp;__main
</UL>

<P><STRONG><a name="[3b3c1a0]"></a>__rt_entry_presh_1</STRONG> (Thumb, 0 bytes, Stack size unknown bytes, rtentry2.o(.ARM.Collect$$rtentry$$00000002))

<P><STRONG><a name="[3b3be1c]"></a>__rt_entry_sh</STRONG> (Thumb, 0 bytes, Stack size unknown bytes, rtentry4.o(.ARM.Collect$$rtentry$$00000004))
<BR><BR>[Stack]<UL><LI>Max Depth = 8 + Unknown Stack Size
<LI>Call Chain = __rt_entry_sh &rArr; __user_setup_stackheap
</UL>
<BR>[Calls]<UL><LI><a href="#[3b3b69c]">&gt;&gt;</a>&nbsp;&nbsp;&nbsp;__user_setup_stackheap
</UL>

<P><STRONG><a name="[3b3c0ec]"></a>__rt_entry_li</STRONG> (Thumb, 0 bytes, Stack size unknown bytes, rtentry2.o(.ARM.Collect$$rtentry$$0000000A))
<BR><BR>[Calls]<UL><LI><a href="#[3b3a88c]">&gt;&gt;</a>&nbsp;&nbsp;&nbsp;__rt_lib_init
</UL>

<P><STRONG><a name="[3b3c128]"></a>__rt_entry_postsh_1</STRONG> (Thumb, 0 bytes, Stack size unknown bytes, rtentry2.o(.ARM.Collect$$rtentry$$00000009))

<P><STRONG><a name="[3b3c038]"></a>__rt_entry_main</STRONG> (Thumb, 0 bytes, Stack size unknown bytes, rtentry2.o(.ARM.Collect$$rtentry$$0000000D))
<BR><BR>[Stack]<UL><LI>Max Depth = 160 + Unknown Stack Size
<LI>Call Chain = __rt_entry_main &rArr; main &rArr; BSP_Init &rArr; FSMC_LCD_Init &rArr; GPIO_Init
</UL>
<BR>[Calls]<UL><LI><a href="#[6a610c]">&gt;&gt;</a>&nbsp;&nbsp;&nbsp;main
<LI><a href="#[3b3af94]">&gt;&gt;</a>&nbsp;&nbsp;&nbsp;exit
</UL>

<P><STRONG><a name="[3b3c074]"></a>__rt_entry_postli_1</STRONG> (Thumb, 0 bytes, Stack size unknown bytes, rtentry2.o(.ARM.Collect$$rtentry$$0000000C))

<P><STRONG><a name="[3b3a1fc]"></a>__rt_exit</STRONG> (Thumb, 0 bytes, Stack size unknown bytes, rtexit.o(.ARM.Collect$$rtexit$$00000000))
<BR><BR>[Called By]<UL><LI><a href="#[3b3af94]">&gt;&gt;</a>&nbsp;&nbsp;&nbsp;exit
</UL>

<P><STRONG><a name="[3b39950]"></a>__rt_exit_ls</STRONG> (Thumb, 0 bytes, Stack size unknown bytes, rtexit2.o(.ARM.Collect$$rtexit$$00000003))
<BR><BR>[Calls]<UL><LI><a href="#[3b38ff0]">&gt;&gt;</a>&nbsp;&nbsp;&nbsp;__rt_lib_shutdown
</UL>

<P><STRONG><a name="[3b3998c]"></a>__rt_exit_prels_1</STRONG> (Thumb, 0 bytes, Stack size unknown bytes, rtexit2.o(.ARM.Collect$$rtexit$$00000002))

<P><STRONG><a name="[3b39914]"></a>__rt_exit_exit</STRONG> (Thumb, 0 bytes, Stack size unknown bytes, rtexit2.o(.ARM.Collect$$rtexit$$00000004))
<BR><BR>[Calls]<UL><LI><a href="#[3b39428]">&gt;&gt;</a>&nbsp;&nbsp;&nbsp;_sys_exit
</UL>

<P><STRONG><a name="[6af5a4]"></a>__user_initial_stackheap</STRONG> (Thumb, 0 bytes, Stack size unknown bytes, stm32f10x_startup.o(.text))
<BR><BR>[Called By]<UL><LI><a href="#[3b3b69c]">&gt;&gt;</a>&nbsp;&nbsp;&nbsp;__user_setup_stackheap
</UL>

<P><STRONG><a name="[312909c]"></a>OS_CPU_SR_Save</STRONG> (Thumb, 0 bytes, Stack size unknown bytes, os_cpu_a.o(.text))
<BR><BR>[Called By]<UL><LI><a href="#[6a55cc]">&gt;&gt;</a>&nbsp;&nbsp;&nbsp;OSTimeSet
<LI><a href="#[6a5644]">&gt;&gt;</a>&nbsp;&nbsp;&nbsp;OSTaskCreateExt
<LI><a href="#[6a5680]">&gt;&gt;</a>&nbsp;&nbsp;&nbsp;OSTaskCreate
<LI><a href="#[6a56bc]">&gt;&gt;</a>&nbsp;&nbsp;&nbsp;OSStatInit
<LI><a href="#[6a5734]">&gt;&gt;</a>&nbsp;&nbsp;&nbsp;OSSemCreate
<LI><a href="#[6aee24]">&gt;&gt;</a>&nbsp;&nbsp;&nbsp;SysTickHandler
<LI><a href="#[3129114]">&gt;&gt;</a>&nbsp;&nbsp;&nbsp;OSTimeTick
<LI><a href="#[312918c]">&gt;&gt;</a>&nbsp;&nbsp;&nbsp;OSIntExit
<LI><a href="#[33ca95c]">&gt;&gt;</a>&nbsp;&nbsp;&nbsp;OSTimeGet
<LI><a href="#[33cc7d4]">&gt;&gt;</a>&nbsp;&nbsp;&nbsp;OSSemPost
<LI><a href="#[33cc84c]">&gt;&gt;</a>&nbsp;&nbsp;&nbsp;OSSemPend
<LI><a href="#[33cdd28]">&gt;&gt;</a>&nbsp;&nbsp;&nbsp;OSMboxCreate
<LI><a href="#[33d02a8]">&gt;&gt;</a>&nbsp;&nbsp;&nbsp;OSTimeDly
<LI><a href="#[33d02e4]">&gt;&gt;</a>&nbsp;&nbsp;&nbsp;OSTaskStkChk
<LI><a href="#[33d0320]">&gt;&gt;</a>&nbsp;&nbsp;&nbsp;OSTaskNameSet
<LI><a href="#[33d0398]">&gt;&gt;</a>&nbsp;&nbsp;&nbsp;OS_TaskStat
<LI><a href="#[33d03d4]">&gt;&gt;</a>&nbsp;&nbsp;&nbsp;OS_TaskIdle
<LI><a href="#[33d0410]">&gt;&gt;</a>&nbsp;&nbsp;&nbsp;OS_TCBInit
<LI><a href="#[33d04c4]">&gt;&gt;</a>&nbsp;&nbsp;&nbsp;OS_Sched
</UL>

<P><STRONG><a name="[31290d8]"></a>OS_CPU_SR_Restore</STRONG> (Thumb, 0 bytes, Stack size unknown bytes, os_cpu_a.o(.text))
<BR><BR>[Called By]<UL><LI><a href="#[6a55cc]">&gt;&gt;</a>&nbsp;&nbsp;&nbsp;OSTimeSet
<LI><a href="#[6a5644]">&gt;&gt;</a>&nbsp;&nbsp;&nbsp;OSTaskCreateExt
<LI><a href="#[6a5680]">&gt;&gt;</a>&nbsp;&nbsp;&nbsp;OSTaskCreate
<LI><a href="#[6a56bc]">&gt;&gt;</a>&nbsp;&nbsp;&nbsp;OSStatInit
<LI><a href="#[6a5734]">&gt;&gt;</a>&nbsp;&nbsp;&nbsp;OSSemCreate
<LI><a href="#[6aee24]">&gt;&gt;</a>&nbsp;&nbsp;&nbsp;SysTickHandler
<LI><a href="#[3129114]">&gt;&gt;</a>&nbsp;&nbsp;&nbsp;OSTimeTick
<LI><a href="#[312918c]">&gt;&gt;</a>&nbsp;&nbsp;&nbsp;OSIntExit
<LI><a href="#[33ca95c]">&gt;&gt;</a>&nbsp;&nbsp;&nbsp;OSTimeGet
<LI><a href="#[33cc7d4]">&gt;&gt;</a>&nbsp;&nbsp;&nbsp;OSSemPost
<LI><a href="#[33cc84c]">&gt;&gt;</a>&nbsp;&nbsp;&nbsp;OSSemPend
<LI><a href="#[33cdd28]">&gt;&gt;</a>&nbsp;&nbsp;&nbsp;OSMboxCreate
<LI><a href="#[33d02a8]">&gt;&gt;</a>&nbsp;&nbsp;&nbsp;OSTimeDly
<LI><a href="#[33d02e4]">&gt;&gt;</a>&nbsp;&nbsp;&nbsp;OSTaskStkChk
<LI><a href="#[33d0320]">&gt;&gt;</a>&nbsp;&nbsp;&nbsp;OSTaskNameSet
<LI><a href="#[33d0398]">&gt;&gt;</a>&nbsp;&nbsp;&nbsp;OS_TaskStat
<LI><a href="#[33d03d4]">&gt;&gt;</a>&nbsp;&nbsp;&nbsp;OS_TaskIdle
<LI><a href="#[33d0410]">&gt;&gt;</a>&nbsp;&nbsp;&nbsp;OS_TCBInit
<LI><a href="#[33d04c4]">&gt;&gt;</a>&nbsp;&nbsp;&nbsp;OS_Sched
</UL>

<P><STRONG><a name="[30d9e5c]"></a>OSStartHighRdy</STRONG> (Thumb, 0 bytes, Stack size unknown bytes, os_cpu_a.o(.text))
<BR><BR>[Called By]<UL><LI><a href="#[6a56f8]">&gt;&gt;</a>&nbsp;&nbsp;&nbsp;OSStart
</UL>

<P><STRONG><a name="[30d9e20]"></a>OSCtxSw</STRONG> (Thumb, 0 bytes, Stack size unknown bytes, os_cpu_a.o(.text))
<BR><BR>[Called By]<UL><LI><a href="#[33d04c4]">&gt;&gt;</a>&nbsp;&nbsp;&nbsp;OS_Sched
</UL>

<P><STRONG><a name="[30d9de4]"></a>OSIntCtxSw</STRONG> (Thumb, 0 bytes, Stack size unknown bytes, os_cpu_a.o(.text))
<BR><BR>[Called By]<UL><LI><a href="#[312918c]">&gt;&gt;</a>&nbsp;&nbsp;&nbsp;OSIntExit
</UL>

<P><STRONG><a name="[6aefc8]"></a>OSPendSV</STRONG> (Thumb, 0 bytes, Stack size unknown bytes, os_cpu_a.o(.text))
<BR>[Address Reference Count : 1]<UL><LI> stm32f10x_startup.o(RESET)
</UL>
<P><STRONG><a name="[6a5f2c]"></a>CPU_IntDis</STRONG> (Thumb, 0 bytes, Stack size unknown bytes, cpu_a.o(.text))
<BR><BR>[Called By]<UL><LI><a href="#[6a610c]">&gt;&gt;</a>&nbsp;&nbsp;&nbsp;main
</UL>

<P><STRONG><a name="[30d9b8c]"></a>CPU_IntEn</STRONG> (Thumb, 0 bytes, Stack size unknown bytes, cpu_a.o(.text), UNUSED)

<P><STRONG><a name="[30d9b50]"></a>CPU_SR_Save</STRONG> (Thumb, 0 bytes, Stack size unknown bytes, cpu_a.o(.text), UNUSED)

<P><STRONG><a name="[30d9b14]"></a>CPU_SR_Restore</STRONG> (Thumb, 0 bytes, Stack size unknown bytes, cpu_a.o(.text), UNUSED)

<P><STRONG><a name="[3a392c4]"></a>atoi</STRONG> (Thumb, 26 bytes, Stack size 16 bytes, atoi.o(.text))
<BR><BR>[Stack]<UL><LI>Max Depth = 88<LI>Call Chain = atoi &rArr; strtol &rArr; _strtoul
</UL>
<BR>[Calls]<UL><LI><a href="#[3b3f0bc]">&gt;&gt;</a>&nbsp;&nbsp;&nbsp;strtol
<LI><a href="#[3b3f800]">&gt;&gt;</a>&nbsp;&nbsp;&nbsp;__aeabi_errno_addr
</UL>
<BR>[Called By]<UL><LI><a href="#[6abe90]">&gt;&gt;</a>&nbsp;&nbsp;&nbsp;_cbBk_PWM_CFG
</UL>

<P><STRONG><a name="[3b437fc]"></a>memcmp</STRONG> (Thumb, 78 bytes, Stack size 8 bytes, memcmp.o(.text))
<BR><BR>[Stack]<UL><LI>Max Depth = 8<LI>Call Chain = memcmp
</UL>
<BR>[Called By]<UL><LI><a href="#[39cb4f8]">&gt;&gt;</a>&nbsp;&nbsp;&nbsp;GUI_TOUCH_StoreStateEx
</UL>

<P><STRONG><a name="[3b4370c]"></a>strcpy</STRONG> (Thumb, 74 bytes, Stack size 12 bytes, strcpy.o(.text))
<BR><BR>[Stack]<UL><LI>Max Depth = 12<LI>Call Chain = strcpy
</UL>
<BR>[Called By]<UL><LI><a href="#[3744fa8]">&gt;&gt;</a>&nbsp;&nbsp;&nbsp;GUI__SetText
<LI><a href="#[3785b58]">&gt;&gt;</a>&nbsp;&nbsp;&nbsp;_DeleteChar
</UL>

<P><STRONG><a name="[3b4361c]"></a>strlen</STRONG> (Thumb, 62 bytes, Stack size 8 bytes, strlen.o(.text))
<BR><BR>[Stack]<UL><LI>Max Depth = 8<LI>Call Chain = strlen
</UL>
<BR>[Called By]<UL><LI><a href="#[37859f0]">&gt;&gt;</a>&nbsp;&nbsp;&nbsp;_IsSpaceInBuffer
<LI><a href="#[3785a68]">&gt;&gt;</a>&nbsp;&nbsp;&nbsp;_InsertChar
<LI><a href="#[3785b58]">&gt;&gt;</a>&nbsp;&nbsp;&nbsp;_DeleteChar
</UL>

<P><STRONG><a name="[3b4352c]"></a>__aeabi_memcpy</STRONG> (Thumb, 0 bytes, Stack size 0 bytes, rt_memcpy_v6.o(.text))
<BR><BR>[Called By]<UL><LI><a href="#[6a5e78]">&gt;&gt;</a>&nbsp;&nbsp;&nbsp;EDIT_GetText
<LI><a href="#[3744fa8]">&gt;&gt;</a>&nbsp;&nbsp;&nbsp;GUI__SetText
<LI><a href="#[374b218]">&gt;&gt;</a>&nbsp;&nbsp;&nbsp;_DrawBitmap
<LI><a href="#[3784d48]">&gt;&gt;</a>&nbsp;&nbsp;&nbsp;GUI_ALLOC_Realloc
<LI><a href="#[3785bd0]">&gt;&gt;</a>&nbsp;&nbsp;&nbsp;_ChangeCharacter
<LI><a href="#[3957090]">&gt;&gt;</a>&nbsp;&nbsp;&nbsp;_DrawBitmap
<LI><a href="#[3b43388]">&gt;&gt;</a>&nbsp;&nbsp;&nbsp;__rt_memmove
</UL>

<P><STRONG><a name="[3b434f0]"></a>__rt_memcpy</STRONG> (Thumb, 140 bytes, Stack size 0 bytes, rt_memcpy_v6.o(.text), UNUSED)
<BR><BR>[Calls]<UL><LI><a href="#[3b430f4]">&gt;&gt;</a>&nbsp;&nbsp;&nbsp;__aeabi_memcpy4
</UL>

<P><STRONG><a name="[3b434b4]"></a>_memcpy_lastbytes</STRONG> (Thumb, 0 bytes, Stack size unknown bytes, rt_memcpy_v6.o(.text), UNUSED)

<P><STRONG><a name="[3b433c4]"></a>__aeabi_memmove</STRONG> (Thumb, 0 bytes, Stack size 0 bytes, rt_memmove_v6.o(.text))
<BR><BR>[Called By]<UL><LI><a href="#[358dd30]">&gt;&gt;</a>&nbsp;&nbsp;&nbsp;_RemoveHoles
<LI><a href="#[3785a68]">&gt;&gt;</a>&nbsp;&nbsp;&nbsp;_InsertChar
</UL>

<P><STRONG><a name="[3b43388]"></a>__rt_memmove</STRONG> (Thumb, 122 bytes, Stack size 0 bytes, rt_memmove_v6.o(.text), UNUSED)
<BR><BR>[Calls]<UL><LI><a href="#[3b4352c]">&gt;&gt;</a>&nbsp;&nbsp;&nbsp;__aeabi_memcpy
</UL>

<P><STRONG><a name="[3b4334c]"></a>__memmove_lastfew</STRONG> (Thumb, 0 bytes, Stack size unknown bytes, rt_memmove_v6.o(.text), UNUSED)

<P><STRONG><a name="[3b43220]"></a>__aeabi_memset</STRONG> (Thumb, 16 bytes, Stack size 0 bytes, aeabi_memset.o(.text))
<BR><BR>[Calls]<UL><LI><a href="#[3b3eedc]">&gt;&gt;</a>&nbsp;&nbsp;&nbsp;_memset
</UL>
<BR>[Called By]<UL><LI><a href="#[39534cc]">&gt;&gt;</a>&nbsp;&nbsp;&nbsp;GUI_USAGE_BM_AddHLine
</UL>

<P><STRONG><a name="[3b430f4]"></a>__aeabi_memcpy4</STRONG> (Thumb, 0 bytes, Stack size 8 bytes, rt_memcpy_w.o(.text))
<BR><BR>[Stack]<UL><LI>Max Depth = 8<LI>Call Chain = __aeabi_memcpy4
</UL>
<BR>[Called By]<UL><LI><a href="#[6a5be4]">&gt;&gt;</a>&nbsp;&nbsp;&nbsp;FRAMEWIN_SetSkinFlexProps
<LI><a href="#[6a5c5c]">&gt;&gt;</a>&nbsp;&nbsp;&nbsp;FRAMEWIN_GetSkinFlexProps
<LI><a href="#[33c60f0]">&gt;&gt;</a>&nbsp;&nbsp;&nbsp;GUIDRV_FlexColor_SetFunc
<LI><a href="#[33c612c]">&gt;&gt;</a>&nbsp;&nbsp;&nbsp;GUIDRV_FlexColor_Config
<LI><a href="#[33c9d68]">&gt;&gt;</a>&nbsp;&nbsp;&nbsp;GUI_TOUCH_X_MeasureY
<LI><a href="#[33c9da4]">&gt;&gt;</a>&nbsp;&nbsp;&nbsp;GUI_TOUCH_X_MeasureX
<LI><a href="#[3592f38]">&gt;&gt;</a>&nbsp;&nbsp;&nbsp;GUI_Lock
<LI><a href="#[364eeac]">&gt;&gt;</a>&nbsp;&nbsp;&nbsp;GUITASK_CopyContext
<LI><a href="#[37451c4]">&gt;&gt;</a>&nbsp;&nbsp;&nbsp;BUTTON_CreateUser
<LI><a href="#[374b308]">&gt;&gt;</a>&nbsp;&nbsp;&nbsp;_DrawBitLine32BPP_DDB
<LI><a href="#[3782e58]">&gt;&gt;</a>&nbsp;&nbsp;&nbsp;FRAMEWIN_CreateUser
<LI><a href="#[3784fdc]">&gt;&gt;</a>&nbsp;&nbsp;&nbsp;EDIT_CreateUser
<LI><a href="#[37edb60]">&gt;&gt;</a>&nbsp;&nbsp;&nbsp;SLIDER_CreateUser
<LI><a href="#[38321bc]">&gt;&gt;</a>&nbsp;&nbsp;&nbsp;GUI_SaveContext_W
<LI><a href="#[38321f8]">&gt;&gt;</a>&nbsp;&nbsp;&nbsp;GUI_RestoreContext
<LI><a href="#[3b3ed38]">&gt;&gt;</a>&nbsp;&nbsp;&nbsp;__rt_memmove_w
<LI><a href="#[3b434f0]">&gt;&gt;</a>&nbsp;&nbsp;&nbsp;__rt_memcpy
</UL>

<P><STRONG><a name="[3b430b8]"></a>__aeabi_memcpy8</STRONG> (Thumb, 0 bytes, Stack size 8 bytes, rt_memcpy_w.o(.text), UNUSED)

<P><STRONG><a name="[3b4307c]"></a>__rt_memcpy_w</STRONG> (Thumb, 100 bytes, Stack size 8 bytes, rt_memcpy_w.o(.text), UNUSED)

<P><STRONG><a name="[3b43040]"></a>_memcpy_lastbytes_aligned</STRONG> (Thumb, 0 bytes, Stack size unknown bytes, rt_memcpy_w.o(.text), UNUSED)

<P><STRONG><a name="[3b42f50]"></a>__aeabi_memclr4</STRONG> (Thumb, 0 bytes, Stack size 4 bytes, rt_memclr_w.o(.text))
<BR><BR>[Stack]<UL><LI>Max Depth = 4<LI>Call Chain = __aeabi_memclr4
</UL>
<BR>[Called By]<UL><LI><a href="#[33c61e0]">&gt;&gt;</a>&nbsp;&nbsp;&nbsp;LCD_X_Config
<LI><a href="#[3689c48]">&gt;&gt;</a>&nbsp;&nbsp;&nbsp;_FillRect
<LI><a href="#[3689cc0]">&gt;&gt;</a>&nbsp;&nbsp;&nbsp;_DrawVLine
<LI><a href="#[3689d38]">&gt;&gt;</a>&nbsp;&nbsp;&nbsp;_DrawHLine
<LI><a href="#[3689db0]">&gt;&gt;</a>&nbsp;&nbsp;&nbsp;_DrawBitmap
<LI><a href="#[378a9a0]">&gt;&gt;</a>&nbsp;&nbsp;&nbsp;_Create
<LI><a href="#[39533dc]">&gt;&gt;</a>&nbsp;&nbsp;&nbsp;GUI_USAGE_BM_Clear
</UL>

<P><STRONG><a name="[3b42f14]"></a>__aeabi_memclr8</STRONG> (Thumb, 0 bytes, Stack size 4 bytes, rt_memclr_w.o(.text), UNUSED)

<P><STRONG><a name="[3b42ed8]"></a>__rt_memclr_w</STRONG> (Thumb, 78 bytes, Stack size 4 bytes, rt_memclr_w.o(.text), UNUSED)

<P><STRONG><a name="[3b42e9c]"></a>_memset_w</STRONG> (Thumb, 0 bytes, Stack size unknown bytes, rt_memclr_w.o(.text), UNUSED)
<BR><BR>[Called By]<UL><LI><a href="#[3b3ef18]">&gt;&gt;</a>&nbsp;&nbsp;&nbsp;__rt_memclr
</UL>

<P><STRONG><a name="[3b42dac]"></a>strcmp</STRONG> (Thumb, 128 bytes, Stack size 0 bytes, strcmpv7m.o(.text))
<BR><BR>[Called By]<UL><LI><a href="#[3b3b0fc]">&gt;&gt;</a>&nbsp;&nbsp;&nbsp;_get_lc_ctype
</UL>

<P><STRONG><a name="[3b42cbc]"></a>__use_two_region_memory</STRONG> (Thumb, 2 bytes, Stack size 0 bytes, heapauxi.o(.text), UNUSED)

<P><STRONG><a name="[3b42c80]"></a>__rt_heap_escrow$2region</STRONG> (Thumb, 2 bytes, Stack size 0 bytes, heapauxi.o(.text), UNUSED)

<P><STRONG><a name="[3b42c44]"></a>__rt_heap_expand$2region</STRONG> (Thumb, 2 bytes, Stack size 0 bytes, heapauxi.o(.text), UNUSED)

<P><STRONG><a name="[3b3f800]"></a>__aeabi_errno_addr</STRONG> (Thumb, 12 bytes, Stack size 0 bytes, rt_errno_addr_intlibspace.o(.text))
<BR><BR>[Called By]<UL><LI><a href="#[3a392c4]">&gt;&gt;</a>&nbsp;&nbsp;&nbsp;atoi
<LI><a href="#[3b3bb10]">&gt;&gt;</a>&nbsp;&nbsp;&nbsp;_strtoul
<LI><a href="#[3b3f0bc]">&gt;&gt;</a>&nbsp;&nbsp;&nbsp;strtol
</UL>

<P><STRONG><a name="[3b3f7c4]"></a>__errno$intlibspace</STRONG> (Thumb, 0 bytes, Stack size 0 bytes, rt_errno_addr_intlibspace.o(.text), UNUSED)

<P><STRONG><a name="[3b3f788]"></a>__rt_errno_addr$intlibspace</STRONG> (Thumb, 0 bytes, Stack size 0 bytes, rt_errno_addr_intlibspace.o(.text), UNUSED)

<P><STRONG><a name="[3b3f0bc]"></a>strtol</STRONG> (Thumb, 112 bytes, Stack size 32 bytes, strtol.o(.text))
<BR><BR>[Stack]<UL><LI>Max Depth = 72<LI>Call Chain = strtol &rArr; _strtoul
</UL>
<BR>[Calls]<UL><LI><a href="#[3b3bb10]">&gt;&gt;</a>&nbsp;&nbsp;&nbsp;_strtoul
<LI><a href="#[3b3bcf0]">&gt;&gt;</a>&nbsp;&nbsp;&nbsp;__rt_ctype_table
<LI><a href="#[3b3f800]">&gt;&gt;</a>&nbsp;&nbsp;&nbsp;__aeabi_errno_addr
</UL>
<BR>[Called By]<UL><LI><a href="#[3a392c4]">&gt;&gt;</a>&nbsp;&nbsp;&nbsp;atoi
</UL>

<P><STRONG><a name="[3b3ef54]"></a>__aeabi_memclr</STRONG> (Thumb, 0 bytes, Stack size 0 bytes, rt_memclr.o(.text), UNUSED)

<P><STRONG><a name="[3b3ef18]"></a>__rt_memclr</STRONG> (Thumb, 68 bytes, Stack size 0 bytes, rt_memclr.o(.text), UNUSED)
<BR><BR>[Calls]<UL><LI><a href="#[3b42e9c]">&gt;&gt;</a>&nbsp;&nbsp;&nbsp;_memset_w
</UL>

<P><STRONG><a name="[3b3eedc]"></a>_memset</STRONG> (Thumb, 0 bytes, Stack size unknown bytes, rt_memclr.o(.text))
<BR><BR>[Called By]<UL><LI><a href="#[3b43220]">&gt;&gt;</a>&nbsp;&nbsp;&nbsp;__aeabi_memset
</UL>

<P><STRONG><a name="[3b3edb0]"></a>__aeabi_memmove4</STRONG> (Thumb, 0 bytes, Stack size 8 bytes, rt_memmove_w.o(.text), UNUSED)

<P><STRONG><a name="[3b3ed74]"></a>__aeabi_memmove8</STRONG> (Thumb, 0 bytes, Stack size 8 bytes, rt_memmove_w.o(.text), UNUSED)

<P><STRONG><a name="[3b3ed38]"></a>__rt_memmove_w</STRONG> (Thumb, 122 bytes, Stack size 8 bytes, rt_memmove_w.o(.text), UNUSED)
<BR><BR>[Calls]<UL><LI><a href="#[3b430f4]">&gt;&gt;</a>&nbsp;&nbsp;&nbsp;__aeabi_memcpy4
</UL>

<P><STRONG><a name="[3b3ecfc]"></a>__memmove_aligned</STRONG> (Thumb, 0 bytes, Stack size unknown bytes, rt_memmove_w.o(.text), UNUSED)

<P><STRONG><a name="[3b3ecc0]"></a>__memmove_lastfew_aligned</STRONG> (Thumb, 0 bytes, Stack size unknown bytes, rt_memmove_w.o(.text), UNUSED)

<P><STRONG><a name="[3b3c4ac]"></a>__user_libspace</STRONG> (Thumb, 8 bytes, Stack size 0 bytes, libspace.o(.text), UNUSED)

<P><STRONG><a name="[3b3c470]"></a>__user_perproc_libspace</STRONG> (Thumb, 0 bytes, Stack size 0 bytes, libspace.o(.text))
<BR><BR>[Called By]<UL><LI><a href="#[3b3b69c]">&gt;&gt;</a>&nbsp;&nbsp;&nbsp;__user_setup_stackheap
</UL>

<P><STRONG><a name="[3b3c434]"></a>__user_perthread_libspace</STRONG> (Thumb, 0 bytes, Stack size 0 bytes, libspace.o(.text), UNUSED)

<P><STRONG><a name="[3b3bcf0]"></a>__rt_ctype_table</STRONG> (Thumb, 16 bytes, Stack size 8 bytes, rt_ctype_table.o(.text))
<BR><BR>[Stack]<UL><LI>Max Depth = 8<LI>Call Chain = __rt_ctype_table
</UL>
<BR>[Calls]<UL><LI><a href="#[3b3b3cc]">&gt;&gt;</a>&nbsp;&nbsp;&nbsp;__rt_locale
</UL>
<BR>[Called By]<UL><LI><a href="#[3b3f0bc]">&gt;&gt;</a>&nbsp;&nbsp;&nbsp;strtol
</UL>

<P><STRONG><a name="[3b3bb10]"></a>_strtoul</STRONG> (Thumb, 152 bytes, Stack size 40 bytes, _strtoul.o(.text))
<BR><BR>[Stack]<UL><LI>Max Depth = 40<LI>Call Chain = _strtoul
</UL>
<BR>[Calls]<UL><LI><a href="#[3b3b2dc]">&gt;&gt;</a>&nbsp;&nbsp;&nbsp;_chval
<LI><a href="#[3b3f800]">&gt;&gt;</a>&nbsp;&nbsp;&nbsp;__aeabi_errno_addr
</UL>
<BR>[Called By]<UL><LI><a href="#[3b3f0bc]">&gt;&gt;</a>&nbsp;&nbsp;&nbsp;strtol
</UL>

<P><STRONG><a name="[3b3b69c]"></a>__user_setup_stackheap</STRONG> (Thumb, 74 bytes, Stack size 8 bytes, sys_stackheap_outer.o(.text))
<BR><BR>[Stack]<UL><LI>Max Depth = 8 + Unknown Stack Size
<LI>Call Chain = __user_setup_stackheap
</UL>
<BR>[Calls]<UL><LI><a href="#[6af5a4]">&gt;&gt;</a>&nbsp;&nbsp;&nbsp;__user_initial_stackheap
<LI><a href="#[3b3c470]">&gt;&gt;</a>&nbsp;&nbsp;&nbsp;__user_perproc_libspace
</UL>
<BR>[Called By]<UL><LI><a href="#[3b3be1c]">&gt;&gt;</a>&nbsp;&nbsp;&nbsp;__rt_entry_sh
</UL>

<P><STRONG><a name="[3b3b3cc]"></a>__rt_locale</STRONG> (Thumb, 12 bytes, Stack size 0 bytes, rt_locale_intlibspace.o(.text))
<BR><BR>[Called By]<UL><LI><a href="#[3b3bcf0]">&gt;&gt;</a>&nbsp;&nbsp;&nbsp;__rt_ctype_table
<LI><a href="#[3b3dfdc]">&gt;&gt;</a>&nbsp;&nbsp;&nbsp;__rt_lib_init_lc_common
</UL>

<P><STRONG><a name="[3b3b2dc]"></a>_chval</STRONG> (Thumb, 32 bytes, Stack size 0 bytes, _chval.o(.text))
<BR><BR>[Called By]<UL><LI><a href="#[3b3bb10]">&gt;&gt;</a>&nbsp;&nbsp;&nbsp;_strtoul
</UL>

<P><STRONG><a name="[3b3af94]"></a>exit</STRONG> (Thumb, 12 bytes, Stack size 0 bytes, exit.o(.text))
<BR><BR>[Calls]<UL><LI><a href="#[3b3a1fc]">&gt;&gt;</a>&nbsp;&nbsp;&nbsp;__rt_exit
</UL>
<BR>[Called By]<UL><LI><a href="#[3b3c038]">&gt;&gt;</a>&nbsp;&nbsp;&nbsp;__rt_entry_main
</UL>

<P><STRONG><a name="[3b39b6c]"></a>__I$use$semihosting</STRONG> (Thumb, 0 bytes, Stack size 0 bytes, use_no_semi.o(.text))
<BR>[Address Reference Count : 1]<UL><LI> sys_exit.o(.text)
</UL>
<P><STRONG><a name="[3b39b30]"></a>__use_no_semihosting_swi</STRONG> (Thumb, 2 bytes, Stack size 0 bytes, use_no_semi.o(.text), UNUSED)

<P><STRONG><a name="[3b39428]"></a>_sys_exit</STRONG> (Thumb, 16 bytes, Stack size 0 bytes, sys_exit.o(.text))
<BR><BR>[Called By]<UL><LI><a href="#[3b39914]">&gt;&gt;</a>&nbsp;&nbsp;&nbsp;__rt_exit_exit
</UL>

<P><STRONG><a name="[6af4f0]"></a>ADC_IRQHandler</STRONG> (Thumb, 2 bytes, Stack size 0 bytes, stm32f10x_it.o(i.ADC_IRQHandler))
<BR>[Address Reference Count : 1]<UL><LI> stm32f10x_startup.o(RESET)
</UL>
<P><STRONG><a name="[6a6454]"></a>App_TCBInitHook</STRONG> (Thumb, 2 bytes, Stack size 0 bytes, app.o(i.App_TCBInitHook))
<BR><BR>[Called By]<UL><LI><a href="#[30da618]">&gt;&gt;</a>&nbsp;&nbsp;&nbsp;OSTCBInitHook
</UL>

<P><STRONG><a name="[6a6418]"></a>App_TaskCreateHook</STRONG> (Thumb, 2 bytes, Stack size 0 bytes, app.o(i.App_TaskCreateHook))
<BR><BR>[Called By]<UL><LI><a href="#[30da5dc]">&gt;&gt;</a>&nbsp;&nbsp;&nbsp;OSTaskCreateHook
</UL>

<P><STRONG><a name="[6a63a0]"></a>App_TaskIdleHook</STRONG> (Thumb, 2 bytes, Stack size 0 bytes, app.o(i.App_TaskIdleHook))
<BR><BR>[Called By]<UL><LI><a href="#[30da564]">&gt;&gt;</a>&nbsp;&nbsp;&nbsp;OSTaskIdleHook
</UL>

<P><STRONG><a name="[6a6364]"></a>App_TaskStatHook</STRONG> (Thumb, 2 bytes, Stack size 0 bytes, app.o(i.App_TaskStatHook))
<BR><BR>[Called By]<UL><LI><a href="#[30da528]">&gt;&gt;</a>&nbsp;&nbsp;&nbsp;OSTaskStatHook
</UL>

<P><STRONG><a name="[6a6328]"></a>App_TaskSwHook</STRONG> (Thumb, 2 bytes, Stack size 0 bytes, app.o(i.App_TaskSwHook))
<BR><BR>[Called By]<UL><LI><a href="#[30da4b0]">&gt;&gt;</a>&nbsp;&nbsp;&nbsp;OSTaskSwHook
</UL>

<P><STRONG><a name="[6a60d0]"></a>BSP_Init</STRONG> (Thumb, 22 bytes, Stack size 8 bytes, bsp.o(i.BSP_Init))
<BR><BR>[Stack]<UL><LI>Max Depth = 152<LI>Call Chain = BSP_Init &rArr; FSMC_LCD_Init &rArr; GPIO_Init
</UL>
<BR>[Calls]<UL><LI><a href="#[312738c]">&gt;&gt;</a>&nbsp;&nbsp;&nbsp;FSMC_LCD_Init
<LI><a href="#[31273c8]">&gt;&gt;</a>&nbsp;&nbsp;&nbsp;tp_Config
<LI><a href="#[31274f4]">&gt;&gt;</a>&nbsp;&nbsp;&nbsp;RCC_Configuration
<LI><a href="#[312756c]">&gt;&gt;</a>&nbsp;&nbsp;&nbsp;GPIO_Configuration
</UL>
<BR>[Called By]<UL><LI><a href="#[6a610c]">&gt;&gt;</a>&nbsp;&nbsp;&nbsp;main
</UL>

<P><STRONG><a name="[3596fac]"></a>BUTTON_Callback</STRONG> (Thumb, 212 bytes, Stack size 16 bytes, button.o(i.BUTTON_Callback))
<BR><BR>[Stack]<UL><LI>Max Depth = 552 + Unknown Stack Size
<LI>Call Chain = BUTTON_Callback &rArr; WIDGET_HandleActive &rArr; WM__UpdateChildPositions &rArr; WM_ResizeWindow &rArr;  WM__UpdateChildPositions (Cycle)
</UL>
<BR>[Calls]<UL><LI><a href="#[6a52c0]">&gt;&gt;</a>&nbsp;&nbsp;&nbsp;WM_DefaultProc
<LI><a href="#[358cb9c]">&gt;&gt;</a>&nbsp;&nbsp;&nbsp;GUI_ALLOC_UnlockH
<LI><a href="#[358cc50]">&gt;&gt;</a>&nbsp;&nbsp;&nbsp;GUI_ALLOC_LockH
<LI><a href="#[358cdf4]">&gt;&gt;</a>&nbsp;&nbsp;&nbsp;GUI_ALLOC_FreePtrArray
<LI><a href="#[358ce30]">&gt;&gt;</a>&nbsp;&nbsp;&nbsp;GUI_ALLOC_FreePtr
<LI><a href="#[3744f30]">&gt;&gt;</a>&nbsp;&nbsp;&nbsp;WIDGET_HandleActive
<LI><a href="#[3745110]">&gt;&gt;</a>&nbsp;&nbsp;&nbsp;BUTTON_SetPressed
<LI><a href="#[3745a34]">&gt;&gt;</a>&nbsp;&nbsp;&nbsp;_OnButtonReleased
<LI><a href="#[3745aac]">&gt;&gt;</a>&nbsp;&nbsp;&nbsp;_OnButtonPressed
</UL>
<BR>[Called By]<UL><LI><a href="#[378188c]">&gt;&gt;</a>&nbsp;&nbsp;&nbsp;_cbMin
<LI><a href="#[3781f94]">&gt;&gt;</a>&nbsp;&nbsp;&nbsp;_cbMax
<LI><a href="#[3782660]">&gt;&gt;</a>&nbsp;&nbsp;&nbsp;_cbClose
</UL>
<BR>[Address Reference Count : 1]<UL><LI> button.o(i.BUTTON_CreateUser)
</UL>
<P><STRONG><a name="[6a6094]"></a>BUTTON_CreateAsChild</STRONG> (Thumb, 26 bytes, Stack size 40 bytes, button_create.o(i.BUTTON_CreateAsChild))
<BR><BR>[Stack]<UL><LI>Max Depth = 624 + Unknown Stack Size
<LI>Call Chain = BUTTON_CreateAsChild &rArr; BUTTON_CreateEx &rArr; BUTTON_CreateUser &rArr; WM_CreateWindowAsChild &rArr; WM_InvalidateWindow &rArr; WM_InvalidateRect &rArr; WM__InvalidateDrawAndDescs &rArr;  WM__InvalidateDrawAndDescs (Cycle)
</UL>
<BR>[Calls]<UL><LI><a href="#[3596f70]">&gt;&gt;</a>&nbsp;&nbsp;&nbsp;BUTTON_CreateEx
</UL>
<BR>[Called By]<UL><LI><a href="#[6abfbc]">&gt;&gt;</a>&nbsp;&nbsp;&nbsp;AppTaskUserIF
<LI><a href="#[3782390]">&gt;&gt;</a>&nbsp;&nbsp;&nbsp;FRAMEWIN_AddButton
</UL>

<P><STRONG><a name="[3596f70]"></a>BUTTON_CreateEx</STRONG> (Thumb, 28 bytes, Stack size 40 bytes, button.o(i.BUTTON_CreateEx))
<BR><BR>[Stack]<UL><LI>Max Depth = 584 + Unknown Stack Size
<LI>Call Chain = BUTTON_CreateEx &rArr; BUTTON_CreateUser &rArr; WM_CreateWindowAsChild &rArr; WM_InvalidateWindow &rArr; WM_InvalidateRect &rArr; WM__InvalidateDrawAndDescs &rArr;  WM__InvalidateDrawAndDescs (Cycle)
</UL>
<BR>[Calls]<UL><LI><a href="#[37451c4]">&gt;&gt;</a>&nbsp;&nbsp;&nbsp;BUTTON_CreateUser
</UL>
<BR>[Called By]<UL><LI><a href="#[6a6094]">&gt;&gt;</a>&nbsp;&nbsp;&nbsp;BUTTON_CreateAsChild
</UL>

<P><STRONG><a name="[6a6058]"></a>BUTTON_CreateIndirect</STRONG> (Thumb, 68 bytes, Stack size 40 bytes, button_createindirect.o(i.BUTTON_CreateIndirect))
<BR><BR>[Stack]<UL><LI>Max Depth = 584 + Unknown Stack Size
<LI>Call Chain = BUTTON_CreateIndirect &rArr; BUTTON_CreateUser &rArr; WM_CreateWindowAsChild &rArr; WM_InvalidateWindow &rArr; WM_InvalidateRect &rArr; WM__InvalidateDrawAndDescs &rArr;  WM__InvalidateDrawAndDescs (Cycle)
</UL>
<BR>[Calls]<UL><LI><a href="#[6a5f68]">&gt;&gt;</a>&nbsp;&nbsp;&nbsp;BUTTON_SetText
<LI><a href="#[37451c4]">&gt;&gt;</a>&nbsp;&nbsp;&nbsp;BUTTON_CreateUser
</UL>
<BR>[Address Reference Count : 1]<UL><LI> app.o(.constdata)
</UL>
<P><STRONG><a name="[37451c4]"></a>BUTTON_CreateUser</STRONG> (Thumb, 110 bytes, Stack size 56 bytes, button.o(i.BUTTON_CreateUser))
<BR><BR>[Stack]<UL><LI>Max Depth = 544 + Unknown Stack Size
<LI>Call Chain = BUTTON_CreateUser &rArr; WM_CreateWindowAsChild &rArr; WM_InvalidateWindow &rArr; WM_InvalidateRect &rArr; WM__InvalidateDrawAndDescs &rArr;  WM__InvalidateDrawAndDescs (Cycle)
</UL>
<BR>[Calls]<UL><LI><a href="#[3476a40]">&gt;&gt;</a>&nbsp;&nbsp;&nbsp;WM_CreateWindowAsChild
<LI><a href="#[358cb9c]">&gt;&gt;</a>&nbsp;&nbsp;&nbsp;GUI_ALLOC_UnlockH
<LI><a href="#[358cc50]">&gt;&gt;</a>&nbsp;&nbsp;&nbsp;GUI_ALLOC_LockH
<LI><a href="#[3592efc]">&gt;&gt;</a>&nbsp;&nbsp;&nbsp;GUI_Unlock
<LI><a href="#[3592f38]">&gt;&gt;</a>&nbsp;&nbsp;&nbsp;GUI_Lock
<LI><a href="#[3744e7c]">&gt;&gt;</a>&nbsp;&nbsp;&nbsp;WIDGET__Init
<LI><a href="#[3b430f4]">&gt;&gt;</a>&nbsp;&nbsp;&nbsp;__aeabi_memcpy4
</UL>
<BR>[Called By]<UL><LI><a href="#[6a6058]">&gt;&gt;</a>&nbsp;&nbsp;&nbsp;BUTTON_CreateIndirect
<LI><a href="#[3596f70]">&gt;&gt;</a>&nbsp;&nbsp;&nbsp;BUTTON_CreateEx
</UL>

<P><STRONG><a name="[6a601c]"></a>BUTTON_DrawSkinFlex</STRONG> (Thumb, 518 bytes, Stack size 48 bytes, button_skinflex.o(i.BUTTON_DrawSkinFlex))
<BR><BR>[Stack]<UL><LI>Max Depth = 512 + Unknown Stack Size
<LI>Call Chain = BUTTON_DrawSkinFlex &rArr; WM_SetHasTrans &rArr; WM_InvalidateWindow &rArr; WM_InvalidateRect &rArr; WM__InvalidateDrawAndDescs &rArr;  WM__InvalidateDrawAndDescs (Cycle)
</UL>
<BR>[Calls]<UL><LI><a href="#[34028f4]">&gt;&gt;</a>&nbsp;&nbsp;&nbsp;WM_SetHasTrans
<LI><a href="#[340638c]">&gt;&gt;</a>&nbsp;&nbsp;&nbsp;GUI_FillRect
<LI><a href="#[3406404]">&gt;&gt;</a>&nbsp;&nbsp;&nbsp;GUI_DrawHLine
<LI><a href="#[34097d0]">&gt;&gt;</a>&nbsp;&nbsp;&nbsp;GUI_SetTextMode
<LI><a href="#[340980c]">&gt;&gt;</a>&nbsp;&nbsp;&nbsp;GUI_SetFont
<LI><a href="#[3409848]">&gt;&gt;</a>&nbsp;&nbsp;&nbsp;GUI_SetColor
<LI><a href="#[3409c44]">&gt;&gt;</a>&nbsp;&nbsp;&nbsp;GUI_DrawGradientV
<LI><a href="#[34e9a38]">&gt;&gt;</a>&nbsp;&nbsp;&nbsp;GUI_DispStringInRect
<LI><a href="#[358cb9c]">&gt;&gt;</a>&nbsp;&nbsp;&nbsp;GUI_ALLOC_UnlockH
<LI><a href="#[358cc50]">&gt;&gt;</a>&nbsp;&nbsp;&nbsp;GUI_ALLOC_LockH
<LI><a href="#[3596e08]">&gt;&gt;</a>&nbsp;&nbsp;&nbsp;GUI_DrawVLine
<LI><a href="#[3596e44]">&gt;&gt;</a>&nbsp;&nbsp;&nbsp;GUI_DrawRect
<LI><a href="#[3648e1c]">&gt;&gt;</a>&nbsp;&nbsp;&nbsp;GUI_GetClientRect
<LI><a href="#[3789dac]">&gt;&gt;</a>&nbsp;&nbsp;&nbsp;WM__IsEnabled
<LI><a href="#[3789de8]">&gt;&gt;</a>&nbsp;&nbsp;&nbsp;GUI__DrawTwinArc4
<LI><a href="#[3789e24]">&gt;&gt;</a>&nbsp;&nbsp;&nbsp;GUI_DRAW__Draw
</UL>
<BR>[Address Reference Count : 1]<UL><LI> app.o(i.AppTaskUserIF)
</UL>
<P><STRONG><a name="[6a5fe0]"></a>BUTTON_SetDefaultSkin</STRONG> (Thumb, 16 bytes, Stack size 0 bytes, button_skin.o(i.BUTTON_SetDefaultSkin))
<BR><BR>[Called By]<UL><LI><a href="#[6abfbc]">&gt;&gt;</a>&nbsp;&nbsp;&nbsp;AppTaskUserIF
</UL>

<P><STRONG><a name="[3409e9c]"></a>BUTTON_SetFocussable</STRONG> (Thumb, 16 bytes, Stack size 0 bytes, button.o(i.BUTTON_SetFocussable))
<BR><BR>[Stack]<UL><LI>Max Depth = 464 + Unknown Stack Size
<LI>Call Chain = BUTTON_SetFocussable &rArr; WIDGET_OrState &rArr; WM_InvalidateWindow &rArr; WM_InvalidateRect &rArr; WM__InvalidateDrawAndDescs &rArr;  WM__InvalidateDrawAndDescs (Cycle)
</UL>
<BR>[Calls]<UL><LI><a href="#[3744ef4]">&gt;&gt;</a>&nbsp;&nbsp;&nbsp;WIDGET_OrState
<LI><a href="#[3744f6c]">&gt;&gt;</a>&nbsp;&nbsp;&nbsp;WIDGET_AndState
</UL>
<BR>[Called By]<UL><LI><a href="#[3782390]">&gt;&gt;</a>&nbsp;&nbsp;&nbsp;FRAMEWIN_AddButton
</UL>

<P><STRONG><a name="[3745110]"></a>BUTTON_SetPressed</STRONG> (Thumb, 18 bytes, Stack size 0 bytes, button.o(i.BUTTON_SetPressed))
<BR><BR>[Stack]<UL><LI>Max Depth = 464 + Unknown Stack Size
<LI>Call Chain = BUTTON_SetPressed &rArr; WIDGET_OrState &rArr; WM_InvalidateWindow &rArr; WM_InvalidateRect &rArr; WM__InvalidateDrawAndDescs &rArr;  WM__InvalidateDrawAndDescs (Cycle)
</UL>
<BR>[Calls]<UL><LI><a href="#[3744ef4]">&gt;&gt;</a>&nbsp;&nbsp;&nbsp;WIDGET_OrState
<LI><a href="#[3744f6c]">&gt;&gt;</a>&nbsp;&nbsp;&nbsp;WIDGET_AndState
</UL>
<BR>[Called By]<UL><LI><a href="#[3596fac]">&gt;&gt;</a>&nbsp;&nbsp;&nbsp;BUTTON_Callback
</UL>

<P><STRONG><a name="[6a5fa4]"></a>BUTTON_SetReactOnLevel</STRONG> (Thumb, 12 bytes, Stack size 0 bytes, button.o(i.BUTTON_SetReactOnLevel))
<BR><BR>[Called By]<UL><LI><a href="#[6abfbc]">&gt;&gt;</a>&nbsp;&nbsp;&nbsp;AppTaskUserIF
</UL>

<P><STRONG><a name="[37823cc]"></a>BUTTON_SetSelfDraw</STRONG> (Thumb, 12 bytes, Stack size 8 bytes, button_selfdraw.o(i.BUTTON_SetSelfDraw))
<BR><BR>[Stack]<UL><LI>Max Depth = 488 + Unknown Stack Size
<LI>Call Chain = BUTTON_SetSelfDraw &rArr; BUTTON_SetSelfDrawEx &rArr; BUTTON__SetDrawObj &rArr; WM_InvalidateWindow &rArr; WM_InvalidateRect &rArr; WM__InvalidateDrawAndDescs &rArr;  WM__InvalidateDrawAndDescs (Cycle)
</UL>
<BR>[Calls]<UL><LI><a href="#[3951bb8]">&gt;&gt;</a>&nbsp;&nbsp;&nbsp;BUTTON_SetSelfDrawEx
</UL>
<BR>[Called By]<UL><LI><a href="#[6a5d10]">&gt;&gt;</a>&nbsp;&nbsp;&nbsp;FRAMEWIN_AddMinButton
<LI><a href="#[6a5d4c]">&gt;&gt;</a>&nbsp;&nbsp;&nbsp;FRAMEWIN_AddMaxButton
<LI><a href="#[6a5d88]">&gt;&gt;</a>&nbsp;&nbsp;&nbsp;FRAMEWIN_AddCloseButton
</UL>

<P><STRONG><a name="[3951bb8]"></a>BUTTON_SetSelfDrawEx</STRONG> (Thumb, 30 bytes, Stack size 16 bytes, button_selfdraw.o(i.BUTTON_SetSelfDrawEx))
<BR><BR>[Stack]<UL><LI>Max Depth = 480 + Unknown Stack Size
<LI>Call Chain = BUTTON_SetSelfDrawEx &rArr; BUTTON__SetDrawObj &rArr; WM_InvalidateWindow &rArr; WM_InvalidateRect &rArr; WM__InvalidateDrawAndDescs &rArr;  WM__InvalidateDrawAndDescs (Cycle)
</UL>
<BR>[Calls]<UL><LI><a href="#[3951b40]">&gt;&gt;</a>&nbsp;&nbsp;&nbsp;GUI_DRAW_SELF_Create
<LI><a href="#[3951b7c]">&gt;&gt;</a>&nbsp;&nbsp;&nbsp;BUTTON__SetDrawObj
</UL>
<BR>[Called By]<UL><LI><a href="#[37823cc]">&gt;&gt;</a>&nbsp;&nbsp;&nbsp;BUTTON_SetSelfDraw
</UL>

<P><STRONG><a name="[6a5f68]"></a>BUTTON_SetText</STRONG> (Thumb, 68 bytes, Stack size 24 bytes, button.o(i.BUTTON_SetText))
<BR><BR>[Stack]<UL><LI>Max Depth = 472 + Unknown Stack Size
<LI>Call Chain = BUTTON_SetText &rArr; WM_InvalidateWindow &rArr; WM_InvalidateRect &rArr; WM__InvalidateDrawAndDescs &rArr;  WM__InvalidateDrawAndDescs (Cycle)
</UL>
<BR>[Calls]<UL><LI><a href="#[340935c]">&gt;&gt;</a>&nbsp;&nbsp;&nbsp;WM_InvalidateWindow
<LI><a href="#[358cb9c]">&gt;&gt;</a>&nbsp;&nbsp;&nbsp;GUI_ALLOC_UnlockH
<LI><a href="#[358cc50]">&gt;&gt;</a>&nbsp;&nbsp;&nbsp;GUI_ALLOC_LockH
<LI><a href="#[3592efc]">&gt;&gt;</a>&nbsp;&nbsp;&nbsp;GUI_Unlock
<LI><a href="#[3592f38]">&gt;&gt;</a>&nbsp;&nbsp;&nbsp;GUI_Lock
<LI><a href="#[3744fa8]">&gt;&gt;</a>&nbsp;&nbsp;&nbsp;GUI__SetText
</UL>
<BR>[Called By]<UL><LI><a href="#[6a6058]">&gt;&gt;</a>&nbsp;&nbsp;&nbsp;BUTTON_CreateIndirect
<LI><a href="#[6abecc]">&gt;&gt;</a>&nbsp;&nbsp;&nbsp;_cbBk
<LI><a href="#[6abfbc]">&gt;&gt;</a>&nbsp;&nbsp;&nbsp;AppTaskUserIF
</UL>

<P><STRONG><a name="[3951b7c]"></a>BUTTON__SetDrawObj</STRONG> (Thumb, 58 bytes, Stack size 16 bytes, button__setbitmapobj.o(i.BUTTON__SetDrawObj))
<BR><BR>[Stack]<UL><LI>Max Depth = 464 + Unknown Stack Size
<LI>Call Chain = BUTTON__SetDrawObj &rArr; WM_InvalidateWindow &rArr; WM_InvalidateRect &rArr; WM__InvalidateDrawAndDescs &rArr;  WM__InvalidateDrawAndDescs (Cycle)
</UL>
<BR>[Calls]<UL><LI><a href="#[340935c]">&gt;&gt;</a>&nbsp;&nbsp;&nbsp;WM_InvalidateWindow
<LI><a href="#[358cb9c]">&gt;&gt;</a>&nbsp;&nbsp;&nbsp;GUI_ALLOC_UnlockH
<LI><a href="#[358cc50]">&gt;&gt;</a>&nbsp;&nbsp;&nbsp;GUI_ALLOC_LockH
<LI><a href="#[358ce30]">&gt;&gt;</a>&nbsp;&nbsp;&nbsp;GUI_ALLOC_FreePtr
<LI><a href="#[3592efc]">&gt;&gt;</a>&nbsp;&nbsp;&nbsp;GUI_Unlock
<LI><a href="#[3592f38]">&gt;&gt;</a>&nbsp;&nbsp;&nbsp;GUI_Lock
</UL>
<BR>[Called By]<UL><LI><a href="#[3951bb8]">&gt;&gt;</a>&nbsp;&nbsp;&nbsp;BUTTON_SetSelfDrawEx
</UL>

<P><STRONG><a name="[6af4b4]"></a>CAN_RX1_IRQHandler</STRONG> (Thumb, 2 bytes, Stack size 0 bytes, stm32f10x_it.o(i.CAN_RX1_IRQHandler))
<BR>[Address Reference Count : 1]<UL><LI> stm32f10x_startup.o(RESET)
</UL>
<P><STRONG><a name="[6af478]"></a>CAN_SCE_IRQHandler</STRONG> (Thumb, 2 bytes, Stack size 0 bytes, stm32f10x_it.o(i.CAN_SCE_IRQHandler))
<BR>[Address Reference Count : 1]<UL><LI> stm32f10x_startup.o(RESET)
</UL>
<P><STRONG><a name="[6af43c]"></a>DMAChannel1_IRQHandler</STRONG> (Thumb, 2 bytes, Stack size 0 bytes, stm32f10x_it.o(i.DMAChannel1_IRQHandler))
<BR>[Address Reference Count : 1]<UL><LI> stm32f10x_startup.o(RESET)
</UL>
<P><STRONG><a name="[6af400]"></a>DMAChannel2_IRQHandler</STRONG> (Thumb, 2 bytes, Stack size 0 bytes, stm32f10x_it.o(i.DMAChannel2_IRQHandler))
<BR>[Address Reference Count : 1]<UL><LI> stm32f10x_startup.o(RESET)
</UL>
<P><STRONG><a name="[6af3c4]"></a>DMAChannel3_IRQHandler</STRONG> (Thumb, 2 bytes, Stack size 0 bytes, stm32f10x_it.o(i.DMAChannel3_IRQHandler))
<BR>[Address Reference Count : 1]<UL><LI> stm32f10x_startup.o(RESET)
</UL>
<P><STRONG><a name="[6af388]"></a>DMAChannel4_IRQHandler</STRONG> (Thumb, 2 bytes, Stack size 0 bytes, stm32f10x_it.o(i.DMAChannel4_IRQHandler))
<BR>[Address Reference Count : 1]<UL><LI> stm32f10x_startup.o(RESET)
</UL>
<P><STRONG><a name="[6af34c]"></a>DMAChannel5_IRQHandler</STRONG> (Thumb, 2 bytes, Stack size 0 bytes, stm32f10x_it.o(i.DMAChannel5_IRQHandler))
<BR>[Address Reference Count : 1]<UL><LI> stm32f10x_startup.o(RESET)
</UL>
<P><STRONG><a name="[6af310]"></a>DMAChannel6_IRQHandler</STRONG> (Thumb, 2 bytes, Stack size 0 bytes, stm32f10x_it.o(i.DMAChannel6_IRQHandler))
<BR>[Address Reference Count : 1]<UL><LI> stm32f10x_startup.o(RESET)
</UL>
<P><STRONG><a name="[6af2d4]"></a>DMAChannel7_IRQHandler</STRONG> (Thumb, 2 bytes, Stack size 0 bytes, stm32f10x_it.o(i.DMAChannel7_IRQHandler))
<BR>[Address Reference Count : 1]<UL><LI> stm32f10x_startup.o(RESET)
</UL>
<P><STRONG><a name="[33c6384]"></a>Delay</STRONG> (Thumb, 10 bytes, Stack size 0 bytes, lcdconf.o(i.Delay))
<BR><BR>[Called By]<UL><LI><a href="#[33c65dc]">&gt;&gt;</a>&nbsp;&nbsp;&nbsp;_InitController
</UL>

<P><STRONG><a name="[6a5ef0]"></a>EDIT_AddKey</STRONG> (Thumb, 266 bytes, Stack size 32 bytes, edit.o(i.EDIT_AddKey))
<BR><BR>[Stack]<UL><LI>Max Depth = 480 + Unknown Stack Size
<LI>Call Chain = EDIT_AddKey &rArr; WM_InvalidateWindow &rArr; WM_InvalidateRect &rArr; WM__InvalidateDrawAndDescs &rArr;  WM__InvalidateDrawAndDescs (Cycle)
</UL>
<BR>[Calls]<UL><LI><a href="#[340935c]">&gt;&gt;</a>&nbsp;&nbsp;&nbsp;WM_InvalidateWindow
<LI><a href="#[358cb9c]">&gt;&gt;</a>&nbsp;&nbsp;&nbsp;GUI_ALLOC_UnlockH
<LI><a href="#[358cc50]">&gt;&gt;</a>&nbsp;&nbsp;&nbsp;GUI_ALLOC_LockH
<LI><a href="#[3592efc]">&gt;&gt;</a>&nbsp;&nbsp;&nbsp;GUI_Unlock
<LI><a href="#[3592f38]">&gt;&gt;</a>&nbsp;&nbsp;&nbsp;GUI_Lock
<LI><a href="#[3649bb4]">&gt;&gt;</a>&nbsp;&nbsp;&nbsp;GUI_UC__NumChars2NumBytes
<LI><a href="#[3784c94]">&gt;&gt;</a>&nbsp;&nbsp;&nbsp;GUI_UC_GetCharCode
<LI><a href="#[3784dc0]">&gt;&gt;</a>&nbsp;&nbsp;&nbsp;EDIT__SetCursorPos
<LI><a href="#[3785a68]">&gt;&gt;</a>&nbsp;&nbsp;&nbsp;_InsertChar
<LI><a href="#[3785b58]">&gt;&gt;</a>&nbsp;&nbsp;&nbsp;_DeleteChar
<LI><a href="#[3785bd0]">&gt;&gt;</a>&nbsp;&nbsp;&nbsp;_ChangeCharacter
</UL>
<BR>[Called By]<UL><LI><a href="#[6abe90]">&gt;&gt;</a>&nbsp;&nbsp;&nbsp;_cbBk_PWM_CFG
<LI><a href="#[3785054]">&gt;&gt;</a>&nbsp;&nbsp;&nbsp;EDIT_Callback
</UL>

<P><STRONG><a name="[3785054]"></a>EDIT_Callback</STRONG> (Thumb, 200 bytes, Stack size 16 bytes, edit.o(i.EDIT_Callback))
<BR><BR>[Stack]<UL><LI>Max Depth = 552 + Unknown Stack Size
<LI>Call Chain = EDIT_Callback &rArr; WIDGET_HandleActive &rArr; WM__UpdateChildPositions &rArr; WM_ResizeWindow &rArr;  WM__UpdateChildPositions (Cycle)
</UL>
<BR>[Calls]<UL><LI><a href="#[6a52c0]">&gt;&gt;</a>&nbsp;&nbsp;&nbsp;WM_DefaultProc
<LI><a href="#[6a5ef0]">&gt;&gt;</a>&nbsp;&nbsp;&nbsp;EDIT_AddKey
<LI><a href="#[34092a8]">&gt;&gt;</a>&nbsp;&nbsp;&nbsp;WM_SelectWindow
<LI><a href="#[34768d8]">&gt;&gt;</a>&nbsp;&nbsp;&nbsp;WM_RestartTimer
<LI><a href="#[358cb9c]">&gt;&gt;</a>&nbsp;&nbsp;&nbsp;GUI_ALLOC_UnlockH
<LI><a href="#[358cc50]">&gt;&gt;</a>&nbsp;&nbsp;&nbsp;GUI_ALLOC_LockH
<LI><a href="#[358ce30]">&gt;&gt;</a>&nbsp;&nbsp;&nbsp;GUI_ALLOC_FreePtr
<LI><a href="#[3744e40]">&gt;&gt;</a>&nbsp;&nbsp;&nbsp;WM_NotifyParent
<LI><a href="#[3744f30]">&gt;&gt;</a>&nbsp;&nbsp;&nbsp;WIDGET_HandleActive
<LI><a href="#[3784f28]">&gt;&gt;</a>&nbsp;&nbsp;&nbsp;EDIT_SetCursorAtPixel
<LI><a href="#[3785978]">&gt;&gt;</a>&nbsp;&nbsp;&nbsp;_Paint
<LI><a href="#[3789dac]">&gt;&gt;</a>&nbsp;&nbsp;&nbsp;WM__IsEnabled
</UL>
<BR>[Address Reference Count : 1]<UL><LI> edit.o(i.EDIT_CreateUser)
</UL>
<P><STRONG><a name="[6a5eb4]"></a>EDIT_CreateIndirect</STRONG> (Thumb, 74 bytes, Stack size 48 bytes, edit_createindirect.o(i.EDIT_CreateIndirect))
<BR><BR>[Stack]<UL><LI>Max Depth = 592 + Unknown Stack Size
<LI>Call Chain = EDIT_CreateIndirect &rArr; EDIT_CreateUser &rArr; WM_CreateWindowAsChild &rArr; WM_InvalidateWindow &rArr; WM_InvalidateRect &rArr; WM__InvalidateDrawAndDescs &rArr;  WM__InvalidateDrawAndDescs (Cycle)
</UL>
<BR>[Calls]<UL><LI><a href="#[6a5dc4]">&gt;&gt;</a>&nbsp;&nbsp;&nbsp;EDIT_SetTextAlign
<LI><a href="#[3784fdc]">&gt;&gt;</a>&nbsp;&nbsp;&nbsp;EDIT_CreateUser
</UL>
<BR>[Address Reference Count : 1]<UL><LI> app.o(.constdata)
</UL>
<P><STRONG><a name="[3784fdc]"></a>EDIT_CreateUser</STRONG> (Thumb, 140 bytes, Stack size 56 bytes, edit.o(i.EDIT_CreateUser))
<BR><BR>[Stack]<UL><LI>Max Depth = 544 + Unknown Stack Size
<LI>Call Chain = EDIT_CreateUser &rArr; WM_CreateWindowAsChild &rArr; WM_InvalidateWindow &rArr; WM_InvalidateRect &rArr; WM__InvalidateDrawAndDescs &rArr;  WM__InvalidateDrawAndDescs (Cycle)
</UL>
<BR>[Calls]<UL><LI><a href="#[3409488]">&gt;&gt;</a>&nbsp;&nbsp;&nbsp;WM_DeleteWindow
<LI><a href="#[3476a40]">&gt;&gt;</a>&nbsp;&nbsp;&nbsp;WM_CreateWindowAsChild
<LI><a href="#[358cb9c]">&gt;&gt;</a>&nbsp;&nbsp;&nbsp;GUI_ALLOC_UnlockH
<LI><a href="#[358cc50]">&gt;&gt;</a>&nbsp;&nbsp;&nbsp;GUI_ALLOC_LockH
<LI><a href="#[3592efc]">&gt;&gt;</a>&nbsp;&nbsp;&nbsp;GUI_Unlock
<LI><a href="#[3592f38]">&gt;&gt;</a>&nbsp;&nbsp;&nbsp;GUI_Lock
<LI><a href="#[3744e7c]">&gt;&gt;</a>&nbsp;&nbsp;&nbsp;WIDGET__Init
<LI><a href="#[3785ae0]">&gt;&gt;</a>&nbsp;&nbsp;&nbsp;_IncrementBuffer
<LI><a href="#[3b430f4]">&gt;&gt;</a>&nbsp;&nbsp;&nbsp;__aeabi_memcpy4
</UL>
<BR>[Called By]<UL><LI><a href="#[6a5eb4]">&gt;&gt;</a>&nbsp;&nbsp;&nbsp;EDIT_CreateIndirect
</UL>

<P><STRONG><a name="[6a5e78]"></a>EDIT_GetText</STRONG> (Thumb, 94 bytes, Stack size 24 bytes, edit.o(i.EDIT_GetText))
<BR><BR>[Stack]<UL><LI>Max Depth = 96 + Unknown Stack Size
<LI>Call Chain = EDIT_GetText &rArr; GUI_Lock &rArr; GUI_X_Lock &rArr; OSSemPend &rArr; OS_Sched
</UL>
<BR>[Calls]<UL><LI><a href="#[358cb9c]">&gt;&gt;</a>&nbsp;&nbsp;&nbsp;GUI_ALLOC_UnlockH
<LI><a href="#[358cc50]">&gt;&gt;</a>&nbsp;&nbsp;&nbsp;GUI_ALLOC_LockH
<LI><a href="#[3592efc]">&gt;&gt;</a>&nbsp;&nbsp;&nbsp;GUI_Unlock
<LI><a href="#[3592f38]">&gt;&gt;</a>&nbsp;&nbsp;&nbsp;GUI_Lock
<LI><a href="#[3643cc8]">&gt;&gt;</a>&nbsp;&nbsp;&nbsp;GUI__GetNumChars
<LI><a href="#[3649bb4]">&gt;&gt;</a>&nbsp;&nbsp;&nbsp;GUI_UC__NumChars2NumBytes
<LI><a href="#[3b4352c]">&gt;&gt;</a>&nbsp;&nbsp;&nbsp;__aeabi_memcpy
</UL>
<BR>[Called By]<UL><LI><a href="#[6abe90]">&gt;&gt;</a>&nbsp;&nbsp;&nbsp;_cbBk_PWM_CFG
</UL>

<P><STRONG><a name="[3784f28]"></a>EDIT_SetCursorAtPixel</STRONG> (Thumb, 182 bytes, Stack size 32 bytes, edit.o(i.EDIT_SetCursorAtPixel))
<BR><BR>[Stack]<UL><LI>Max Depth = 480 + Unknown Stack Size
<LI>Call Chain = EDIT_SetCursorAtPixel &rArr; WM_InvalidateWindow &rArr; WM_InvalidateRect &rArr; WM__InvalidateDrawAndDescs &rArr;  WM__InvalidateDrawAndDescs (Cycle)
</UL>
<BR>[Calls]<UL><LI><a href="#[3407d90]">&gt;&gt;</a>&nbsp;&nbsp;&nbsp;GUI_GetStringDistX
<LI><a href="#[340935c]">&gt;&gt;</a>&nbsp;&nbsp;&nbsp;WM_InvalidateWindow
<LI><a href="#[34093d4]">&gt;&gt;</a>&nbsp;&nbsp;&nbsp;WM_GetWindowSizeX
<LI><a href="#[340980c]">&gt;&gt;</a>&nbsp;&nbsp;&nbsp;GUI_SetFont
<LI><a href="#[358cb9c]">&gt;&gt;</a>&nbsp;&nbsp;&nbsp;GUI_ALLOC_UnlockH
<LI><a href="#[358cc50]">&gt;&gt;</a>&nbsp;&nbsp;&nbsp;GUI_ALLOC_LockH
<LI><a href="#[3592efc]">&gt;&gt;</a>&nbsp;&nbsp;&nbsp;GUI_Unlock
<LI><a href="#[3592f38]">&gt;&gt;</a>&nbsp;&nbsp;&nbsp;GUI_Lock
<LI><a href="#[3643cc8]">&gt;&gt;</a>&nbsp;&nbsp;&nbsp;GUI__GetNumChars
<LI><a href="#[3784b2c]">&gt;&gt;</a>&nbsp;&nbsp;&nbsp;GUI__GetCursorPosChar
<LI><a href="#[3784dc0]">&gt;&gt;</a>&nbsp;&nbsp;&nbsp;EDIT__SetCursorPos
</UL>
<BR>[Called By]<UL><LI><a href="#[3785054]">&gt;&gt;</a>&nbsp;&nbsp;&nbsp;EDIT_Callback
</UL>

<P><STRONG><a name="[6a5e3c]"></a>EDIT_SetDecMode</STRONG> (Thumb, 106 bytes, Stack size 32 bytes, editdec.o(i.EDIT_SetDecMode))
<BR><BR>[Stack]<UL><LI>Max Depth = 480 + Unknown Stack Size
<LI>Call Chain = EDIT_SetDecMode &rArr; WM_InvalidateWindow &rArr; WM_InvalidateRect &rArr; WM__InvalidateDrawAndDescs &rArr;  WM__InvalidateDrawAndDescs (Cycle)
</UL>
<BR>[Calls]<UL><LI><a href="#[340935c]">&gt;&gt;</a>&nbsp;&nbsp;&nbsp;WM_InvalidateWindow
<LI><a href="#[358cb9c]">&gt;&gt;</a>&nbsp;&nbsp;&nbsp;GUI_ALLOC_UnlockH
<LI><a href="#[358cc50]">&gt;&gt;</a>&nbsp;&nbsp;&nbsp;GUI_ALLOC_LockH
<LI><a href="#[3592efc]">&gt;&gt;</a>&nbsp;&nbsp;&nbsp;GUI_Unlock
<LI><a href="#[3592f38]">&gt;&gt;</a>&nbsp;&nbsp;&nbsp;GUI_Lock
<LI><a href="#[3784028]">&gt;&gt;</a>&nbsp;&nbsp;&nbsp;_UpdateBuffer
<LI><a href="#[3784dc0]">&gt;&gt;</a>&nbsp;&nbsp;&nbsp;EDIT__SetCursorPos
<LI><a href="#[3784dfc]">&gt;&gt;</a>&nbsp;&nbsp;&nbsp;EDIT__GetCurrentChar
</UL>
<BR>[Called By]<UL><LI><a href="#[6abfbc]">&gt;&gt;</a>&nbsp;&nbsp;&nbsp;AppTaskUserIF
</UL>

<P><STRONG><a name="[6a5e00]"></a>EDIT_SetMaxLen</STRONG> (Thumb, 110 bytes, Stack size 24 bytes, edit.o(i.EDIT_SetMaxLen))
<BR><BR>[Stack]<UL><LI>Max Depth = 472 + Unknown Stack Size
<LI>Call Chain = EDIT_SetMaxLen &rArr; WM_InvalidateWindow &rArr; WM_InvalidateRect &rArr; WM__InvalidateDrawAndDescs &rArr;  WM__InvalidateDrawAndDescs (Cycle)
</UL>
<BR>[Calls]<UL><LI><a href="#[340935c]">&gt;&gt;</a>&nbsp;&nbsp;&nbsp;WM_InvalidateWindow
<LI><a href="#[358cb9c]">&gt;&gt;</a>&nbsp;&nbsp;&nbsp;GUI_ALLOC_UnlockH
<LI><a href="#[358cc50]">&gt;&gt;</a>&nbsp;&nbsp;&nbsp;GUI_ALLOC_LockH
<LI><a href="#[3592efc]">&gt;&gt;</a>&nbsp;&nbsp;&nbsp;GUI_Unlock
<LI><a href="#[3592f38]">&gt;&gt;</a>&nbsp;&nbsp;&nbsp;GUI_Lock
<LI><a href="#[3643cc8]">&gt;&gt;</a>&nbsp;&nbsp;&nbsp;GUI__GetNumChars
<LI><a href="#[3649bb4]">&gt;&gt;</a>&nbsp;&nbsp;&nbsp;GUI_UC__NumChars2NumBytes
<LI><a href="#[3785ae0]">&gt;&gt;</a>&nbsp;&nbsp;&nbsp;_IncrementBuffer
</UL>
<BR>[Called By]<UL><LI><a href="#[6abfbc]">&gt;&gt;</a>&nbsp;&nbsp;&nbsp;AppTaskUserIF
</UL>

<P><STRONG><a name="[6a5dc4]"></a>EDIT_SetTextAlign</STRONG> (Thumb, 42 bytes, Stack size 16 bytes, edit.o(i.EDIT_SetTextAlign))
<BR><BR>[Stack]<UL><LI>Max Depth = 464 + Unknown Stack Size
<LI>Call Chain = EDIT_SetTextAlign &rArr; WM_InvalidateWindow &rArr; WM_InvalidateRect &rArr; WM__InvalidateDrawAndDescs &rArr;  WM__InvalidateDrawAndDescs (Cycle)
</UL>
<BR>[Calls]<UL><LI><a href="#[340935c]">&gt;&gt;</a>&nbsp;&nbsp;&nbsp;WM_InvalidateWindow
<LI><a href="#[358cb9c]">&gt;&gt;</a>&nbsp;&nbsp;&nbsp;GUI_ALLOC_UnlockH
<LI><a href="#[358cc50]">&gt;&gt;</a>&nbsp;&nbsp;&nbsp;GUI_ALLOC_LockH
<LI><a href="#[3592efc]">&gt;&gt;</a>&nbsp;&nbsp;&nbsp;GUI_Unlock
<LI><a href="#[3592f38]">&gt;&gt;</a>&nbsp;&nbsp;&nbsp;GUI_Lock
</UL>
<BR>[Called By]<UL><LI><a href="#[6a5eb4]">&gt;&gt;</a>&nbsp;&nbsp;&nbsp;EDIT_CreateIndirect
<LI><a href="#[6a62ec]">&gt;&gt;</a>&nbsp;&nbsp;&nbsp;InitDialog
</UL>

<P><STRONG><a name="[3784e38]"></a>EDIT_SetValue</STRONG> (Thumb, 6 bytes, Stack size 0 bytes, edit.o(i.EDIT_SetValue))
<BR><BR>[Stack]<UL><LI>Max Depth = 464 + Unknown Stack Size
<LI>Call Chain = EDIT_SetValue &rArr; _SetValue &rArr; WM_InvalidateWindow &rArr; WM_InvalidateRect &rArr; WM__InvalidateDrawAndDescs &rArr;  WM__InvalidateDrawAndDescs (Cycle)
</UL>
<BR>[Calls]<UL><LI><a href="#[3784dc0]">&gt;&gt;</a>&nbsp;&nbsp;&nbsp;EDIT__SetCursorPos
<LI><a href="#[3785900]">&gt;&gt;</a>&nbsp;&nbsp;&nbsp;_SetValue
</UL>
<BR>[Called By]<UL><LI><a href="#[3784118]">&gt;&gt;</a>&nbsp;&nbsp;&nbsp;_MakePositive
<LI><a href="#[3784190]">&gt;&gt;</a>&nbsp;&nbsp;&nbsp;_MakeNegative
<LI><a href="#[3784280]">&gt;&gt;</a>&nbsp;&nbsp;&nbsp;_EditDec
<LI><a href="#[3784370]">&gt;&gt;</a>&nbsp;&nbsp;&nbsp;_AddPosition
</UL>

<P><STRONG><a name="[3784dfc]"></a>EDIT__GetCurrentChar</STRONG> (Thumb, 38 bytes, Stack size 16 bytes, edit.o(i.EDIT__GetCurrentChar))
<BR><BR>[Stack]<UL><LI>Max Depth = 96 + Unknown Stack Size
<LI>Call Chain = EDIT__GetCurrentChar &rArr; GUI_UC_GetCharCode &rArr; GUI_Lock &rArr; GUI_X_Lock &rArr; OSSemPend &rArr; OS_Sched
</UL>
<BR>[Calls]<UL><LI><a href="#[358cb9c]">&gt;&gt;</a>&nbsp;&nbsp;&nbsp;GUI_ALLOC_UnlockH
<LI><a href="#[358cc50]">&gt;&gt;</a>&nbsp;&nbsp;&nbsp;GUI_ALLOC_LockH
<LI><a href="#[3649bb4]">&gt;&gt;</a>&nbsp;&nbsp;&nbsp;GUI_UC__NumChars2NumBytes
<LI><a href="#[3784c94]">&gt;&gt;</a>&nbsp;&nbsp;&nbsp;GUI_UC_GetCharCode
</UL>
<BR>[Called By]<UL><LI><a href="#[6a5e3c]">&gt;&gt;</a>&nbsp;&nbsp;&nbsp;EDIT_SetDecMode
<LI><a href="#[3784208]">&gt;&gt;</a>&nbsp;&nbsp;&nbsp;_IncrementCursor
<LI><a href="#[37843e8]">&gt;&gt;</a>&nbsp;&nbsp;&nbsp;_AddKeyDec
</UL>

<P><STRONG><a name="[3784dc0]"></a>EDIT__SetCursorPos</STRONG> (Thumb, 78 bytes, Stack size 16 bytes, edit.o(i.EDIT__SetCursorPos))
<BR><BR>[Stack]<UL><LI>Max Depth = 56<LI>Call Chain = EDIT__SetCursorPos &rArr; GUI__GetNumChars &rArr; GUI_UC__GetCharCodeInc
</UL>
<BR>[Calls]<UL><LI><a href="#[358cb9c]">&gt;&gt;</a>&nbsp;&nbsp;&nbsp;GUI_ALLOC_UnlockH
<LI><a href="#[358cc50]">&gt;&gt;</a>&nbsp;&nbsp;&nbsp;GUI_ALLOC_LockH
<LI><a href="#[3643cc8]">&gt;&gt;</a>&nbsp;&nbsp;&nbsp;GUI__GetNumChars
</UL>
<BR>[Called By]<UL><LI><a href="#[6a5e3c]">&gt;&gt;</a>&nbsp;&nbsp;&nbsp;EDIT_SetDecMode
<LI><a href="#[6a5ef0]">&gt;&gt;</a>&nbsp;&nbsp;&nbsp;EDIT_AddKey
<LI><a href="#[3784208]">&gt;&gt;</a>&nbsp;&nbsp;&nbsp;_IncrementCursor
<LI><a href="#[37843e8]">&gt;&gt;</a>&nbsp;&nbsp;&nbsp;_AddKeyDec
<LI><a href="#[3784e38]">&gt;&gt;</a>&nbsp;&nbsp;&nbsp;EDIT_SetValue
<LI><a href="#[3784f28]">&gt;&gt;</a>&nbsp;&nbsp;&nbsp;EDIT_SetCursorAtPixel
</UL>

<P><STRONG><a name="[6af298]"></a>EXTI0_IRQHandler</STRONG> (Thumb, 2 bytes, Stack size 0 bytes, stm32f10x_it.o(i.EXTI0_IRQHandler))
<BR>[Address Reference Count : 1]<UL><LI> stm32f10x_startup.o(RESET)
</UL>
<P><STRONG><a name="[6af25c]"></a>EXTI15_10_IRQHandler</STRONG> (Thumb, 2 bytes, Stack size 0 bytes, stm32f10x_it.o(i.EXTI15_10_IRQHandler))
<BR>[Address Reference Count : 1]<UL><LI> stm32f10x_startup.o(RESET)
</UL>
<P><STRONG><a name="[6af220]"></a>EXTI1_IRQHandler</STRONG> (Thumb, 2 bytes, Stack size 0 bytes, stm32f10x_it.o(i.EXTI1_IRQHandler))
<BR>[Address Reference Count : 1]<UL><LI> stm32f10x_startup.o(RESET)
</UL>
<P><STRONG><a name="[6af1e4]"></a>EXTI2_IRQHandler</STRONG> (Thumb, 2 bytes, Stack size 0 bytes, stm32f10x_it.o(i.EXTI2_IRQHandler))
<BR>[Address Reference Count : 1]<UL><LI> stm32f10x_startup.o(RESET)
</UL>
<P><STRONG><a name="[6af1a8]"></a>EXTI3_IRQHandler</STRONG> (Thumb, 2 bytes, Stack size 0 bytes, stm32f10x_it.o(i.EXTI3_IRQHandler))
<BR>[Address Reference Count : 1]<UL><LI> stm32f10x_startup.o(RESET)
</UL>
<P><STRONG><a name="[6af16c]"></a>EXTI4_IRQHandler</STRONG> (Thumb, 2 bytes, Stack size 0 bytes, stm32f10x_it.o(i.EXTI4_IRQHandler))
<BR>[Address Reference Count : 1]<UL><LI> stm32f10x_startup.o(RESET)
</UL>
<P><STRONG><a name="[6af130]"></a>EXTI9_5_IRQHandler</STRONG> (Thumb, 2 bytes, Stack size 0 bytes, stm32f10x_it.o(i.EXTI9_5_IRQHandler))
<BR>[Address Reference Count : 1]<UL><LI> stm32f10x_startup.o(RESET)
</UL>
<P><STRONG><a name="[6af0f4]"></a>FLASH_IRQHandler</STRONG> (Thumb, 2 bytes, Stack size 0 bytes, stm32f10x_it.o(i.FLASH_IRQHandler))
<BR>[Address Reference Count : 1]<UL><LI> stm32f10x_startup.o(RESET)
</UL>
<P><STRONG><a name="[3782390]"></a>FRAMEWIN_AddButton</STRONG> (Thumb, 120 bytes, Stack size 64 bytes, framewin_button.o(i.FRAMEWIN_AddButton))
<BR><BR>[Stack]<UL><LI>Max Depth = 688 + Unknown Stack Size
<LI>Call Chain = FRAMEWIN_AddButton &rArr; BUTTON_CreateAsChild &rArr; BUTTON_CreateEx &rArr; BUTTON_CreateUser &rArr; WM_CreateWindowAsChild &rArr; WM_InvalidateWindow &rArr; WM_InvalidateRect &rArr; WM__InvalidateDrawAndDescs &rArr;  WM__InvalidateDrawAndDescs (Cycle)
</UL>
<BR>[Calls]<UL><LI><a href="#[6a6094]">&gt;&gt;</a>&nbsp;&nbsp;&nbsp;BUTTON_CreateAsChild
<LI><a href="#[3409e9c]">&gt;&gt;</a>&nbsp;&nbsp;&nbsp;BUTTON_SetFocussable
<LI><a href="#[3592efc]">&gt;&gt;</a>&nbsp;&nbsp;&nbsp;GUI_Unlock
<LI><a href="#[3592f38]">&gt;&gt;</a>&nbsp;&nbsp;&nbsp;GUI_Lock
<LI><a href="#[3782cf0]">&gt;&gt;</a>&nbsp;&nbsp;&nbsp;FRAMEWIN__CalcPositions
<LI><a href="#[394f200]">&gt;&gt;</a>&nbsp;&nbsp;&nbsp;FRAMEWIN_GetTitleHeight
<LI><a href="#[394f23c]">&gt;&gt;</a>&nbsp;&nbsp;&nbsp;FRAMEWIN_GetBorderSize
</UL>
<BR>[Called By]<UL><LI><a href="#[6a5d10]">&gt;&gt;</a>&nbsp;&nbsp;&nbsp;FRAMEWIN_AddMinButton
<LI><a href="#[6a5d4c]">&gt;&gt;</a>&nbsp;&nbsp;&nbsp;FRAMEWIN_AddMaxButton
<LI><a href="#[6a5d88]">&gt;&gt;</a>&nbsp;&nbsp;&nbsp;FRAMEWIN_AddCloseButton
</UL>

<P><STRONG><a name="[6a5d88]"></a>FRAMEWIN_AddCloseButton</STRONG> (Thumb, 30 bytes, Stack size 8 bytes, framewin_buttonclose.o(i.FRAMEWIN_AddCloseButton))
<BR><BR>[Stack]<UL><LI>Max Depth = 696 + Unknown Stack Size
<LI>Call Chain = FRAMEWIN_AddCloseButton &rArr; FRAMEWIN_AddButton &rArr; BUTTON_CreateAsChild &rArr; BUTTON_CreateEx &rArr; BUTTON_CreateUser &rArr; WM_CreateWindowAsChild &rArr; WM_InvalidateWindow &rArr; WM_InvalidateRect &rArr; WM__InvalidateDrawAndDescs &rArr;  WM__InvalidateDrawAndDescs (Cycle)
</UL>
<BR>[Calls]<UL><LI><a href="#[6a5194]">&gt;&gt;</a>&nbsp;&nbsp;&nbsp;WM_SetCallback
<LI><a href="#[3782390]">&gt;&gt;</a>&nbsp;&nbsp;&nbsp;FRAMEWIN_AddButton
<LI><a href="#[37823cc]">&gt;&gt;</a>&nbsp;&nbsp;&nbsp;BUTTON_SetSelfDraw
</UL>
<BR>[Called By]<UL><LI><a href="#[6a62ec]">&gt;&gt;</a>&nbsp;&nbsp;&nbsp;InitDialog
</UL>

<P><STRONG><a name="[6a5d4c]"></a>FRAMEWIN_AddMaxButton</STRONG> (Thumb, 30 bytes, Stack size 8 bytes, framewin_buttonmax.o(i.FRAMEWIN_AddMaxButton))
<BR><BR>[Stack]<UL><LI>Max Depth = 696 + Unknown Stack Size
<LI>Call Chain = FRAMEWIN_AddMaxButton &rArr; FRAMEWIN_AddButton &rArr; BUTTON_CreateAsChild &rArr; BUTTON_CreateEx &rArr; BUTTON_CreateUser &rArr; WM_CreateWindowAsChild &rArr; WM_InvalidateWindow &rArr; WM_InvalidateRect &rArr; WM__InvalidateDrawAndDescs &rArr;  WM__InvalidateDrawAndDescs (Cycle)
</UL>
[...]
<LI><a href="#[3409398]">&gt;&gt;</a>&nbsp;&nbsp;&nbsp;WM_GetWindowSizeY
<LI><a href="#[34093d4]">&gt;&gt;</a>&nbsp;&nbsp;&nbsp;WM_GetWindowSizeX
<LI><a href="#[358cb9c]">&gt;&gt;</a>&nbsp;&nbsp;&nbsp;GUI_ALLOC_UnlockH
<LI><a href="#[358cc50]">&gt;&gt;</a>&nbsp;&nbsp;&nbsp;GUI_ALLOC_LockH
<LI><a href="#[3592e0c]">&gt;&gt;</a>&nbsp;&nbsp;&nbsp;WM__InitIVRSearch
<LI><a href="#[3592ec0]">&gt;&gt;</a>&nbsp;&nbsp;&nbsp;WM__GetNextIVR
<LI><a href="#[3648d68]">&gt;&gt;</a>&nbsp;&nbsp;&nbsp;WM_SetUserClipRect
<LI><a href="#[364ed08]">&gt;&gt;</a>&nbsp;&nbsp;&nbsp;LCD_SetColor
<LI><a href="#[3782cf0]">&gt;&gt;</a>&nbsp;&nbsp;&nbsp;FRAMEWIN__CalcPositions
<LI><a href="#[398b400]">&gt;&gt;</a>&nbsp;&nbsp;&nbsp;WIDGET_EFFECT_3D_DrawUp
</UL>
<BR>[Address Reference Count : 1]<UL><LI> framewin_skinclassic.o(.constdata)
</UL>
<P><STRONG><a name="[3986978]"></a>_Create</STRONG> (Thumb, 2 bytes, Stack size 0 bytes, progbar_skinclassic.o(i._Create))
<BR>[Address Reference Count : 1]<UL><LI> progbar_skinclassic.o(.constdata)
</UL>
<P><STRONG><a name="[3986900]"></a>_DrawPart</STRONG> (Thumb, 56 bytes, Stack size 24 bytes, progbar_skinclassic.o(i._DrawPart))
<BR><BR>[Stack]<UL><LI>Max Depth = 224 + Unknown Stack Size
<LI>Call Chain = _DrawPart &rArr; GUI_DispString &rArr; GUI__DispLine &rArr; WM__InitIVRSearch &rArr; WM__GetNextIVR &rArr; _FindNext_IVR &rArr; _Findx0 &rArr;  _Findx0 (Cycle)
</UL>
<BR>[Calls]<UL><LI><a href="#[6a5a40]">&gt;&gt;</a>&nbsp;&nbsp;&nbsp;GUI_Clear
<LI><a href="#[34062d8]">&gt;&gt;</a>&nbsp;&nbsp;&nbsp;GUI_GotoXY
<LI><a href="#[3596e80]">&gt;&gt;</a>&nbsp;&nbsp;&nbsp;GUI_DispString
<LI><a href="#[364ed08]">&gt;&gt;</a>&nbsp;&nbsp;&nbsp;LCD_SetColor
<LI><a href="#[364ed44]">&gt;&gt;</a>&nbsp;&nbsp;&nbsp;LCD_SetBkColor
</UL>
<BR>[Called By]<UL><LI><a href="#[3986888]">&gt;&gt;</a>&nbsp;&nbsp;&nbsp;_Paint
</UL>

<P><STRONG><a name="[3986888]"></a>_Paint</STRONG> (Thumb, 256 bytes, Stack size 56 bytes, progbar_skinclassic.o(i._Paint))
<BR><BR>[Stack]<UL><LI>Max Depth = 280 + Unknown Stack Size
<LI>Call Chain = _Paint &rArr; _DrawPart &rArr; GUI_DispString &rArr; GUI__DispLine &rArr; WM__InitIVRSearch &rArr; WM__GetNextIVR &rArr; _FindNext_IVR &rArr; _Findx0 &rArr;  _Findx0 (Cycle)
</UL>
<BR>[Calls]<UL><LI><a href="#[34097d0]">&gt;&gt;</a>&nbsp;&nbsp;&nbsp;GUI_SetTextMode
<LI><a href="#[340980c]">&gt;&gt;</a>&nbsp;&nbsp;&nbsp;GUI_SetFont
<LI><a href="#[358cb9c]">&gt;&gt;</a>&nbsp;&nbsp;&nbsp;GUI_ALLOC_UnlockH
<LI><a href="#[358cc50]">&gt;&gt;</a>&nbsp;&nbsp;&nbsp;GUI_ALLOC_LockH
<LI><a href="#[3648d68]">&gt;&gt;</a>&nbsp;&nbsp;&nbsp;WM_SetUserClipRect
<LI><a href="#[377d50c]">&gt;&gt;</a>&nbsp;&nbsp;&nbsp;WIDGET__EFFECT_DrawDownRect
<LI><a href="#[377d584]">&gt;&gt;</a>&nbsp;&nbsp;&nbsp;GUI__ReduceRect
<LI><a href="#[3788c54]">&gt;&gt;</a>&nbsp;&nbsp;&nbsp;WM_GetClientRect
<LI><a href="#[37f2c3c]">&gt;&gt;</a>&nbsp;&nbsp;&nbsp;PROGBAR__Value2Pos
<LI><a href="#[37f2c78]">&gt;&gt;</a>&nbsp;&nbsp;&nbsp;PROGBAR__GetTextRect
<LI><a href="#[37f2cb4]">&gt;&gt;</a>&nbsp;&nbsp;&nbsp;PROGBAR__GetTextLocked
<LI><a href="#[3986900]">&gt;&gt;</a>&nbsp;&nbsp;&nbsp;_DrawPart
</UL>
<BR>[Address Reference Count : 1]<UL><LI> progbar_skinclassic.o(.constdata)
</UL>
<P><STRONG><a name="[3983cf0]"></a>_Create</STRONG> (Thumb, 2 bytes, Stack size 0 bytes, slider_skinclassic.o(i._Create))
<BR>[Address Reference Count : 1]<UL><LI> slider_skinclassic.o(.constdata)
</UL>
<P><STRONG><a name="[3983c78]"></a>_Paint</STRONG> (Thumb, 304 bytes, Stack size 64 bytes, slider_skinclassic.o(i._Paint))
<BR><BR>[Stack]<UL><LI>Max Depth = 256 + Unknown Stack Size
<LI>Call Chain = _Paint &rArr; WIDGET__DrawVLine &rArr; GUI_DrawHLine &rArr; WM__InitIVRSearch &rArr; WM__GetNextIVR &rArr; _FindNext_IVR &rArr; _Findx0 &rArr;  _Findx0 (Cycle)
</UL>
<BR>[Calls]<UL><LI><a href="#[6a5a40]">&gt;&gt;</a>&nbsp;&nbsp;&nbsp;GUI_Clear
<LI><a href="#[358cb9c]">&gt;&gt;</a>&nbsp;&nbsp;&nbsp;GUI_ALLOC_UnlockH
<LI><a href="#[358cc50]">&gt;&gt;</a>&nbsp;&nbsp;&nbsp;GUI_ALLOC_LockH
<LI><a href="#[364ed08]">&gt;&gt;</a>&nbsp;&nbsp;&nbsp;LCD_SetColor
<LI><a href="#[364ed44]">&gt;&gt;</a>&nbsp;&nbsp;&nbsp;LCD_SetBkColor
<LI><a href="#[377d50c]">&gt;&gt;</a>&nbsp;&nbsp;&nbsp;WIDGET__EFFECT_DrawDownRect
<LI><a href="#[377d584]">&gt;&gt;</a>&nbsp;&nbsp;&nbsp;GUI__ReduceRect
<LI><a href="#[37f9dac]">&gt;&gt;</a>&nbsp;&nbsp;&nbsp;WIDGET__GetClientRect
<LI><a href="#[382924c]">&gt;&gt;</a>&nbsp;&nbsp;&nbsp;WM_GetHasTrans
<LI><a href="#[3832d38]">&gt;&gt;</a>&nbsp;&nbsp;&nbsp;WIDGET__FillRectEx
<LI><a href="#[3832d74]">&gt;&gt;</a>&nbsp;&nbsp;&nbsp;WIDGET__EFFECT_DrawUpRect
<LI><a href="#[3832db0]">&gt;&gt;</a>&nbsp;&nbsp;&nbsp;WIDGET__DrawVLine
<LI><a href="#[3832e28]">&gt;&gt;</a>&nbsp;&nbsp;&nbsp;WIDGET__DrawFocusRect
</UL>
<BR>[Address Reference Count : 1]<UL><LI> slider_skinclassic.o(.constdata)
</UL>
<P><STRONG><a name="[3981eb4]"></a>_DrawDown</STRONG> (Thumb, 16 bytes, Stack size 16 bytes, widget_effect_3d.o(i._DrawDown))
<BR><BR>[Stack]<UL><LI>Max Depth = 208 + Unknown Stack Size
<LI>Call Chain = _DrawDown &rArr; _DrawDownRect &rArr; GUI_DrawHLine &rArr; WM__InitIVRSearch &rArr; WM__GetNextIVR &rArr; _FindNext_IVR &rArr; _Findx0 &rArr;  _Findx0 (Cycle)
</UL>
<BR>[Calls]<UL><LI><a href="#[3788c54]">&gt;&gt;</a>&nbsp;&nbsp;&nbsp;WM_GetClientRect
<LI><a href="#[3981e3c]">&gt;&gt;</a>&nbsp;&nbsp;&nbsp;_DrawDownRect
</UL>
<BR>[Address Reference Count : 1]<UL><LI> widget_effect_3d.o(.constdata)
</UL>
<P><STRONG><a name="[3981e3c]"></a>_DrawDownRect</STRONG> (Thumb, 144 bytes, Stack size 24 bytes, widget_effect_3d.o(i._DrawDownRect))
<BR><BR>[Stack]<UL><LI>Max Depth = 192 + Unknown Stack Size
<LI>Call Chain = _DrawDownRect &rArr; GUI_DrawHLine &rArr; WM__InitIVRSearch &rArr; WM__GetNextIVR &rArr; _FindNext_IVR &rArr; _Findx0 &rArr;  _Findx0 (Cycle)
</UL>
<BR>[Calls]<UL><LI><a href="#[3406404]">&gt;&gt;</a>&nbsp;&nbsp;&nbsp;GUI_DrawHLine
<LI><a href="#[3596e08]">&gt;&gt;</a>&nbsp;&nbsp;&nbsp;GUI_DrawVLine
<LI><a href="#[364ed08]">&gt;&gt;</a>&nbsp;&nbsp;&nbsp;LCD_SetColor
</UL>
<BR>[Called By]<UL><LI><a href="#[3981eb4]">&gt;&gt;</a>&nbsp;&nbsp;&nbsp;_DrawDown
</UL>
<BR>[Address Reference Count : 1]<UL><LI> widget_effect_3d.o(.constdata)
</UL>
<P><STRONG><a name="[3981dc4]"></a>_DrawUpRect</STRONG> (Thumb, 100 bytes, Stack size 24 bytes, widget_effect_3d.o(i._DrawUpRect))
<BR><BR>[Stack]<UL><LI>Max Depth = 192 + Unknown Stack Size
<LI>Call Chain = _DrawUpRect &rArr; GUI_DrawHLine &rArr; WM__InitIVRSearch &rArr; WM__GetNextIVR &rArr; _FindNext_IVR &rArr; _Findx0 &rArr;  _Findx0 (Cycle)
</UL>
<BR>[Calls]<UL><LI><a href="#[3406404]">&gt;&gt;</a>&nbsp;&nbsp;&nbsp;GUI_DrawHLine
<LI><a href="#[3596e08]">&gt;&gt;</a>&nbsp;&nbsp;&nbsp;GUI_DrawVLine
<LI><a href="#[3596e44]">&gt;&gt;</a>&nbsp;&nbsp;&nbsp;GUI_DrawRect
<LI><a href="#[364ed08]">&gt;&gt;</a>&nbsp;&nbsp;&nbsp;LCD_SetColor
</UL>
<BR>[Called By]<UL><LI><a href="#[398b400]">&gt;&gt;</a>&nbsp;&nbsp;&nbsp;WIDGET_EFFECT_3D_DrawUp
</UL>
<BR>[Address Reference Count : 1]<UL><LI> widget_effect_3d.o(.constdata)
</UL>
<P><STRONG><a name="[397e890]"></a>_cbInvalidateOne</STRONG> (Thumb, 4 bytes, Stack size 0 bytes, wm_bringtotop.o(i._cbInvalidateOne))
<BR><BR>[Stack]<UL><LI>Max Depth = 448 + Unknown Stack Size
<LI>Call Chain = _cbInvalidateOne &rArr; WM_InvalidateWindow &rArr; WM_InvalidateRect &rArr; WM__InvalidateDrawAndDescs &rArr;  WM__InvalidateDrawAndDescs (Cycle)
</UL>
<BR>[Calls]<UL><LI><a href="#[340935c]">&gt;&gt;</a>&nbsp;&nbsp;&nbsp;WM_InvalidateWindow
</UL>
<BR>[Address Reference Count : 1]<UL><LI> wm_bringtotop.o(i.WM_BringToTop)
</UL>
<P><STRONG><a name="[39d3130]"></a>_GetDialogItem</STRONG> (Thumb, 80 bytes, Stack size 24 bytes, wm_getscrollbar.o(i._GetDialogItem))
<BR><BR>[Stack]<UL><LI>Max Depth = 136 + Unknown Stack Size
 + In Cycle
<LI>Call Chain = _GetDialogItem &rArr;  _GetDialogItem (Cycle)
</UL>
<BR>[Calls]<UL><LI><a href="#[6a520c]">&gt;&gt;</a>&nbsp;&nbsp;&nbsp;WM_GetId
<LI><a href="#[358cb60]">&gt;&gt;</a>&nbsp;&nbsp;&nbsp;GUI_ALLOC_h2p
<LI><a href="#[39d3130]">&gt;&gt;</a>&nbsp;&nbsp;&nbsp;_GetDialogItem
</UL>
<BR>[Called By]<UL><LI><a href="#[377d368]">&gt;&gt;</a>&nbsp;&nbsp;&nbsp;WM_GetScrollbarV
<LI><a href="#[377d3a4]">&gt;&gt;</a>&nbsp;&nbsp;&nbsp;WM_GetScrollbarH
<LI><a href="#[39d3130]">&gt;&gt;</a>&nbsp;&nbsp;&nbsp;_GetDialogItem
</UL>

<P><STRONG><a name="[39d1858]"></a>_MoveDescendents</STRONG> (Thumb, 68 bytes, Stack size 24 bytes, wm_move.o(i._MoveDescendents))
<BR><BR>[Stack]<UL><LI>Max Depth = 64 + In Cycle
<LI>Call Chain = _MoveDescendents &rArr;  _MoveDescendents (Cycle)
</UL>
<BR>[Calls]<UL><LI><a href="#[34e9768]">&gt;&gt;</a>&nbsp;&nbsp;&nbsp;GUI_MoveRect
<LI><a href="#[358cb60]">&gt;&gt;</a>&nbsp;&nbsp;&nbsp;GUI_ALLOC_h2p
<LI><a href="#[382f840]">&gt;&gt;</a>&nbsp;&nbsp;&nbsp;WM__SendMsgNoData
<LI><a href="#[39d1858]">&gt;&gt;</a>&nbsp;&nbsp;&nbsp;_MoveDescendents
</UL>
<BR>[Called By]<UL><LI><a href="#[39d1510]">&gt;&gt;</a>&nbsp;&nbsp;&nbsp;WM__MoveWindow
<LI><a href="#[39d1858]">&gt;&gt;</a>&nbsp;&nbsp;&nbsp;_MoveDescendents
</UL>

<P><STRONG><a name="[39cffbc]"></a>WM__ReleaseCapture</STRONG> (Thumb, 26 bytes, Stack size 24 bytes, wm_setcapture.o(i.WM__ReleaseCapture))
<BR><BR>[Stack]<UL><LI>Max Depth = 40<LI>Call Chain = WM__ReleaseCapture &rArr; WM__SendMessage &rArr;  WM_DefaultProc (Cycle)
</UL>
<BR>[Calls]<UL><LI><a href="#[3782930]">&gt;&gt;</a>&nbsp;&nbsp;&nbsp;WM__SendMessage
</UL>
<BR>[Called By]<UL><LI><a href="#[37ed908]">&gt;&gt;</a>&nbsp;&nbsp;&nbsp;WM_SetCapture
<LI><a href="#[382bad8]">&gt;&gt;</a>&nbsp;&nbsp;&nbsp;WM_ReleaseCapture
</UL>

<P><STRONG><a name="[39cf6d4]"></a>_GetNextChild</STRONG> (Thumb, 34 bytes, Stack size 16 bytes, wm_setfocusonnextchild.o(i._GetNextChild))
<BR><BR>[Stack]<UL><LI>Max Depth = 16<LI>Call Chain = _GetNextChild
</UL>
<BR>[Calls]<UL><LI><a href="#[358cb60]">&gt;&gt;</a>&nbsp;&nbsp;&nbsp;GUI_ALLOC_h2p
</UL>
<BR>[Called By]<UL><LI><a href="#[3788330]">&gt;&gt;</a>&nbsp;&nbsp;&nbsp;WM_SetFocusOnNextChild
</UL>

<P><STRONG><a name="[39cf224]"></a>_GetPrevChild</STRONG> (Thumb, 26 bytes, Stack size 8 bytes, wm_setfocusonprevchild.o(i._GetPrevChild))
<BR><BR>[Stack]<UL><LI>Max Depth = 112 + Unknown Stack Size
<LI>Call Chain = _GetPrevChild &rArr; WM__GetPrevSibling &rArr; WM__GetFirstSibling &rArr; WM_GetParent &rArr; GUI_Lock &rArr; GUI_X_Lock &rArr; OSSemPend &rArr; OS_Sched
</UL>
<BR>[Calls]<UL><LI><a href="#[382f1ec]">&gt;&gt;</a>&nbsp;&nbsp;&nbsp;WM__GetPrevSibling
<LI><a href="#[39cefcc]">&gt;&gt;</a>&nbsp;&nbsp;&nbsp;WM__GetLastSibling
</UL>
<BR>[Called By]<UL><LI><a href="#[3782a5c]">&gt;&gt;</a>&nbsp;&nbsp;&nbsp;WM_SetFocusOnPrevChild
</UL>

<P><STRONG><a name="[39cddfc]"></a>_OnExit</STRONG> (Thumb, 36 bytes, Stack size 8 bytes, gui__alpha.o(i._OnExit))
<BR><BR>[Stack]<UL><LI>Max Depth = 8<LI>Call Chain = _OnExit
</UL>
<BR>[Calls]<UL><LI><a href="#[3590aa8]">&gt;&gt;</a>&nbsp;&nbsp;&nbsp;GUI_ALLOC_FreeFixedBlock
</UL>
<BR>[Address Reference Count : 1]<UL><LI> gui__alpha.o(i.GUI__GetAlphaBuffer)
</UL>
<P><STRONG><a name="[39cb264]"></a>_Color2Index_0</STRONG> (Thumb, 84 bytes, Stack size 32 bytes, guicc_0.o(i._Color2Index_0))
<BR><BR>[Stack]<UL><LI>Max Depth = 48<LI>Call Chain = _Color2Index_0 &rArr; LCD_GetNumColors &rArr; _GetDevProp
</UL>
<BR>[Calls]<UL><LI><a href="#[36846f8]">&gt;&gt;</a>&nbsp;&nbsp;&nbsp;LCD_GetPalette
<LI><a href="#[3684770]">&gt;&gt;</a>&nbsp;&nbsp;&nbsp;LCD_GetNumColors
<LI><a href="#[39cadb4]">&gt;&gt;</a>&nbsp;&nbsp;&nbsp;GUI_CalcColorDist
</UL>
<BR>[Address Reference Count : 1]<UL><LI> guicc_0.o(.constdata)
</UL>
<P><STRONG><a name="[39cb1ec]"></a>_GetIndexMask_0</STRONG> (Thumb, 82 bytes, Stack size 8 bytes, guicc_0.o(i._GetIndexMask_0))
<BR><BR>[Stack]<UL><LI>Max Depth = 24<LI>Call Chain = _GetIndexMask_0 &rArr; LCD_GetNumColors &rArr; _GetDevProp
</UL>
<BR>[Calls]<UL><LI><a href="#[3684770]">&gt;&gt;</a>&nbsp;&nbsp;&nbsp;LCD_GetNumColors
</UL>
<BR>[Address Reference Count : 1]<UL><LI> guicc_0.o(.constdata)
</UL>
<P><STRONG><a name="[39cb174]"></a>_Index2Color_0</STRONG> (Thumb, 32 bytes, Stack size 16 bytes, guicc_0.o(i._Index2Color_0))
<BR><BR>[Stack]<UL><LI>Max Depth = 32<LI>Call Chain = _Index2Color_0 &rArr; LCD_GetNumColors &rArr; _GetDevProp
</UL>
<BR>[Calls]<UL><LI><a href="#[36846f8]">&gt;&gt;</a>&nbsp;&nbsp;&nbsp;LCD_GetPalette
<LI><a href="#[3684770]">&gt;&gt;</a>&nbsp;&nbsp;&nbsp;LCD_GetNumColors
</UL>
<BR>[Address Reference Count : 1]<UL><LI> guicc_0.o(.constdata)
</UL>
<P><STRONG><a name="[3a472d4]"></a>_Draw</STRONG> (Thumb, 24 bytes, Stack size 16 bytes, gui_draw_self.o(i._Draw))
<BR><BR>[Stack]<UL><LI>Max Depth = 16<LI>Call Chain = _Draw
</UL>
<BR>[Calls]<UL><LI><a href="#[358cb9c]">&gt;&gt;</a>&nbsp;&nbsp;&nbsp;GUI_ALLOC_UnlockH
<LI><a href="#[358cc50]">&gt;&gt;</a>&nbsp;&nbsp;&nbsp;GUI_ALLOC_LockH
</UL>
<BR>[Address Reference Count : 1]<UL><LI> gui_draw_self.o(.constdata)
</UL>
<P><STRONG><a name="[3a4725c]"></a>_GetXSize</STRONG> (Thumb, 4 bytes, Stack size 0 bytes, gui_draw_self.o(i._GetXSize))
<BR>[Address Reference Count : 1]<UL><LI> gui_draw_self.o(.constdata)
</UL>
<P><STRONG><a name="[3a471e4]"></a>_GetYSize</STRONG> (Thumb, 4 bytes, Stack size 0 bytes, gui_draw_self.o(i._GetYSize))
<BR>[Address Reference Count : 1]<UL><LI> gui_draw_self.o(.constdata)
</UL>
<P><STRONG><a name="[3a46c44]"></a>_Create</STRONG> (Thumb, 2 bytes, Stack size 0 bytes, header_skinclassic.o(i._Create))
<BR>[Address Reference Count : 1]<UL><LI> header_skinclassic.o(.constdata)
</UL>
<P><STRONG><a name="[3a46bcc]"></a>_DrawTriangle</STRONG> (Thumb, 36 bytes, Stack size 24 bytes, header_skinclassic.o(i._DrawTriangle))
<BR><BR>[Stack]<UL><LI>Max Depth = 192 + Unknown Stack Size
<LI>Call Chain = _DrawTriangle &rArr; GUI_DrawHLine &rArr; WM__InitIVRSearch &rArr; WM__GetNextIVR &rArr; _FindNext_IVR &rArr; _Findx0 &rArr;  _Findx0 (Cycle)
</UL>
<BR>[Calls]<UL><LI><a href="#[3406404]">&gt;&gt;</a>&nbsp;&nbsp;&nbsp;GUI_DrawHLine
</UL>
<BR>[Called By]<UL><LI><a href="#[3a46b54]">&gt;&gt;</a>&nbsp;&nbsp;&nbsp;_Paint
</UL>

<P><STRONG><a name="[3a46b54]"></a>_Paint</STRONG> (Thumb, 600 bytes, Stack size 72 bytes, header_skinclassic.o(i._Paint))
<BR><BR>[Stack]<UL><LI>Max Depth = 264 + Unknown Stack Size
<LI>Call Chain = _Paint &rArr; _DrawTriangle &rArr; GUI_DrawHLine &rArr; WM__InitIVRSearch &rArr; WM__GetNextIVR &rArr; _FindNext_IVR &rArr; _Findx0 &rArr;  _Findx0 (Cycle)
</UL>
<BR>[Calls]<UL><LI><a href="#[6a5a40]">&gt;&gt;</a>&nbsp;&nbsp;&nbsp;GUI_Clear
<LI><a href="#[34097d0]">&gt;&gt;</a>&nbsp;&nbsp;&nbsp;GUI_SetTextMode
<LI><a href="#[340980c]">&gt;&gt;</a>&nbsp;&nbsp;&nbsp;GUI_SetFont
<LI><a href="#[34e9a38]">&gt;&gt;</a>&nbsp;&nbsp;&nbsp;GUI_DispStringInRect
<LI><a href="#[358cb9c]">&gt;&gt;</a>&nbsp;&nbsp;&nbsp;GUI_ALLOC_UnlockH
<LI><a href="#[358cc50]">&gt;&gt;</a>&nbsp;&nbsp;&nbsp;GUI_ALLOC_LockH
<LI><a href="#[3648d68]">&gt;&gt;</a>&nbsp;&nbsp;&nbsp;WM_SetUserClipRect
<LI><a href="#[3648e1c]">&gt;&gt;</a>&nbsp;&nbsp;&nbsp;GUI_GetClientRect
<LI><a href="#[364ed08]">&gt;&gt;</a>&nbsp;&nbsp;&nbsp;LCD_SetColor
<LI><a href="#[364ed44]">&gt;&gt;</a>&nbsp;&nbsp;&nbsp;LCD_SetBkColor
<LI><a href="#[377d6b0]">&gt;&gt;</a>&nbsp;&nbsp;&nbsp;GUI_ARRAY_GetNumItems
<LI><a href="#[3789e24]">&gt;&gt;</a>&nbsp;&nbsp;&nbsp;GUI_DRAW__Draw
<LI><a href="#[37f92e4]">&gt;&gt;</a>&nbsp;&nbsp;&nbsp;GUI_DRAW__GetYSize
<LI><a href="#[37f9320]">&gt;&gt;</a>&nbsp;&nbsp;&nbsp;GUI_DRAW__GetXSize
<LI><a href="#[37f9e60]">&gt;&gt;</a>&nbsp;&nbsp;&nbsp;GUI_ARRAY_GetpItemLocked
<LI><a href="#[3832d74]">&gt;&gt;</a>&nbsp;&nbsp;&nbsp;WIDGET__EFFECT_DrawUpRect
<LI><a href="#[3a46bcc]">&gt;&gt;</a>&nbsp;&nbsp;&nbsp;_DrawTriangle
</UL>
<BR>[Address Reference Count : 1]<UL><LI> header_skinclassic.o(.constdata)
</UL>
<P><STRONG><a name="[3a40e0c]"></a>_CalcPositions</STRONG> (Thumb, 300 bytes, Stack size 48 bytes, scrollbar_skinclassic.o(i._CalcPositions))
<BR><BR>[Stack]<UL><LI>Max Depth = 200 + Unknown Stack Size
<LI>Call Chain = _CalcPositions &rArr; WM_GetScrollbarV &rArr; _GetDialogItem &rArr;  _GetDialogItem (Cycle)
</UL>
<BR>[Calls]<UL><LI><a href="#[34e9768]">&gt;&gt;</a>&nbsp;&nbsp;&nbsp;GUI_MoveRect
<LI><a href="#[358cb9c]">&gt;&gt;</a>&nbsp;&nbsp;&nbsp;GUI_ALLOC_UnlockH
<LI><a href="#[358cc50]">&gt;&gt;</a>&nbsp;&nbsp;&nbsp;GUI_ALLOC_LockH
<LI><a href="#[37463d0]">&gt;&gt;</a>&nbsp;&nbsp;&nbsp;GUI__DivideRound32
<LI><a href="#[374730c]">&gt;&gt;</a>&nbsp;&nbsp;&nbsp;WM_GetWindowRectEx
<LI><a href="#[377d368]">&gt;&gt;</a>&nbsp;&nbsp;&nbsp;WM_GetScrollbarV
<LI><a href="#[377d3a4]">&gt;&gt;</a>&nbsp;&nbsp;&nbsp;WM_GetScrollbarH
<LI><a href="#[37ef1e0]">&gt;&gt;</a>&nbsp;&nbsp;&nbsp;SCROLLBAR__Rect2VRect
<LI><a href="#[3832c84]">&gt;&gt;</a>&nbsp;&nbsp;&nbsp;WIDGET__GetYSize
<LI><a href="#[3832cc0]">&gt;&gt;</a>&nbsp;&nbsp;&nbsp;WIDGET__GetXSize
</UL>
<BR>[Address Reference Count : 1]<UL><LI> scrollbar_skinclassic.o(i._Create)
</UL>
<P><STRONG><a name="[3a40d94]"></a>_Create</STRONG> (Thumb, 26 bytes, Stack size 8 bytes, scrollbar_skinclassic.o(i._Create))
<BR><BR>[Stack]<UL><LI>Max Depth = 472 + Unknown Stack Size
<LI>Call Chain = _Create &rArr; WM_SetHasTrans &rArr; WM_InvalidateWindow &rArr; WM_InvalidateRect &rArr; WM__InvalidateDrawAndDescs &rArr;  WM__InvalidateDrawAndDescs (Cycle)
</UL>
<BR>[Calls]<UL><LI><a href="#[34028f4]">&gt;&gt;</a>&nbsp;&nbsp;&nbsp;WM_SetHasTrans
<LI><a href="#[358cb9c]">&gt;&gt;</a>&nbsp;&nbsp;&nbsp;GUI_ALLOC_UnlockH
<LI><a href="#[358cc50]">&gt;&gt;</a>&nbsp;&nbsp;&nbsp;GUI_ALLOC_LockH
</UL>
<BR>[Address Reference Count : 1]<UL><LI> scrollbar_skinclassic.o(.constdata)
</UL>
<P><STRONG><a name="[3a40d1c]"></a>_Paint</STRONG> (Thumb, 356 bytes, Stack size 72 bytes, scrollbar_skinclassic.o(i._Paint))
<BR><BR>[Stack]<UL><LI>Max Depth = 264 + Unknown Stack Size
<LI>Call Chain = _Paint &rArr; WIDGET__DrawTriangle &rArr; GUI_DrawHLine &rArr; WM__InitIVRSearch &rArr; WM__GetNextIVR &rArr; _FindNext_IVR &rArr; _Findx0 &rArr;  _Findx0 (Cycle)
</UL>
<BR>[Calls]<UL><LI><a href="#[358cb9c]">&gt;&gt;</a>&nbsp;&nbsp;&nbsp;GUI_ALLOC_UnlockH
<LI><a href="#[358cc50]">&gt;&gt;</a>&nbsp;&nbsp;&nbsp;GUI_ALLOC_LockH
<LI><a href="#[364ed08]">&gt;&gt;</a>&nbsp;&nbsp;&nbsp;LCD_SetColor
<LI><a href="#[37ee6a0]">&gt;&gt;</a>&nbsp;&nbsp;&nbsp;WIDGET__DrawTriangle
<LI><a href="#[37f9dac]">&gt;&gt;</a>&nbsp;&nbsp;&nbsp;WIDGET__GetClientRect
<LI><a href="#[3832d38]">&gt;&gt;</a>&nbsp;&nbsp;&nbsp;WIDGET__FillRectEx
<LI><a href="#[3832d74]">&gt;&gt;</a>&nbsp;&nbsp;&nbsp;WIDGET__EFFECT_DrawUpRect
</UL>
<BR>[Address Reference Count : 1]<UL><LI> scrollbar_skinclassic.o(.constdata)
</UL>
<P><STRONG><a name="[3a3e364]"></a>_Screen2hWin</STRONG> (Thumb, 78 bytes, Stack size 32 bytes, wm_screen2win.o(i._Screen2hWin))
<BR><BR>[Stack]<UL><LI>Max Depth = 32 + In Cycle
<LI>Call Chain = _Screen2hWin &rArr;  _Screen2hWin (Cycle)
</UL>
<BR>[Calls]<UL><LI><a href="#[358cb60]">&gt;&gt;</a>&nbsp;&nbsp;&nbsp;GUI_ALLOC_h2p
<LI><a href="#[3a3dfa4]">&gt;&gt;</a>&nbsp;&nbsp;&nbsp;WM__IsInWindow
<LI><a href="#[3a3e364]">&gt;&gt;</a>&nbsp;&nbsp;&nbsp;_Screen2hWin
</UL>
<BR>[Called By]<UL><LI><a href="#[3a3e2ec]">&gt;&gt;</a>&nbsp;&nbsp;&nbsp;_Screen2hWinStop
<LI><a href="#[3a3e364]">&gt;&gt;</a>&nbsp;&nbsp;&nbsp;_Screen2hWin
</UL>

<P><STRONG><a name="[3a3e2ec]"></a>_Screen2hWinStop</STRONG> (Thumb, 14 bytes, Stack size 0 bytes, wm_screen2win.o(i._Screen2hWinStop))
<BR><BR>[Stack]<UL><LI>Max Depth = 32<LI>Call Chain = _Screen2hWinStop &rArr; _Screen2hWin &rArr;  _Screen2hWin (Cycle)
</UL>
<BR>[Calls]<UL><LI><a href="#[3a3e364]">&gt;&gt;</a>&nbsp;&nbsp;&nbsp;_Screen2hWin
</UL>
<BR>[Called By]<UL><LI><a href="#[39ce108]">&gt;&gt;</a>&nbsp;&nbsp;&nbsp;WM_Screen2hWin
</UL>
<P>
<H3>
Undefined Global Symbols
</H3><HR></body></html>
