<html>
<body>
<pre>
<h1>µVision3 Build Log</h1>
<h2>Project:</h2>
C:\Users\Administrator\Desktop\PWMOuter\APP\STM32-FD-emWin.uv2
Project File Date:  12/31/2011

<h2>Output:</h2>
Build target 'Flash'
assembling stm32f10x_startup.s...
compiling app.c...
app.c(69): warning:  #550-D: variable "os_err" was set but never used
compiling stm32f10x_it.c...
compiling bsp.c...
compiling misc.c...
compiling stm32f10x_fsmc.c...
compiling stm32f10x_gpio.c...
compiling stm32f10x_rcc.c...
compiling stm32f10x_spi.c...
compiling os_cpu_c.c...
compiling os_dbg.c...
assembling os_cpu_a.asm...
assembling cpu_a.asm...
compiling os_core.c...
compiling os_flag.c...
compiling os_mbox.c...
compiling os_mem.c...
compiling os_mutex.c...
compiling os_q.c...
compiling os_sem.c...
compiling os_task.c...
compiling os_time.c...
compiling os_tmr.c...
compiling GUI_X_Touch.c...
compiling GUI_X_uCOS.c...
compiling LCDConf.c...
compiling GUIConf.c...
compiling GUIDEMO.c...
compiling GUIDEMO_Automotive.c...
compiling GUIDEMO_BarGraph.c...
compiling GUIDEMO_Bitmap.c...
compiling GUIDEMO_ColorBar.c...
compiling GUIDEMO_Conf.c...
compiling GUIDEMO_Cursor.c...
compiling GUIDEMO_Fading.c...
compiling GUIDEMO_Graph.c...
compiling GUIDEMO_IconView.c...
compiling GUIDEMO_ImageFlow.c...
compiling GUIDEMO_Intro.c...
compiling GUIDEMO_Listview.c...
compiling GUIDEMO_Resource.c...
compiling GUIDEMO_Skinning.c...
compiling GUIDEMO_Speed.c...
compiling GUIDEMO_Speedometer.c...
compiling GUIDEMO_TransparentDialog.c...
compiling GUIDEMO_Treeview.c...
compiling GUIDEMO_VScreen.c...
compiling GUIDEMO_WashingMachine.c...
compiling GUIDEMO_ZoomAndRotate.c...
compiling core_cm3.c...
compiling system_stm32f10x.c...
compiling hwhb_32.c...
linking...
Program Size: Code=151654 RO-data=332990 RW-data=4668 ZI-data=45292  
FromELF: creating hex file...
"..\ObjFlash\STM32-FD-emWin.axf" - 0 Error(s), 1 Warning(s).
